Archive member included to satisfy reference by file (symbol)

c:/program files (x86)/gnu arm embedded toolchain/10 2021.10/bin/../lib/gcc/arm-none-eabi/10.3.1/thumb/v7e-m+fp/hard\libgcc.a(_arm_truncdfsf2.o)
                              bin/am_util_stdio.o (__aeabi_d2f)
../../../bsp/gcc/bin/libam_bsp.a(am_bsp.o)
                              bin/ios_fifo_host.o (am_bsp_low_power_init)
../../../bsp/gcc/bin/libam_bsp.a(am_bsp_pins.o)
                              ../../../bsp/gcc/bin/libam_bsp.a(am_bsp.o) (g_AM_BSP_GPIO_ITM_SWO)
../../../../../mcu/apollo3/hal/gcc/bin/libam_hal.a(am_hal_cachectrl.o)
                              bin/ios_fifo_host.o (am_hal_cachectrl_config)
../../../../../mcu/apollo3/hal/gcc/bin/libam_hal.a(am_hal_clkgen.o)
                              bin/ios_fifo_host.o (am_hal_clkgen_control)
../../../../../mcu/apollo3/hal/gcc/bin/libam_hal.a(am_hal_flash.o)
                              bin/am_util_delay.o (am_hal_flash_delay)
../../../../../mcu/apollo3/hal/gcc/bin/libam_hal.a(am_hal_gpio.o)
                              bin/ios_fifo_host.o (am_hal_gpio_pinconfig)
../../../../../mcu/apollo3/hal/gcc/bin/libam_hal.a(am_hal_interrupt.o)
                              bin/ios_fifo_host.o (am_hal_interrupt_master_enable)
../../../../../mcu/apollo3/hal/gcc/bin/libam_hal.a(am_hal_iom.o)
                              bin/ios_fifo_host.o (am_hal_iom_initialize)
../../../../../mcu/apollo3/hal/gcc/bin/libam_hal.a(am_hal_itm.o)
                              ../../../bsp/gcc/bin/libam_bsp.a(am_bsp.o) (am_hal_itm_enable)
../../../../../mcu/apollo3/hal/gcc/bin/libam_hal.a(am_hal_pwrctrl.o)
                              ../../../../../mcu/apollo3/hal/gcc/bin/libam_hal.a(am_hal_iom.o) (am_hal_pwrctrl_periph_enable)
../../../../../mcu/apollo3/hal/gcc/bin/libam_hal.a(am_hal_reset.o)
                              ../../../../../mcu/apollo3/hal/gcc/bin/libam_hal.a(am_hal_clkgen.o) (gAmHalResetStatus)
../../../../../mcu/apollo3/hal/gcc/bin/libam_hal.a(am_hal_rtc.o)
                              ../../../bsp/gcc/bin/libam_bsp.a(am_bsp.o) (am_hal_rtc_osc_disable)
../../../../../mcu/apollo3/hal/gcc/bin/libam_hal.a(am_hal_sysctrl.o)
                              bin/ios_fifo_host.o (am_hal_sysctrl_sleep)
../../../../../mcu/apollo3/hal/gcc/bin/libam_hal.a(am_hal_tpiu.o)
                              ../../../bsp/gcc/bin/libam_bsp.a(am_bsp.o) (am_hal_tpiu_enable)
../../../../../mcu/apollo3/hal/gcc/bin/libam_hal.a(am_hal_uart.o)
                              ../../../bsp/gcc/bin/libam_bsp.a(am_bsp.o) (am_hal_uart_initialize)
../../../../../mcu/apollo3/hal/gcc/bin/libam_hal.a(am_hal_cmdq.o)
                              ../../../../../mcu/apollo3/hal/gcc/bin/libam_hal.a(am_hal_iom.o) (am_hal_cmdq_init)
../../../../../mcu/apollo3/hal/gcc/bin/libam_hal.a(am_hal_queue.o)
                              ../../../../../mcu/apollo3/hal/gcc/bin/libam_hal.a(am_hal_uart.o) (am_hal_queue_init)

Discarded input sections

 .text          0x00000000        0x0 bin/ios_fifo_host.o
 .data          0x00000000        0x0 bin/ios_fifo_host.o
 .bss           0x00000000        0x0 bin/ios_fifo_host.o
 .text          0x00000000        0x0 bin/am_util_delay.o
 .data          0x00000000        0x0 bin/am_util_delay.o
 .bss           0x00000000        0x0 bin/am_util_delay.o
 .text.am_util_delay_cycles
                0x00000000       0x14 bin/am_util_delay.o
 .text.am_util_delay_us
                0x00000000       0x38 bin/am_util_delay.o
 .text          0x00000000        0x0 bin/am_util_stdio.o
 .data          0x00000000        0x0 bin/am_util_stdio.o
 .bss           0x00000000        0x0 bin/am_util_stdio.o
 .text.am_util_stdio_strtoul
                0x00000000       0xfe bin/am_util_stdio.o
 .text.am_util_stdio_textmode_set
                0x00000000       0x28 bin/am_util_stdio.o
 .text.am_util_stdio_sprintf
                0x00000000       0x26 bin/am_util_stdio.o
 .text          0x00000000        0x0 bin/startup_gcc.o
 .data          0x00000000        0x0 bin/startup_gcc.o
 .bss           0x00000000        0x0 bin/startup_gcc.o
 .data          0x00000000        0x0 c:/program files (x86)/gnu arm embedded toolchain/10 2021.10/bin/../lib/gcc/arm-none-eabi/10.3.1/thumb/v7e-m+fp/hard\libgcc.a(_arm_truncdfsf2.o)
 .bss           0x00000000        0x0 c:/program files (x86)/gnu arm embedded toolchain/10 2021.10/bin/../lib/gcc/arm-none-eabi/10.3.1/thumb/v7e-m+fp/hard\libgcc.a(_arm_truncdfsf2.o)
 .text          0x00000000        0x0 ../../../bsp/gcc/bin/libam_bsp.a(am_bsp.o)
 .data          0x00000000        0x0 ../../../bsp/gcc/bin/libam_bsp.a(am_bsp.o)
 .bss           0x00000000        0x0 ../../../bsp/gcc/bin/libam_bsp.a(am_bsp.o)
 .text.am_bsp_uart_string_print
                0x00000000       0x4c ../../../bsp/gcc/bin/libam_bsp.a(am_bsp.o)
 .text.am_bsp_debug_printf_enable
                0x00000000       0xe8 ../../../bsp/gcc/bin/libam_bsp.a(am_bsp.o)
 .text.am_bsp_debug_printf_disable
                0x00000000       0x6c ../../../bsp/gcc/bin/libam_bsp.a(am_bsp.o)
 .text.am_bsp_itm_printf_disable
                0x00000000       0x20 ../../../bsp/gcc/bin/libam_bsp.a(am_bsp.o)
 .text.am_bsp_iom_pins_disable
                0x00000000      0x1b4 ../../../bsp/gcc/bin/libam_bsp.a(am_bsp.o)
 .text.am_bsp_mspi_pins_enable
                0x00000000      0x130 ../../../bsp/gcc/bin/libam_bsp.a(am_bsp.o)
 .text.am_bsp_mspi_pins_disable
                0x00000000      0x138 ../../../bsp/gcc/bin/libam_bsp.a(am_bsp.o)
 .text.am_bsp_ios_pins_enable
                0x00000000       0x68 ../../../bsp/gcc/bin/libam_bsp.a(am_bsp.o)
 .text.am_bsp_ios_pins_disable
                0x00000000       0x50 ../../../bsp/gcc/bin/libam_bsp.a(am_bsp.o)
 .text.am_bsp_com_uart_transfer
                0x00000000       0x10 ../../../bsp/gcc/bin/libam_bsp.a(am_bsp.o)
 .text.am_bsp_uart_printf_enable
                0x00000000       0x5c ../../../bsp/gcc/bin/libam_bsp.a(am_bsp.o)
 .text.am_bsp_uart_printf_disable
                0x00000000       0x44 ../../../bsp/gcc/bin/libam_bsp.a(am_bsp.o)
 .text.am_bsp_buffered_uart_printf_enable
                0x00000000       0x64 ../../../bsp/gcc/bin/libam_bsp.a(am_bsp.o)
 .text.am_bsp_buffered_uart_service
                0x00000000       0x2c ../../../bsp/gcc/bin/libam_bsp.a(am_bsp.o)
 .bss.am_bsp_uart_pwrsave
                0x00000000       0x18 ../../../bsp/gcc/bin/libam_bsp.a(am_bsp.o)
 .bss.g_sCOMUART
                0x00000000        0x4 ../../../bsp/gcc/bin/libam_bsp.a(am_bsp.o)
 .bss.pui8UartRxBuffer
                0x00000000      0x400 ../../../bsp/gcc/bin/libam_bsp.a(am_bsp.o)
 .bss.pui8UartTxBuffer
                0x00000000      0x400 ../../../bsp/gcc/bin/libam_bsp.a(am_bsp.o)
 .data.am_bsp_psButtons
                0x00000000       0x30 ../../../bsp/gcc/bin/libam_bsp.a(am_bsp.o)
 .data.g_sBspUartBufferedConfig
                0x00000000       0x28 ../../../bsp/gcc/bin/libam_bsp.a(am_bsp.o)
 .rodata.g_sBspUartConfig
                0x00000000       0x28 ../../../bsp/gcc/bin/libam_bsp.a(am_bsp.o)
 .text          0x00000000        0x0 ../../../bsp/gcc/bin/libam_bsp.a(am_bsp_pins.o)
 .data          0x00000000        0x0 ../../../bsp/gcc/bin/libam_bsp.a(am_bsp_pins.o)
 .bss           0x00000000        0x0 ../../../bsp/gcc/bin/libam_bsp.a(am_bsp_pins.o)
 .rodata.g_AM_BSP_GPIO_BUTTON0
                0x00000000        0x4 ../../../bsp/gcc/bin/libam_bsp.a(am_bsp_pins.o)
 .rodata.g_AM_BSP_GPIO_BUTTON1
                0x00000000        0x4 ../../../bsp/gcc/bin/libam_bsp.a(am_bsp_pins.o)
 .rodata.g_AM_BSP_GPIO_BUTTON2
                0x00000000        0x4 ../../../bsp/gcc/bin/libam_bsp.a(am_bsp_pins.o)
 .rodata.g_AM_BSP_GPIO_COM_UART_CTS
                0x00000000        0x4 ../../../bsp/gcc/bin/libam_bsp.a(am_bsp_pins.o)
 .rodata.g_AM_BSP_GPIO_COM_UART_RTS
                0x00000000        0x4 ../../../bsp/gcc/bin/libam_bsp.a(am_bsp_pins.o)
 .rodata.g_AM_BSP_GPIO_COM_UART_RX
                0x00000000        0x4 ../../../bsp/gcc/bin/libam_bsp.a(am_bsp_pins.o)
 .rodata.g_AM_BSP_GPIO_COM_UART_TX
                0x00000000        0x4 ../../../bsp/gcc/bin/libam_bsp.a(am_bsp_pins.o)
 .rodata.g_AM_BSP_GPIO_IOM0_CS3
                0x00000000        0x4 ../../../bsp/gcc/bin/libam_bsp.a(am_bsp_pins.o)
 .rodata.g_AM_BSP_GPIO_IOS_CE
                0x00000000        0x4 ../../../bsp/gcc/bin/libam_bsp.a(am_bsp_pins.o)
 .rodata.g_AM_BSP_GPIO_IOS_MISO
                0x00000000        0x4 ../../../bsp/gcc/bin/libam_bsp.a(am_bsp_pins.o)
 .rodata.g_AM_BSP_GPIO_IOS_MOSI
                0x00000000        0x4 ../../../bsp/gcc/bin/libam_bsp.a(am_bsp_pins.o)
 .rodata.g_AM_BSP_GPIO_IOS_SCK
                0x00000000        0x4 ../../../bsp/gcc/bin/libam_bsp.a(am_bsp_pins.o)
 .rodata.g_AM_BSP_GPIO_IOS_SCL
                0x00000000        0x4 ../../../bsp/gcc/bin/libam_bsp.a(am_bsp_pins.o)
 .rodata.g_AM_BSP_GPIO_IOS_SDA
                0x00000000        0x4 ../../../bsp/gcc/bin/libam_bsp.a(am_bsp_pins.o)
 .rodata.g_AM_BSP_GPIO_LED0
                0x00000000        0x4 ../../../bsp/gcc/bin/libam_bsp.a(am_bsp_pins.o)
 .rodata.g_AM_BSP_GPIO_LED1
                0x00000000        0x4 ../../../bsp/gcc/bin/libam_bsp.a(am_bsp_pins.o)
 .rodata.g_AM_BSP_GPIO_LED2
                0x00000000        0x4 ../../../bsp/gcc/bin/libam_bsp.a(am_bsp_pins.o)
 .rodata.g_AM_BSP_GPIO_LED3
                0x00000000        0x4 ../../../bsp/gcc/bin/libam_bsp.a(am_bsp_pins.o)
 .rodata.g_AM_BSP_GPIO_LED4
                0x00000000        0x4 ../../../bsp/gcc/bin/libam_bsp.a(am_bsp_pins.o)
 .rodata.g_AM_BSP_GPIO_MSPI_CE0
                0x00000000        0x4 ../../../bsp/gcc/bin/libam_bsp.a(am_bsp_pins.o)
 .rodata.g_AM_BSP_GPIO_MSPI_CE1
                0x00000000        0x4 ../../../bsp/gcc/bin/libam_bsp.a(am_bsp_pins.o)
 .rodata.g_AM_BSP_GPIO_MSPI_D0
                0x00000000        0x4 ../../../bsp/gcc/bin/libam_bsp.a(am_bsp_pins.o)
 .rodata.g_AM_BSP_GPIO_MSPI_D1
                0x00000000        0x4 ../../../bsp/gcc/bin/libam_bsp.a(am_bsp_pins.o)
 .rodata.g_AM_BSP_GPIO_MSPI_D2
                0x00000000        0x4 ../../../bsp/gcc/bin/libam_bsp.a(am_bsp_pins.o)
 .rodata.g_AM_BSP_GPIO_MSPI_D3
                0x00000000        0x4 ../../../bsp/gcc/bin/libam_bsp.a(am_bsp_pins.o)
 .rodata.g_AM_BSP_GPIO_MSPI_D4
                0x00000000        0x4 ../../../bsp/gcc/bin/libam_bsp.a(am_bsp_pins.o)
 .rodata.g_AM_BSP_GPIO_MSPI_D5
                0x00000000        0x4 ../../../bsp/gcc/bin/libam_bsp.a(am_bsp_pins.o)
 .rodata.g_AM_BSP_GPIO_MSPI_D6
                0x00000000        0x4 ../../../bsp/gcc/bin/libam_bsp.a(am_bsp_pins.o)
 .rodata.g_AM_BSP_GPIO_MSPI_D7
                0x00000000        0x4 ../../../bsp/gcc/bin/libam_bsp.a(am_bsp_pins.o)
 .rodata.g_AM_BSP_GPIO_MSPI_SCK
                0x00000000        0x4 ../../../bsp/gcc/bin/libam_bsp.a(am_bsp_pins.o)
 .rodata.g_AM_BSP_GPIO_PDMCLK
                0x00000000        0x4 ../../../bsp/gcc/bin/libam_bsp.a(am_bsp_pins.o)
 .rodata.g_AM_BSP_GPIO_PDM_DATA
                0x00000000        0x4 ../../../bsp/gcc/bin/libam_bsp.a(am_bsp_pins.o)
 .rodata.g_AM_BSP_GPIO_SCARD_SCCCLK
                0x00000000        0x4 ../../../bsp/gcc/bin/libam_bsp.a(am_bsp_pins.o)
 .rodata.g_AM_BSP_GPIO_SCARD_SCCIO
                0x00000000        0x4 ../../../bsp/gcc/bin/libam_bsp.a(am_bsp_pins.o)
 .rodata.g_AM_BSP_GPIO_SCARD_SCCRST
                0x00000000        0x4 ../../../bsp/gcc/bin/libam_bsp.a(am_bsp_pins.o)
 .rodata.g_AM_BSP_GPIO_SWDCK
                0x00000000        0x4 ../../../bsp/gcc/bin/libam_bsp.a(am_bsp_pins.o)
 .rodata.g_AM_BSP_GPIO_SWDIO
                0x00000000        0x4 ../../../bsp/gcc/bin/libam_bsp.a(am_bsp_pins.o)
 .rodata.g_AM_BSP_GPIO_UART_CTS
                0x00000000        0x4 ../../../bsp/gcc/bin/libam_bsp.a(am_bsp_pins.o)
 .rodata.g_AM_BSP_GPIO_UART_RTS
                0x00000000        0x4 ../../../bsp/gcc/bin/libam_bsp.a(am_bsp_pins.o)
 .rodata.g_AM_BSP_GPIO_UART_RX
                0x00000000        0x4 ../../../bsp/gcc/bin/libam_bsp.a(am_bsp_pins.o)
 .rodata.g_AM_BSP_GPIO_UART_TX
                0x00000000        0x4 ../../../bsp/gcc/bin/libam_bsp.a(am_bsp_pins.o)
 .text          0x00000000        0x0 ../../../../../mcu/apollo3/hal/gcc/bin/libam_hal.a(am_hal_cachectrl.o)
 .data          0x00000000        0x0 ../../../../../mcu/apollo3/hal/gcc/bin/libam_hal.a(am_hal_cachectrl.o)
 .bss           0x00000000        0x0 ../../../../../mcu/apollo3/hal/gcc/bin/libam_hal.a(am_hal_cachectrl.o)
 .text.am_hal_cachectrl_disable
                0x00000000       0x30 ../../../../../mcu/apollo3/hal/gcc/bin/libam_hal.a(am_hal_cachectrl.o)
 .text.am_hal_cachectrl_status_get
                0x00000000       0x28 ../../../../../mcu/apollo3/hal/gcc/bin/libam_hal.a(am_hal_cachectrl.o)
 .text          0x00000000        0x0 ../../../../../mcu/apollo3/hal/gcc/bin/libam_hal.a(am_hal_clkgen.o)
 .data          0x00000000        0x0 ../../../../../mcu/apollo3/hal/gcc/bin/libam_hal.a(am_hal_clkgen.o)
 .bss           0x00000000        0x0 ../../../../../mcu/apollo3/hal/gcc/bin/libam_hal.a(am_hal_clkgen.o)
 .text.am_hal_clkgen_clkout_enable
                0x00000000       0x48 ../../../../../mcu/apollo3/hal/gcc/bin/libam_hal.a(am_hal_clkgen.o)
 .text.am_hal_clkgen_interrupt_enable
                0x00000000       0x1c ../../../../../mcu/apollo3/hal/gcc/bin/libam_hal.a(am_hal_clkgen.o)
 .text.am_hal_clkgen_interrupt_disable
                0x00000000       0x20 ../../../../../mcu/apollo3/hal/gcc/bin/libam_hal.a(am_hal_clkgen.o)
 .text.am_hal_clkgen_interrupt_clear
                0x00000000       0x18 ../../../../../mcu/apollo3/hal/gcc/bin/libam_hal.a(am_hal_clkgen.o)
 .text.am_hal_clkgen_interrupt_status_get
                0x00000000       0x1c ../../../../../mcu/apollo3/hal/gcc/bin/libam_hal.a(am_hal_clkgen.o)
 .text.am_hal_clkgen_interrupt_set
                0x00000000       0x18 ../../../../../mcu/apollo3/hal/gcc/bin/libam_hal.a(am_hal_clkgen.o)
 .text          0x00000000        0x0 ../../../../../mcu/apollo3/hal/gcc/bin/libam_hal.a(am_hal_flash.o)
 .data          0x00000000        0x0 ../../../../../mcu/apollo3/hal/gcc/bin/libam_hal.a(am_hal_flash.o)
 .bss           0x00000000        0x0 ../../../../../mcu/apollo3/hal/gcc/bin/libam_hal.a(am_hal_flash.o)
 .text.am_hal_flash_mass_erase
                0x00000000        0x8 ../../../../../mcu/apollo3/hal/gcc/bin/libam_hal.a(am_hal_flash.o)
 .text.am_hal_flash_page_erase
                0x00000000        0x8 ../../../../../mcu/apollo3/hal/gcc/bin/libam_hal.a(am_hal_flash.o)
 .text.am_hal_flash_program_main
                0x00000000       0x5c ../../../../../mcu/apollo3/hal/gcc/bin/libam_hal.a(am_hal_flash.o)
 .text.am_hal_flash_clear_bits
                0x00000000       0x20 ../../../../../mcu/apollo3/hal/gcc/bin/libam_hal.a(am_hal_flash.o)
 .text.am_hal_flash_program_info
                0x00000000       0x68 ../../../../../mcu/apollo3/hal/gcc/bin/libam_hal.a(am_hal_flash.o)
 .text.am_hal_flash_erase_info
                0x00000000        0x8 ../../../../../mcu/apollo3/hal/gcc/bin/libam_hal.a(am_hal_flash.o)
 .text.am_hal_flash_erase_main_plus_info
                0x00000000        0x8 ../../../../../mcu/apollo3/hal/gcc/bin/libam_hal.a(am_hal_flash.o)
 .text.am_hal_flash_erase_main_plus_info_both_instances
                0x00000000        0x8 ../../../../../mcu/apollo3/hal/gcc/bin/libam_hal.a(am_hal_flash.o)
 .text.am_hal_flash_recovery
                0x00000000        0x8 ../../../../../mcu/apollo3/hal/gcc/bin/libam_hal.a(am_hal_flash.o)
 .text.am_hal_flash_delay_status_change
                0x00000000       0x50 ../../../../../mcu/apollo3/hal/gcc/bin/libam_hal.a(am_hal_flash.o)
 .text.am_hal_flash_customer_info_signature_check
                0x00000000       0x48 ../../../../../mcu/apollo3/hal/gcc/bin/libam_hal.a(am_hal_flash.o)
 .text.am_hal_flash_info_signature_set
                0x00000000       0xa4 ../../../../../mcu/apollo3/hal/gcc/bin/libam_hal.a(am_hal_flash.o)
 .text.am_hal_flash_info_erase_disable
                0x00000000       0xc0 ../../../../../mcu/apollo3/hal/gcc/bin/libam_hal.a(am_hal_flash.o)
 .text.am_hal_flash_info_erase_disable_check
                0x00000000       0x4c ../../../../../mcu/apollo3/hal/gcc/bin/libam_hal.a(am_hal_flash.o)
 .text.am_hal_flash_info_program_disable
                0x00000000       0xc8 ../../../../../mcu/apollo3/hal/gcc/bin/libam_hal.a(am_hal_flash.o)
 .text.am_hal_flash_info_program_disable_get
                0x00000000       0x4c ../../../../../mcu/apollo3/hal/gcc/bin/libam_hal.a(am_hal_flash.o)
 .text.am_hal_flash_wipe_flash_enable
                0x00000000       0xc0 ../../../../../mcu/apollo3/hal/gcc/bin/libam_hal.a(am_hal_flash.o)
 .text.am_hal_flash_wipe_flash_enable_check
                0x00000000       0x4c ../../../../../mcu/apollo3/hal/gcc/bin/libam_hal.a(am_hal_flash.o)
 .text.am_hal_flash_wipe_sram_enable
                0x00000000       0xc0 ../../../../../mcu/apollo3/hal/gcc/bin/libam_hal.a(am_hal_flash.o)
 .text.am_hal_flash_wipe_sram_enable_check
                0x00000000       0x4c ../../../../../mcu/apollo3/hal/gcc/bin/libam_hal.a(am_hal_flash.o)
 .text.am_hal_flash_swo_disable
                0x00000000       0xc0 ../../../../../mcu/apollo3/hal/gcc/bin/libam_hal.a(am_hal_flash.o)
 .text.am_hal_flash_swo_disable_check
                0x00000000       0x4c ../../../../../mcu/apollo3/hal/gcc/bin/libam_hal.a(am_hal_flash.o)
 .text.am_hal_flash_debugger_disable
                0x00000000       0xc0 ../../../../../mcu/apollo3/hal/gcc/bin/libam_hal.a(am_hal_flash.o)
 .text.am_hal_flash_debugger_disable_check
                0x00000000       0x48 ../../../../../mcu/apollo3/hal/gcc/bin/libam_hal.a(am_hal_flash.o)
 .text.am_hal_flash_copy_protect_set
                0x00000000      0x110 ../../../../../mcu/apollo3/hal/gcc/bin/libam_hal.a(am_hal_flash.o)
 .text.am_hal_flash_copy_protect_check
                0x00000000       0x90 ../../../../../mcu/apollo3/hal/gcc/bin/libam_hal.a(am_hal_flash.o)
 .text.am_hal_flash_write_protect_set
                0x00000000      0x110 ../../../../../mcu/apollo3/hal/gcc/bin/libam_hal.a(am_hal_flash.o)
 .text.am_hal_flash_write_protect_check
                0x00000000       0x90 ../../../../../mcu/apollo3/hal/gcc/bin/libam_hal.a(am_hal_flash.o)
 .rodata.g_am_hal_flash
                0x00000000       0x60 ../../../../../mcu/apollo3/hal/gcc/bin/libam_hal.a(am_hal_flash.o)
 .rodata.ui32SramMaxAddr
                0x00000000        0x4 ../../../../../mcu/apollo3/hal/gcc/bin/libam_hal.a(am_hal_flash.o)
 .text          0x00000000        0x0 ../../../../../mcu/apollo3/hal/gcc/bin/libam_hal.a(am_hal_gpio.o)
 .data          0x00000000        0x0 ../../../../../mcu/apollo3/hal/gcc/bin/libam_hal.a(am_hal_gpio.o)
 .bss           0x00000000        0x0 ../../../../../mcu/apollo3/hal/gcc/bin/libam_hal.a(am_hal_gpio.o)
 .text.am_hal_gpio_fast_pinconfig
                0x00000000      0x104 ../../../../../mcu/apollo3/hal/gcc/bin/libam_hal.a(am_hal_gpio.o)
 .text.am_hal_gpio_state_read
                0x00000000       0x6c ../../../../../mcu/apollo3/hal/gcc/bin/libam_hal.a(am_hal_gpio.o)
 .text.am_hal_gpio_interrupt_disable
                0x00000000       0x44 ../../../../../mcu/apollo3/hal/gcc/bin/libam_hal.a(am_hal_gpio.o)
 .text.am_hal_gpio_interrupt_register_adv
                0x00000000       0x30 ../../../../../mcu/apollo3/hal/gcc/bin/libam_hal.a(am_hal_gpio.o)
 .text.am_hal_gpio_isinput
                0x00000000       0x24 ../../../../../mcu/apollo3/hal/gcc/bin/libam_hal.a(am_hal_gpio.o)
 .text.am_hal_gpio_isgpio
                0x00000000       0x50 ../../../../../mcu/apollo3/hal/gcc/bin/libam_hal.a(am_hal_gpio.o)
 .rodata.g_AM_HAL_GPIO_INPUT
                0x00000000        0x4 ../../../../../mcu/apollo3/hal/gcc/bin/libam_hal.a(am_hal_gpio.o)
 .rodata.g_AM_HAL_GPIO_INPUT_PULLUP
                0x00000000        0x4 ../../../../../mcu/apollo3/hal/gcc/bin/libam_hal.a(am_hal_gpio.o)
 .rodata.g_AM_HAL_GPIO_INPUT_PULLUP_12
                0x00000000        0x4 ../../../../../mcu/apollo3/hal/gcc/bin/libam_hal.a(am_hal_gpio.o)
 .rodata.g_AM_HAL_GPIO_INPUT_PULLUP_1_5
                0x00000000        0x4 ../../../../../mcu/apollo3/hal/gcc/bin/libam_hal.a(am_hal_gpio.o)
 .rodata.g_AM_HAL_GPIO_INPUT_PULLUP_24
                0x00000000        0x4 ../../../../../mcu/apollo3/hal/gcc/bin/libam_hal.a(am_hal_gpio.o)
 .rodata.g_AM_HAL_GPIO_INPUT_PULLUP_6
                0x00000000        0x4 ../../../../../mcu/apollo3/hal/gcc/bin/libam_hal.a(am_hal_gpio.o)
 .rodata.g_AM_HAL_GPIO_OUTPUT_12
                0x00000000        0x4 ../../../../../mcu/apollo3/hal/gcc/bin/libam_hal.a(am_hal_gpio.o)
 .rodata.g_AM_HAL_GPIO_OUTPUT_4
                0x00000000        0x4 ../../../../../mcu/apollo3/hal/gcc/bin/libam_hal.a(am_hal_gpio.o)
 .rodata.g_AM_HAL_GPIO_OUTPUT_8
                0x00000000        0x4 ../../../../../mcu/apollo3/hal/gcc/bin/libam_hal.a(am_hal_gpio.o)
 .rodata.g_AM_HAL_GPIO_OUTPUT_WITH_READ
                0x00000000        0x4 ../../../../../mcu/apollo3/hal/gcc/bin/libam_hal.a(am_hal_gpio.o)
 .rodata.g_AM_HAL_GPIO_TRISTATE
                0x00000000        0x4 ../../../../../mcu/apollo3/hal/gcc/bin/libam_hal.a(am_hal_gpio.o)
 .text          0x00000000        0x0 ../../../../../mcu/apollo3/hal/gcc/bin/libam_hal.a(am_hal_interrupt.o)
 .data          0x00000000        0x0 ../../../../../mcu/apollo3/hal/gcc/bin/libam_hal.a(am_hal_interrupt.o)
 .bss           0x00000000        0x0 ../../../../../mcu/apollo3/hal/gcc/bin/libam_hal.a(am_hal_interrupt.o)
 .text          0x00000000        0x0 ../../../../../mcu/apollo3/hal/gcc/bin/libam_hal.a(am_hal_iom.o)
 .data          0x00000000        0x0 ../../../../../mcu/apollo3/hal/gcc/bin/libam_hal.a(am_hal_iom.o)
 .bss           0x00000000        0x0 ../../../../../mcu/apollo3/hal/gcc/bin/libam_hal.a(am_hal_iom.o)
 .text.iom_dummy_callback
                0x00000000        0x4 ../../../../../mcu/apollo3/hal/gcc/bin/libam_hal.a(am_hal_iom.o)
 .text.iom_seq_loopback
                0x00000000       0x2c ../../../../../mcu/apollo3/hal/gcc/bin/libam_hal.a(am_hal_iom.o)
 .text.sched_hiprio
                0x00000000       0xfc ../../../../../mcu/apollo3/hal/gcc/bin/libam_hal.a(am_hal_iom.o)
 .text.internal_iom_get_int_err
                0x00000000       0x40 ../../../../../mcu/apollo3/hal/gcc/bin/libam_hal.a(am_hal_iom.o)
 .text.am_hal_iom_CQInit
                0x00000000       0x38 ../../../../../mcu/apollo3/hal/gcc/bin/libam_hal.a(am_hal_iom.o)
 .text.am_hal_IOM_CQReset
                0x00000000       0x1c ../../../../../mcu/apollo3/hal/gcc/bin/libam_hal.a(am_hal_iom.o)
 .text.am_hal_iom_CQAddTransaction
                0x00000000      0x158 ../../../../../mcu/apollo3/hal/gcc/bin/libam_hal.a(am_hal_iom.o)
 .text.am_hal_iom_CQEnable
                0x00000000       0x24 ../../../../../mcu/apollo3/hal/gcc/bin/libam_hal.a(am_hal_iom.o)
 .text.am_hal_iom_CQDisable
                0x00000000        0x8 ../../../../../mcu/apollo3/hal/gcc/bin/libam_hal.a(am_hal_iom.o)
 .text.validate_transaction
                0x00000000       0x7c ../../../../../mcu/apollo3/hal/gcc/bin/libam_hal.a(am_hal_iom.o)
 .text.am_hal_iom_uninitialize
                0x00000000       0x74 ../../../../../mcu/apollo3/hal/gcc/bin/libam_hal.a(am_hal_iom.o)
 .text.am_hal_iom_disable
                0x00000000       0x6c ../../../../../mcu/apollo3/hal/gcc/bin/libam_hal.a(am_hal_iom.o)
 .text.am_hal_iom_status_get
                0x00000000       0x6c ../../../../../mcu/apollo3/hal/gcc/bin/libam_hal.a(am_hal_iom.o)
 .text.am_hal_iom_interrupt_enable
                0x00000000       0x3c ../../../../../mcu/apollo3/hal/gcc/bin/libam_hal.a(am_hal_iom.o)
 .text.am_hal_iom_interrupt_disable
                0x00000000       0x30 ../../../../../mcu/apollo3/hal/gcc/bin/libam_hal.a(am_hal_iom.o)
 .text.am_hal_iom_interrupt_status_get
                0x00000000       0x48 ../../../../../mcu/apollo3/hal/gcc/bin/libam_hal.a(am_hal_iom.o)
 .text.am_hal_iom_interrupt_clear
                0x00000000       0x28 ../../../../../mcu/apollo3/hal/gcc/bin/libam_hal.a(am_hal_iom.o)
 .text.am_hal_iom_interrupt_service
                0x00000000      0x2d8 ../../../../../mcu/apollo3/hal/gcc/bin/libam_hal.a(am_hal_iom.o)
 .text.am_hal_iom_nonblocking_transfer
                0x00000000      0x190 ../../../../../mcu/apollo3/hal/gcc/bin/libam_hal.a(am_hal_iom.o)
 .text.am_hal_iom_spi_blocking_fullduplex
                0x00000000      0x370 ../../../../../mcu/apollo3/hal/gcc/bin/libam_hal.a(am_hal_iom.o)
 .text.am_hal_iom_control
                0x00000000      0x69c ../../../../../mcu/apollo3/hal/gcc/bin/libam_hal.a(am_hal_iom.o)
 .text.am_hal_iom_highprio_transfer
                0x00000000      0x200 ../../../../../mcu/apollo3/hal/gcc/bin/libam_hal.a(am_hal_iom.o)
 .text          0x00000000        0x0 ../../../../../mcu/apollo3/hal/gcc/bin/libam_hal.a(am_hal_itm.o)
 .data          0x00000000        0x0 ../../../../../mcu/apollo3/hal/gcc/bin/libam_hal.a(am_hal_itm.o)
 .bss           0x00000000        0x0 ../../../../../mcu/apollo3/hal/gcc/bin/libam_hal.a(am_hal_itm.o)
 .text.am_hal_itm_disable
                0x00000000       0xb4 ../../../../../mcu/apollo3/hal/gcc/bin/libam_hal.a(am_hal_itm.o)
 .text.am_hal_itm_not_busy
                0x00000000       0x14 ../../../../../mcu/apollo3/hal/gcc/bin/libam_hal.a(am_hal_itm.o)
 .text.am_hal_itm_trace_port_enable
                0x00000000       0x18 ../../../../../mcu/apollo3/hal/gcc/bin/libam_hal.a(am_hal_itm.o)
 .text.am_hal_itm_trace_port_disable
                0x00000000       0x1c ../../../../../mcu/apollo3/hal/gcc/bin/libam_hal.a(am_hal_itm.o)
 .text.am_hal_itm_stimulus_not_busy
                0x00000000       0x10 ../../../../../mcu/apollo3/hal/gcc/bin/libam_hal.a(am_hal_itm.o)
 .text.am_hal_itm_stimulus_reg_word_write
                0x00000000       0x10 ../../../../../mcu/apollo3/hal/gcc/bin/libam_hal.a(am_hal_itm.o)
 .text.am_hal_itm_stimulus_reg_short_write
                0x00000000       0x10 ../../../../../mcu/apollo3/hal/gcc/bin/libam_hal.a(am_hal_itm.o)
 .text.am_hal_itm_stimulus_reg_byte_write
                0x00000000       0x10 ../../../../../mcu/apollo3/hal/gcc/bin/libam_hal.a(am_hal_itm.o)
 .text.am_hal_itm_sync_send
                0x00000000       0x14 ../../../../../mcu/apollo3/hal/gcc/bin/libam_hal.a(am_hal_itm.o)
 .text.am_hal_itm_print_not_busy
                0x00000000       0x10 ../../../../../mcu/apollo3/hal/gcc/bin/libam_hal.a(am_hal_itm.o)
 .text          0x00000000        0x0 ../../../../../mcu/apollo3/hal/gcc/bin/libam_hal.a(am_hal_pwrctrl.o)
 .data          0x00000000        0x0 ../../../../../mcu/apollo3/hal/gcc/bin/libam_hal.a(am_hal_pwrctrl.o)
 .bss           0x00000000        0x0 ../../../../../mcu/apollo3/hal/gcc/bin/libam_hal.a(am_hal_pwrctrl.o)
 .text.am_hal_pwrctrl_periph_enabled
                0x00000000       0x5c ../../../../../mcu/apollo3/hal/gcc/bin/libam_hal.a(am_hal_pwrctrl.o)
 .text.am_hal_pwrctrl_memory_enable
                0x00000000       0x98 ../../../../../mcu/apollo3/hal/gcc/bin/libam_hal.a(am_hal_pwrctrl.o)
 .text.am_hal_pwrctrl_memory_deepsleep_powerdown
                0x00000000       0x28 ../../../../../mcu/apollo3/hal/gcc/bin/libam_hal.a(am_hal_pwrctrl.o)
 .text.am_hal_pwrctrl_memory_deepsleep_retain
                0x00000000       0x2c ../../../../../mcu/apollo3/hal/gcc/bin/libam_hal.a(am_hal_pwrctrl.o)
 .text.am_hal_pwrctrl_blebuck_trim
                0x00000000       0x50 ../../../../../mcu/apollo3/hal/gcc/bin/libam_hal.a(am_hal_pwrctrl.o)
 .bss.g_bSimobuckTrimsDone
                0x00000000        0x1 ../../../../../mcu/apollo3/hal/gcc/bin/libam_hal.a(am_hal_pwrctrl.o)
 .rodata.am_hal_pwrctrl_memory_control
                0x00000000      0x1b0 ../../../../../mcu/apollo3/hal/gcc/bin/libam_hal.a(am_hal_pwrctrl.o)
 .text          0x00000000        0x0 ../../../../../mcu/apollo3/hal/gcc/bin/libam_hal.a(am_hal_reset.o)
 .data          0x00000000        0x0 ../../../../../mcu/apollo3/hal/gcc/bin/libam_hal.a(am_hal_reset.o)
 .bss           0x00000000        0x0 ../../../../../mcu/apollo3/hal/gcc/bin/libam_hal.a(am_hal_reset.o)
 .text.am_hal_reset_configure
                0x00000000       0x44 ../../../../../mcu/apollo3/hal/gcc/bin/libam_hal.a(am_hal_reset.o)
 .text.am_hal_reset_control
                0x00000000       0x40 ../../../../../mcu/apollo3/hal/gcc/bin/libam_hal.a(am_hal_reset.o)
 .text.am_hal_reset_status_get
                0x00000000       0x74 ../../../../../mcu/apollo3/hal/gcc/bin/libam_hal.a(am_hal_reset.o)
 .text.am_hal_reset_interrupt_enable
                0x00000000       0x28 ../../../../../mcu/apollo3/hal/gcc/bin/libam_hal.a(am_hal_reset.o)
 .text.am_hal_reset_interrupt_disable
                0x00000000       0x28 ../../../../../mcu/apollo3/hal/gcc/bin/libam_hal.a(am_hal_reset.o)
 .text.am_hal_reset_interrupt_clear
                0x00000000        0xc ../../../../../mcu/apollo3/hal/gcc/bin/libam_hal.a(am_hal_reset.o)
 .text.am_hal_reset_interrupt_status_get
                0x00000000       0x14 ../../../../../mcu/apollo3/hal/gcc/bin/libam_hal.a(am_hal_reset.o)
 .rodata.CSWTCH.18
                0x00000000       0x10 ../../../../../mcu/apollo3/hal/gcc/bin/libam_hal.a(am_hal_reset.o)
 .rodata.CSWTCH.19
                0x00000000        0x4 ../../../../../mcu/apollo3/hal/gcc/bin/libam_hal.a(am_hal_reset.o)
 .text          0x00000000        0x0 ../../../../../mcu/apollo3/hal/gcc/bin/libam_hal.a(am_hal_rtc.o)
 .data          0x00000000        0x0 ../../../../../mcu/apollo3/hal/gcc/bin/libam_hal.a(am_hal_rtc.o)
 .bss           0x00000000        0x0 ../../../../../mcu/apollo3/hal/gcc/bin/libam_hal.a(am_hal_rtc.o)
 .text.am_hal_rtc_osc_select
                0x00000000       0x10 ../../../../../mcu/apollo3/hal/gcc/bin/libam_hal.a(am_hal_rtc.o)
 .text.am_hal_rtc_osc_enable
                0x00000000       0x14 ../../../../../mcu/apollo3/hal/gcc/bin/libam_hal.a(am_hal_rtc.o)
 .text.am_hal_rtc_time_12hour
                0x00000000       0x14 ../../../../../mcu/apollo3/hal/gcc/bin/libam_hal.a(am_hal_rtc.o)
 .text.am_hal_rtc_int_enable
                0x00000000       0x14 ../../../../../mcu/apollo3/hal/gcc/bin/libam_hal.a(am_hal_rtc.o)
 .text.am_hal_rtc_int_enable_get
                0x00000000        0xc ../../../../../mcu/apollo3/hal/gcc/bin/libam_hal.a(am_hal_rtc.o)
 .text.am_hal_rtc_int_disable
                0x00000000       0x14 ../../../../../mcu/apollo3/hal/gcc/bin/libam_hal.a(am_hal_rtc.o)
 .text.am_hal_rtc_int_set
                0x00000000        0xc ../../../../../mcu/apollo3/hal/gcc/bin/libam_hal.a(am_hal_rtc.o)
 .text.am_hal_rtc_int_clear
                0x00000000        0xc ../../../../../mcu/apollo3/hal/gcc/bin/libam_hal.a(am_hal_rtc.o)
 .text.am_hal_rtc_int_status_get
                0x00000000       0x24 ../../../../../mcu/apollo3/hal/gcc/bin/libam_hal.a(am_hal_rtc.o)
 .text.am_hal_rtc_time_set
                0x00000000      0x130 ../../../../../mcu/apollo3/hal/gcc/bin/libam_hal.a(am_hal_rtc.o)
 .text.am_hal_rtc_time_get
                0x00000000       0xa8 ../../../../../mcu/apollo3/hal/gcc/bin/libam_hal.a(am_hal_rtc.o)
 .text.am_hal_rtc_alarm_interval_set
                0x00000000       0x40 ../../../../../mcu/apollo3/hal/gcc/bin/libam_hal.a(am_hal_rtc.o)
 .text.am_hal_rtc_alarm_set
                0x00000000      0x104 ../../../../../mcu/apollo3/hal/gcc/bin/libam_hal.a(am_hal_rtc.o)
 .text.am_hal_rtc_alarm_get
                0x00000000       0x8c ../../../../../mcu/apollo3/hal/gcc/bin/libam_hal.a(am_hal_rtc.o)
 .text          0x00000000        0x0 ../../../../../mcu/apollo3/hal/gcc/bin/libam_hal.a(am_hal_sysctrl.o)
 .data          0x00000000        0x0 ../../../../../mcu/apollo3/hal/gcc/bin/libam_hal.a(am_hal_sysctrl.o)
 .bss           0x00000000        0x0 ../../../../../mcu/apollo3/hal/gcc/bin/libam_hal.a(am_hal_sysctrl.o)
 .text.am_hal_sysctrl_fpu_enable
                0x00000000       0x10 ../../../../../mcu/apollo3/hal/gcc/bin/libam_hal.a(am_hal_sysctrl.o)
 .text.am_hal_sysctrl_fpu_disable
                0x00000000       0x10 ../../../../../mcu/apollo3/hal/gcc/bin/libam_hal.a(am_hal_sysctrl.o)
 .text.am_hal_sysctrl_fpu_stacking_enable
                0x00000000       0x34 ../../../../../mcu/apollo3/hal/gcc/bin/libam_hal.a(am_hal_sysctrl.o)
 .text.am_hal_sysctrl_fpu_stacking_disable
                0x00000000       0x24 ../../../../../mcu/apollo3/hal/gcc/bin/libam_hal.a(am_hal_sysctrl.o)
 .text.am_hal_sysctrl_aircr_reset
                0x00000000       0x24 ../../../../../mcu/apollo3/hal/gcc/bin/libam_hal.a(am_hal_sysctrl.o)
 .text          0x00000000        0x0 ../../../../../mcu/apollo3/hal/gcc/bin/libam_hal.a(am_hal_tpiu.o)
 .data          0x00000000        0x0 ../../../../../mcu/apollo3/hal/gcc/bin/libam_hal.a(am_hal_tpiu.o)
 .bss           0x00000000        0x0 ../../../../../mcu/apollo3/hal/gcc/bin/libam_hal.a(am_hal_tpiu.o)
 .text.am_hal_tpiu_clock_enable
                0x00000000       0x14 ../../../../../mcu/apollo3/hal/gcc/bin/libam_hal.a(am_hal_tpiu.o)
 .text.am_hal_tpiu_clock_disable
                0x00000000       0x14 ../../../../../mcu/apollo3/hal/gcc/bin/libam_hal.a(am_hal_tpiu.o)
 .text.am_hal_tpiu_port_width_set
                0x00000000       0x14 ../../../../../mcu/apollo3/hal/gcc/bin/libam_hal.a(am_hal_tpiu.o)
 .text.am_hal_tpiu_supported_port_width_get
                0x00000000       0x24 ../../../../../mcu/apollo3/hal/gcc/bin/libam_hal.a(am_hal_tpiu.o)
 .text.am_hal_tpiu_port_width_get
                0x00000000       0x24 ../../../../../mcu/apollo3/hal/gcc/bin/libam_hal.a(am_hal_tpiu.o)
 .text.am_hal_tpiu_configure
                0x00000000       0x34 ../../../../../mcu/apollo3/hal/gcc/bin/libam_hal.a(am_hal_tpiu.o)
 .text.am_hal_tpiu_disable
                0x00000000       0x10 ../../../../../mcu/apollo3/hal/gcc/bin/libam_hal.a(am_hal_tpiu.o)
 .text          0x00000000        0x0 ../../../../../mcu/apollo3/hal/gcc/bin/libam_hal.a(am_hal_uart.o)
 .data          0x00000000        0x0 ../../../../../mcu/apollo3/hal/gcc/bin/libam_hal.a(am_hal_uart.o)
 .bss           0x00000000        0x0 ../../../../../mcu/apollo3/hal/gcc/bin/libam_hal.a(am_hal_uart.o)
 .text.am_hal_uart_initialize
                0x00000000       0x50 ../../../../../mcu/apollo3/hal/gcc/bin/libam_hal.a(am_hal_uart.o)
 .text.am_hal_uart_deinitialize
                0x00000000       0x28 ../../../../../mcu/apollo3/hal/gcc/bin/libam_hal.a(am_hal_uart.o)
 .text.am_hal_uart_power_control
                0x00000000       0xf0 ../../../../../mcu/apollo3/hal/gcc/bin/libam_hal.a(am_hal_uart.o)
 .text.am_hal_uart_configure
                0x00000000      0x1fc ../../../../../mcu/apollo3/hal/gcc/bin/libam_hal.a(am_hal_uart.o)
 .text.am_hal_uart_transfer
                0x00000000      0x400 ../../../../../mcu/apollo3/hal/gcc/bin/libam_hal.a(am_hal_uart.o)
 .text.am_hal_uart_tx_flush
                0x00000000       0x50 ../../../../../mcu/apollo3/hal/gcc/bin/libam_hal.a(am_hal_uart.o)
 .text.am_hal_uart_flags_get
                0x00000000       0x2c ../../../../../mcu/apollo3/hal/gcc/bin/libam_hal.a(am_hal_uart.o)
 .text.am_hal_uart_fifo_read
                0x00000000       0x6c ../../../../../mcu/apollo3/hal/gcc/bin/libam_hal.a(am_hal_uart.o)
 .text.am_hal_uart_fifo_write
                0x00000000       0x5c ../../../../../mcu/apollo3/hal/gcc/bin/libam_hal.a(am_hal_uart.o)
 .text.am_hal_uart_interrupt_service
                0x00000000      0x138 ../../../../../mcu/apollo3/hal/gcc/bin/libam_hal.a(am_hal_uart.o)
 .text.am_hal_uart_interrupt_enable
                0x00000000       0x28 ../../../../../mcu/apollo3/hal/gcc/bin/libam_hal.a(am_hal_uart.o)
 .text.am_hal_uart_interrupt_disable
                0x00000000       0x2c ../../../../../mcu/apollo3/hal/gcc/bin/libam_hal.a(am_hal_uart.o)
 .text.am_hal_uart_interrupt_clear
                0x00000000       0x24 ../../../../../mcu/apollo3/hal/gcc/bin/libam_hal.a(am_hal_uart.o)
 .text.am_hal_uart_interrupt_status_get
                0x00000000       0x38 ../../../../../mcu/apollo3/hal/gcc/bin/libam_hal.a(am_hal_uart.o)
 .text.am_hal_uart_interrupt_enable_get
                0x00000000       0x28 ../../../../../mcu/apollo3/hal/gcc/bin/libam_hal.a(am_hal_uart.o)
 .bss.g_am_hal_uart_states
                0x00000000       0xc8 ../../../../../mcu/apollo3/hal/gcc/bin/libam_hal.a(am_hal_uart.o)
 .rodata.CSWTCH.20
                0x00000000       0x10 ../../../../../mcu/apollo3/hal/gcc/bin/libam_hal.a(am_hal_uart.o)
 .comment       0x00000000       0x4a ../../../../../mcu/apollo3/hal/gcc/bin/libam_hal.a(am_hal_uart.o)
 .ARM.attributes
                0x00000000       0x34 ../../../../../mcu/apollo3/hal/gcc/bin/libam_hal.a(am_hal_uart.o)
 .text          0x00000000        0x0 ../../../../../mcu/apollo3/hal/gcc/bin/libam_hal.a(am_hal_cmdq.o)
 .data          0x00000000        0x0 ../../../../../mcu/apollo3/hal/gcc/bin/libam_hal.a(am_hal_cmdq.o)
 .bss           0x00000000        0x0 ../../../../../mcu/apollo3/hal/gcc/bin/libam_hal.a(am_hal_cmdq.o)
 .text.am_hal_cmdq_disable
                0x00000000       0x38 ../../../../../mcu/apollo3/hal/gcc/bin/libam_hal.a(am_hal_cmdq.o)
 .text.am_hal_cmdq_alloc_block
                0x00000000       0xd0 ../../../../../mcu/apollo3/hal/gcc/bin/libam_hal.a(am_hal_cmdq.o)
 .text.am_hal_cmdq_release_block
                0x00000000       0x30 ../../../../../mcu/apollo3/hal/gcc/bin/libam_hal.a(am_hal_cmdq.o)
 .text.am_hal_cmdq_post_block
                0x00000000       0x44 ../../../../../mcu/apollo3/hal/gcc/bin/libam_hal.a(am_hal_cmdq.o)
 .text.am_hal_cmdq_get_status
                0x00000000       0xa4 ../../../../../mcu/apollo3/hal/gcc/bin/libam_hal.a(am_hal_cmdq.o)
 .text.am_hal_cmdq_term
                0x00000000       0x88 ../../../../../mcu/apollo3/hal/gcc/bin/libam_hal.a(am_hal_cmdq.o)
 .text.am_hal_cmdq_error_resume
                0x00000000       0x8c ../../../../../mcu/apollo3/hal/gcc/bin/libam_hal.a(am_hal_cmdq.o)
 .text.am_hal_cmdq_pause
                0x00000000       0xfc ../../../../../mcu/apollo3/hal/gcc/bin/libam_hal.a(am_hal_cmdq.o)
 .text.am_hal_cmdq_reset
                0x00000000       0x5c ../../../../../mcu/apollo3/hal/gcc/bin/libam_hal.a(am_hal_cmdq.o)
 .text.am_hal_cmdq_post_loop_block
                0x00000000       0x4c ../../../../../mcu/apollo3/hal/gcc/bin/libam_hal.a(am_hal_cmdq.o)
 .text          0x00000000        0x0 ../../../../../mcu/apollo3/hal/gcc/bin/libam_hal.a(am_hal_queue.o)
 .data          0x00000000        0x0 ../../../../../mcu/apollo3/hal/gcc/bin/libam_hal.a(am_hal_queue.o)
 .bss           0x00000000        0x0 ../../../../../mcu/apollo3/hal/gcc/bin/libam_hal.a(am_hal_queue.o)
 .text.am_hal_queue_init
                0x00000000       0x18 ../../../../../mcu/apollo3/hal/gcc/bin/libam_hal.a(am_hal_queue.o)
 .text.am_hal_queue_item_add
                0x00000000       0x7c ../../../../../mcu/apollo3/hal/gcc/bin/libam_hal.a(am_hal_queue.o)
 .text.am_hal_queue_item_get
                0x00000000       0x7c ../../../../../mcu/apollo3/hal/gcc/bin/libam_hal.a(am_hal_queue.o)
 .comment       0x00000000       0x4a ../../../../../mcu/apollo3/hal/gcc/bin/libam_hal.a(am_hal_queue.o)
 .ARM.attributes
                0x00000000       0x34 ../../../../../mcu/apollo3/hal/gcc/bin/libam_hal.a(am_hal_queue.o)

Memory Configuration

Name             Origin             Length             Attributes
ROMEM            0x0000c000         0x000f4000         xr
RWMEM            0x10000000         0x00060000         xrw
*default*        0x00000000         0xffffffff

Linker script and memory map


.text           0x0000c000     0x34ec
                0x0000c000                . = ALIGN (0x4)
 *(.isr_vector)
 .isr_vector    0x0000c000       0xc0 bin/startup_gcc.o
                0x0000c000                g_am_pfnVectors
 *(.patch)
 .patch         0x0000c0c0       0x40 bin/startup_gcc.o
                0x0000c0c0                __Patchable
 *(.text)
 .text          0x0000c100       0xa0 c:/program files (x86)/gnu arm embedded toolchain/10 2021.10/bin/../lib/gcc/arm-none-eabi/10.3.1/thumb/v7e-m+fp/hard\libgcc.a(_arm_truncdfsf2.o)
                0x0000c100                __truncdfsf2
                0x0000c100                __aeabi_d2f
 *(.text*)
 .text.__NVIC_EnableIRQ
                0x0000c1a0       0x34 bin/ios_fifo_host.o
 .text.clear_rx_buf
                0x0000c1d4       0x2c bin/ios_fifo_host.o
                0x0000c1d4                clear_rx_buf
 .text.validate_rx_buf
                0x0000c200       0x6c bin/ios_fifo_host.o
                0x0000c200                validate_rx_buf
 .text.hostint_handler
                0x0000c26c       0x10 bin/ios_fifo_host.o
 .text.am_gpio_isr
                0x0000c27c       0x2e bin/ios_fifo_host.o
                0x0000c27c                am_gpio_isr
 *fill*         0x0000c2aa        0x2 
 .text.iom_slave_read
                0x0000c2ac       0x68 bin/ios_fifo_host.o
                0x0000c2ac                iom_slave_read
 .text.iom_slave_write
                0x0000c314       0x68 bin/ios_fifo_host.o
                0x0000c314                iom_slave_write
 .text.iom_set_up
                0x0000c37c       0xd8 bin/ios_fifo_host.o
 .text.update_progress
                0x0000c454       0x30 bin/ios_fifo_host.o
                0x0000c454                update_progress
 .text.main     0x0000c484      0x1a4 bin/ios_fifo_host.o
                0x0000c484                main
 .text.am_util_delay_ms
                0x0000c628       0x38 bin/am_util_delay.o
                0x0000c628                am_util_delay_ms
 .text.am_util_stdio_printf_init
                0x0000c660       0x14 bin/am_util_stdio.o
                0x0000c660                am_util_stdio_printf_init
 .text.divu64_10
                0x0000c674      0x1e8 bin/am_util_stdio.o
 .text.ndigits_in_u64
                0x0000c85c       0x40 bin/am_util_stdio.o
 .text.ndigits_in_i64
                0x0000c89c       0x34 bin/am_util_stdio.o
 .text.ndigits_in_hex
                0x0000c8d0       0x48 bin/am_util_stdio.o
 .text.decstr_to_int
                0x0000c918       0x88 bin/am_util_stdio.o
 .text.uint64_to_str
                0x0000c9a0       0x8a bin/am_util_stdio.o
 .text.uint64_to_hexstr
                0x0000ca2a       0xc0 bin/am_util_stdio.o
 .text.simple_strlen
                0x0000caea       0x2c bin/am_util_stdio.o
 .text.padbuffer
                0x0000cb16       0x44 bin/am_util_stdio.o
 *fill*         0x0000cb5a        0x2 
 .text.ftoa     0x0000cb5c      0x1fc bin/am_util_stdio.o
 .text.am_util_stdio_vsprintf
                0x0000cd58      0x618 bin/am_util_stdio.o
                0x0000cd58                am_util_stdio_vsprintf
 .text.am_util_stdio_printf
                0x0000d370       0x40 bin/am_util_stdio.o
                0x0000d370                am_util_stdio_printf
 .text.am_util_stdio_terminal_clear
                0x0000d3b0       0x10 bin/am_util_stdio.o
                0x0000d3b0                am_util_stdio_terminal_clear
 .text.Reset_Handler
                0x0000d3c0       0x68 bin/startup_gcc.o
                0x0000d3c0                Reset_Handler
 .text.NMI_Handler
                0x0000d428        0x2 bin/startup_gcc.o
                0x0000d428                NMI_Handler
 .text.HardFault_Handler
                0x0000d42a        0x2 bin/startup_gcc.o
                0x0000d42a                UsageFault_Handler
                0x0000d42a                MemManage_Handler
                0x0000d42a                BusFault_Handler
                0x0000d42a                HardFault_Handler
 .text.am_default_isr
                0x0000d42c        0x2 bin/startup_gcc.o
                0x0000d42c                DebugMon_Handler
                0x0000d42c                am_iomaster4_isr
                0x0000d42c                SysTick_Handler
                0x0000d42c                PendSV_Handler
                0x0000d42c                am_rtc_isr
                0x0000d42c                am_stimer_cmpr3_isr
                0x0000d42c                am_adc_isr
                0x0000d42c                am_iomaster3_isr
                0x0000d42c                am_clkgen_isr
                0x0000d42c                am_stimer_isr
                0x0000d42c                am_software0_isr
                0x0000d42c                am_stimer_cmpr5_isr
                0x0000d42c                am_iomaster5_isr
                0x0000d42c                am_pdm0_isr
                0x0000d42c                am_uart_isr
                0x0000d42c                am_ctimer_isr
                0x0000d42c                am_ioslave_acc_isr
                0x0000d42c                am_mspi0_isr
                0x0000d42c                am_stimer_cmpr6_isr
                0x0000d42c                am_iomaster1_isr
                0x0000d42c                am_brownout_isr
                0x0000d42c                am_vcomp_isr
                0x0000d42c                am_stimer_cmpr1_isr
                0x0000d42c                am_iomaster2_isr
                0x0000d42c                SVC_Handler
                0x0000d42c                am_stimer_cmpr2_isr
                0x0000d42c                am_ioslave_ios_isr
                0x0000d42c                am_uart1_isr
                0x0000d42c                am_stimer_cmpr7_isr
                0x0000d42c                am_scard_isr
                0x0000d42c                am_watchdog_isr
                0x0000d42c                am_stimer_cmpr0_isr
                0x0000d42c                am_iomaster0_isr
                0x0000d42c                am_ble_isr
                0x0000d42c                am_stimer_cmpr4_isr
                0x0000d42c                am_default_isr
 *fill*         0x0000d42e        0x2 
 .text.am_bsp_low_power_init
                0x0000d430       0x40 ../../../bsp/gcc/bin/libam_bsp.a(am_bsp.o)
                0x0000d430                am_bsp_low_power_init
 .text.am_bsp_itm_printf_enable
                0x0000d470       0x40 ../../../bsp/gcc/bin/libam_bsp.a(am_bsp.o)
                0x0000d470                am_bsp_itm_printf_enable
 .text.am_bsp_iom_pins_enable
                0x0000d4b0      0x26c ../../../bsp/gcc/bin/libam_bsp.a(am_bsp.o)
                0x0000d4b0                am_bsp_iom_pins_enable
 .text.am_hal_cachectrl_config
                0x0000d71c       0x48 ../../../../../mcu/apollo3/hal/gcc/bin/libam_hal.a(am_hal_cachectrl.o)
                0x0000d71c                am_hal_cachectrl_config
 .text.am_hal_cachectrl_enable
                0x0000d764       0x14 ../../../../../mcu/apollo3/hal/gcc/bin/libam_hal.a(am_hal_cachectrl.o)
                0x0000d764                am_hal_cachectrl_enable
 .text.am_hal_cachectrl_control
                0x0000d778      0x2f4 ../../../../../mcu/apollo3/hal/gcc/bin/libam_hal.a(am_hal_cachectrl.o)
                0x0000d778                am_hal_cachectrl_control
 .text.am_hal_clkgen_control
                0x0000da6c      0x138 ../../../../../mcu/apollo3/hal/gcc/bin/libam_hal.a(am_hal_clkgen.o)
                0x0000da6c                am_hal_clkgen_control
 .text.am_hal_clkgen_status_get
                0x0000dba4       0x3c ../../../../../mcu/apollo3/hal/gcc/bin/libam_hal.a(am_hal_clkgen.o)
                0x0000dba4                am_hal_clkgen_status_get
 .text.am_hal_flash_delay
                0x0000dbe0       0x20 ../../../../../mcu/apollo3/hal/gcc/bin/libam_hal.a(am_hal_flash.o)
                0x0000dbe0                am_hal_flash_delay
 .text.am_hal_flash_delay_status_check
                0x0000dc00       0x6c ../../../../../mcu/apollo3/hal/gcc/bin/libam_hal.a(am_hal_flash.o)
                0x0000dc00                am_hal_flash_delay_status_check
 .text.am_hal_flash_load_ui32
                0x0000dc6c        0x8 ../../../../../mcu/apollo3/hal/gcc/bin/libam_hal.a(am_hal_flash.o)
                0x0000dc6c                am_hal_flash_load_ui32
 .text.am_hal_flash_store_ui32
                0x0000dc74        0xc ../../../../../mcu/apollo3/hal/gcc/bin/libam_hal.a(am_hal_flash.o)
                0x0000dc74                am_hal_flash_store_ui32
 .text.am_hal_gpio_pinconfig
                0x0000dc80      0x26c ../../../../../mcu/apollo3/hal/gcc/bin/libam_hal.a(am_hal_gpio.o)
                0x0000dc80                am_hal_gpio_pinconfig
 .text.am_hal_gpio_state_write
                0x0000deec       0x88 ../../../../../mcu/apollo3/hal/gcc/bin/libam_hal.a(am_hal_gpio.o)
                0x0000deec                am_hal_gpio_state_write
 .text.am_hal_gpio_interrupt_enable
                0x0000df74       0x40 ../../../../../mcu/apollo3/hal/gcc/bin/libam_hal.a(am_hal_gpio.o)
                0x0000df74                am_hal_gpio_interrupt_enable
 .text.am_hal_gpio_interrupt_clear
                0x0000dfb4       0x34 ../../../../../mcu/apollo3/hal/gcc/bin/libam_hal.a(am_hal_gpio.o)
                0x0000dfb4                am_hal_gpio_interrupt_clear
 .text.am_hal_gpio_interrupt_status_get
                0x0000dfe8       0x40 ../../../../../mcu/apollo3/hal/gcc/bin/libam_hal.a(am_hal_gpio.o)
                0x0000dfe8                am_hal_gpio_interrupt_status_get
 .text.am_hal_gpio_interrupt_register
                0x0000e028       0x20 ../../../../../mcu/apollo3/hal/gcc/bin/libam_hal.a(am_hal_gpio.o)
                0x0000e028                am_hal_gpio_interrupt_register
 .text.am_hal_gpio_interrupt_service
                0x0000e048       0xbc ../../../../../mcu/apollo3/hal/gcc/bin/libam_hal.a(am_hal_gpio.o)
                0x0000e048                am_hal_gpio_interrupt_service
 .text.am_hal_interrupt_master_enable
                0x0000e104        0x8 ../../../../../mcu/apollo3/hal/gcc/bin/libam_hal.a(am_hal_interrupt.o)
                0x0000e104                am_hal_interrupt_master_enable
 .text.am_hal_interrupt_master_disable
                0x0000e10c        0x8 ../../../../../mcu/apollo3/hal/gcc/bin/libam_hal.a(am_hal_interrupt.o)
                0x0000e10c                am_hal_interrupt_master_disable
 .text.am_hal_interrupt_master_set
                0x0000e114        0x8 ../../../../../mcu/apollo3/hal/gcc/bin/libam_hal.a(am_hal_interrupt.o)
                0x0000e114                am_hal_interrupt_master_set
 .text.internal_iom_reset_on_error
                0x0000e11c       0xfc ../../../../../mcu/apollo3/hal/gcc/bin/libam_hal.a(am_hal_iom.o)
 .text.am_hal_iom_initialize
                0x0000e218       0x50 ../../../../../mcu/apollo3/hal/gcc/bin/libam_hal.a(am_hal_iom.o)
                0x0000e218                am_hal_iom_initialize
 .text.am_hal_iom_enable
                0x0000e268       0xd8 ../../../../../mcu/apollo3/hal/gcc/bin/libam_hal.a(am_hal_iom.o)
                0x0000e268                am_hal_iom_enable
 .text.am_hal_iom_power_ctrl
                0x0000e340      0x1b0 ../../../../../mcu/apollo3/hal/gcc/bin/libam_hal.a(am_hal_iom.o)
                0x0000e340                am_hal_iom_power_ctrl
 .text.am_hal_iom_configure
                0x0000e4f0      0x2a8 ../../../../../mcu/apollo3/hal/gcc/bin/libam_hal.a(am_hal_iom.o)
                0x0000e4f0                am_hal_iom_configure
 .text.am_hal_iom_blocking_transfer
                0x0000e798      0x398 ../../../../../mcu/apollo3/hal/gcc/bin/libam_hal.a(am_hal_iom.o)
                0x0000e798                am_hal_iom_blocking_transfer
 .text.am_hal_itm_enable
                0x0000eb30       0x48 ../../../../../mcu/apollo3/hal/gcc/bin/libam_hal.a(am_hal_itm.o)
                0x0000eb30                am_hal_itm_enable
 .text.am_hal_itm_print
                0x0000eb78       0x30 ../../../../../mcu/apollo3/hal/gcc/bin/libam_hal.a(am_hal_itm.o)
                0x0000eb78                am_hal_itm_print
 .text.am_hal_pwrctrl_periph_enable
                0x0000eba8       0x54 ../../../../../mcu/apollo3/hal/gcc/bin/libam_hal.a(am_hal_pwrctrl.o)
                0x0000eba8                am_hal_pwrctrl_periph_enable
 .text.am_hal_pwrctrl_periph_disable
                0x0000ebfc       0x58 ../../../../../mcu/apollo3/hal/gcc/bin/libam_hal.a(am_hal_pwrctrl.o)
                0x0000ebfc                am_hal_pwrctrl_periph_disable
 .text.am_hal_pwrctrl_low_power_init
                0x0000ec54      0x1bc ../../../../../mcu/apollo3/hal/gcc/bin/libam_hal.a(am_hal_pwrctrl.o)
                0x0000ec54                am_hal_pwrctrl_low_power_init
 .text.am_hal_rtc_osc_disable
                0x0000ee10       0x14 ../../../../../mcu/apollo3/hal/gcc/bin/libam_hal.a(am_hal_rtc.o)
                0x0000ee10                am_hal_rtc_osc_disable
 .text.am_hal_sysctrl_sleep
                0x0000ee24       0x70 ../../../../../mcu/apollo3/hal/gcc/bin/libam_hal.a(am_hal_sysctrl.o)
                0x0000ee24                am_hal_sysctrl_sleep
 .text.am_hal_tpiu_enable
                0x0000ee94       0xa0 ../../../../../mcu/apollo3/hal/gcc/bin/libam_hal.a(am_hal_tpiu.o)
                0x0000ee94                am_hal_tpiu_enable
 .text.am_hal_cmdq_init
                0x0000ef34       0xb0 ../../../../../mcu/apollo3/hal/gcc/bin/libam_hal.a(am_hal_cmdq.o)
                0x0000ef34                am_hal_cmdq_init
 .text.am_hal_cmdq_enable
                0x0000efe4       0x3c ../../../../../mcu/apollo3/hal/gcc/bin/libam_hal.a(am_hal_cmdq.o)
                0x0000efe4                am_hal_cmdq_enable
 *(.rodata)
 .rodata        0x0000f020       0xbb bin/ios_fifo_host.o
 *fill*         0x0000f0db        0x1 
 .rodata        0x0000f0dc       0x13 bin/am_util_stdio.o
 *(.rodata*)
 *fill*         0x0000f0ef        0x1 
 .rodata.g_AM_BSP_GPIO_HANDSHAKE
                0x0000f0f0        0x4 bin/ios_fifo_host.o
                0x0000f0f0                g_AM_BSP_GPIO_HANDSHAKE
 .rodata.g_AM_BSP_GPIO_IOM0_CS
                0x0000f0f4        0x4 ../../../bsp/gcc/bin/libam_bsp.a(am_bsp_pins.o)
                0x0000f0f4                g_AM_BSP_GPIO_IOM0_CS
 .rodata.g_AM_BSP_GPIO_IOM0_MISO
                0x0000f0f8        0x4 ../../../bsp/gcc/bin/libam_bsp.a(am_bsp_pins.o)
                0x0000f0f8                g_AM_BSP_GPIO_IOM0_MISO
 .rodata.g_AM_BSP_GPIO_IOM0_MOSI
                0x0000f0fc        0x4 ../../../bsp/gcc/bin/libam_bsp.a(am_bsp_pins.o)
                0x0000f0fc                g_AM_BSP_GPIO_IOM0_MOSI
 .rodata.g_AM_BSP_GPIO_IOM0_SCK
                0x0000f100        0x4 ../../../bsp/gcc/bin/libam_bsp.a(am_bsp_pins.o)
                0x0000f100                g_AM_BSP_GPIO_IOM0_SCK
 .rodata.g_AM_BSP_GPIO_IOM0_SCL
                0x0000f104        0x4 ../../../bsp/gcc/bin/libam_bsp.a(am_bsp_pins.o)
                0x0000f104                g_AM_BSP_GPIO_IOM0_SCL
 .rodata.g_AM_BSP_GPIO_IOM0_SDA
                0x0000f108        0x4 ../../../bsp/gcc/bin/libam_bsp.a(am_bsp_pins.o)
                0x0000f108                g_AM_BSP_GPIO_IOM0_SDA
 .rodata.g_AM_BSP_GPIO_IOM1_CS
                0x0000f10c        0x4 ../../../bsp/gcc/bin/libam_bsp.a(am_bsp_pins.o)
                0x0000f10c                g_AM_BSP_GPIO_IOM1_CS
 .rodata.g_AM_BSP_GPIO_IOM1_MISO
                0x0000f110        0x4 ../../../bsp/gcc/bin/libam_bsp.a(am_bsp_pins.o)
                0x0000f110                g_AM_BSP_GPIO_IOM1_MISO
 .rodata.g_AM_BSP_GPIO_IOM1_MOSI
                0x0000f114        0x4 ../../../bsp/gcc/bin/libam_bsp.a(am_bsp_pins.o)
                0x0000f114                g_AM_BSP_GPIO_IOM1_MOSI
 .rodata.g_AM_BSP_GPIO_IOM1_SCK
                0x0000f118        0x4 ../../../bsp/gcc/bin/libam_bsp.a(am_bsp_pins.o)
                0x0000f118                g_AM_BSP_GPIO_IOM1_SCK
 .rodata.g_AM_BSP_GPIO_IOM1_SCL
                0x0000f11c        0x4 ../../../bsp/gcc/bin/libam_bsp.a(am_bsp_pins.o)
                0x0000f11c                g_AM_BSP_GPIO_IOM1_SCL
 .rodata.g_AM_BSP_GPIO_IOM1_SDA
                0x0000f120        0x4 ../../../bsp/gcc/bin/libam_bsp.a(am_bsp_pins.o)
                0x0000f120                g_AM_BSP_GPIO_IOM1_SDA
 .rodata.g_AM_BSP_GPIO_IOM2_CS
                0x0000f124        0x4 ../../../bsp/gcc/bin/libam_bsp.a(am_bsp_pins.o)
                0x0000f124                g_AM_BSP_GPIO_IOM2_CS
 .rodata.g_AM_BSP_GPIO_IOM2_MISO
                0x0000f128        0x4 ../../../bsp/gcc/bin/libam_bsp.a(am_bsp_pins.o)
                0x0000f128                g_AM_BSP_GPIO_IOM2_MISO
 .rodata.g_AM_BSP_GPIO_IOM2_MOSI
                0x0000f12c        0x4 ../../../bsp/gcc/bin/libam_bsp.a(am_bsp_pins.o)
                0x0000f12c                g_AM_BSP_GPIO_IOM2_MOSI
 .rodata.g_AM_BSP_GPIO_IOM2_SCK
                0x0000f130        0x4 ../../../bsp/gcc/bin/libam_bsp.a(am_bsp_pins.o)
                0x0000f130                g_AM_BSP_GPIO_IOM2_SCK
 .rodata.g_AM_BSP_GPIO_IOM2_SCL
                0x0000f134        0x4 ../../../bsp/gcc/bin/libam_bsp.a(am_bsp_pins.o)
                0x0000f134                g_AM_BSP_GPIO_IOM2_SCL
 .rodata.g_AM_BSP_GPIO_IOM2_SDA
                0x0000f138        0x4 ../../../bsp/gcc/bin/libam_bsp.a(am_bsp_pins.o)
                0x0000f138                g_AM_BSP_GPIO_IOM2_SDA
 .rodata.g_AM_BSP_GPIO_IOM3_CS
                0x0000f13c        0x4 ../../../bsp/gcc/bin/libam_bsp.a(am_bsp_pins.o)
                0x0000f13c                g_AM_BSP_GPIO_IOM3_CS
 .rodata.g_AM_BSP_GPIO_IOM3_MISO
                0x0000f140        0x4 ../../../bsp/gcc/bin/libam_bsp.a(am_bsp_pins.o)
                0x0000f140                g_AM_BSP_GPIO_IOM3_MISO
 .rodata.g_AM_BSP_GPIO_IOM3_MOSI
                0x0000f144        0x4 ../../../bsp/gcc/bin/libam_bsp.a(am_bsp_pins.o)
                0x0000f144                g_AM_BSP_GPIO_IOM3_MOSI
 .rodata.g_AM_BSP_GPIO_IOM3_SCK
                0x0000f148        0x4 ../../../bsp/gcc/bin/libam_bsp.a(am_bsp_pins.o)
                0x0000f148                g_AM_BSP_GPIO_IOM3_SCK
 .rodata.g_AM_BSP_GPIO_IOM3_SCL
                0x0000f14c        0x4 ../../../bsp/gcc/bin/libam_bsp.a(am_bsp_pins.o)
                0x0000f14c                g_AM_BSP_GPIO_IOM3_SCL
 .rodata.g_AM_BSP_GPIO_IOM3_SDA
                0x0000f150        0x4 ../../../bsp/gcc/bin/libam_bsp.a(am_bsp_pins.o)
                0x0000f150                g_AM_BSP_GPIO_IOM3_SDA
 .rodata.g_AM_BSP_GPIO_IOM4_CS
                0x0000f154        0x4 ../../../bsp/gcc/bin/libam_bsp.a(am_bsp_pins.o)
                0x0000f154                g_AM_BSP_GPIO_IOM4_CS
 .rodata.g_AM_BSP_GPIO_IOM4_MISO
                0x0000f158        0x4 ../../../bsp/gcc/bin/libam_bsp.a(am_bsp_pins.o)
                0x0000f158                g_AM_BSP_GPIO_IOM4_MISO
 .rodata.g_AM_BSP_GPIO_IOM4_MOSI
                0x0000f15c        0x4 ../../../bsp/gcc/bin/libam_bsp.a(am_bsp_pins.o)
                0x0000f15c                g_AM_BSP_GPIO_IOM4_MOSI
 .rodata.g_AM_BSP_GPIO_IOM4_SCK
                0x0000f160        0x4 ../../../bsp/gcc/bin/libam_bsp.a(am_bsp_pins.o)
                0x0000f160                g_AM_BSP_GPIO_IOM4_SCK
 .rodata.g_AM_BSP_GPIO_IOM4_SCL
                0x0000f164        0x4 ../../../bsp/gcc/bin/libam_bsp.a(am_bsp_pins.o)
                0x0000f164                g_AM_BSP_GPIO_IOM4_SCL
 .rodata.g_AM_BSP_GPIO_IOM4_SDA
                0x0000f168        0x4 ../../../bsp/gcc/bin/libam_bsp.a(am_bsp_pins.o)
                0x0000f168                g_AM_BSP_GPIO_IOM4_SDA
 .rodata.g_AM_BSP_GPIO_IOM5_CS
                0x0000f16c        0x4 ../../../bsp/gcc/bin/libam_bsp.a(am_bsp_pins.o)
                0x0000f16c                g_AM_BSP_GPIO_IOM5_CS
 .rodata.g_AM_BSP_GPIO_IOM5_MISO
                0x0000f170        0x4 ../../../bsp/gcc/bin/libam_bsp.a(am_bsp_pins.o)
                0x0000f170                g_AM_BSP_GPIO_IOM5_MISO
 .rodata.g_AM_BSP_GPIO_IOM5_MOSI
                0x0000f174        0x4 ../../../bsp/gcc/bin/libam_bsp.a(am_bsp_pins.o)
                0x0000f174                g_AM_BSP_GPIO_IOM5_MOSI
 .rodata.g_AM_BSP_GPIO_IOM5_SCK
                0x0000f178        0x4 ../../../bsp/gcc/bin/libam_bsp.a(am_bsp_pins.o)
                0x0000f178                g_AM_BSP_GPIO_IOM5_SCK
 .rodata.g_AM_BSP_GPIO_IOM5_SCL
                0x0000f17c        0x4 ../../../bsp/gcc/bin/libam_bsp.a(am_bsp_pins.o)
                0x0000f17c                g_AM_BSP_GPIO_IOM5_SCL
 .rodata.g_AM_BSP_GPIO_IOM5_SDA
                0x0000f180        0x4 ../../../bsp/gcc/bin/libam_bsp.a(am_bsp_pins.o)
                0x0000f180                g_AM_BSP_GPIO_IOM5_SDA
 .rodata.g_AM_BSP_GPIO_ITM_SWO
                0x0000f184        0x4 ../../../bsp/gcc/bin/libam_bsp.a(am_bsp_pins.o)
                0x0000f184                g_AM_BSP_GPIO_ITM_SWO
 .rodata.am_hal_cachectrl_defaults
                0x0000f188        0x3 ../../../../../mcu/apollo3/hal/gcc/bin/libam_hal.a(am_hal_cachectrl.o)
                0x0000f188                am_hal_cachectrl_defaults
 *fill*         0x0000f18b        0x1 
 .rodata.g_AM_HAL_GPIO_DISABLE
                0x0000f18c        0x4 ../../../../../mcu/apollo3/hal/gcc/bin/libam_hal.a(am_hal_gpio.o)
                0x0000f18c                g_AM_HAL_GPIO_DISABLE
 .rodata.g_AM_HAL_GPIO_OUTPUT
                0x0000f190        0x4 ../../../../../mcu/apollo3/hal/gcc/bin/libam_hal.a(am_hal_gpio.o)
                0x0000f190                g_AM_HAL_GPIO_OUTPUT
 .rodata.g_ui8Bit76Capabilities
                0x0000f194       0x32 ../../../../../mcu/apollo3/hal/gcc/bin/libam_hal.a(am_hal_gpio.o)
 *fill*         0x0000f1c6        0x2 
 .rodata.g_ui8Inpen
                0x0000f1c8       0x32 ../../../../../mcu/apollo3/hal/gcc/bin/libam_hal.a(am_hal_gpio.o)
 *fill*         0x0000f1fa        0x2 
 .rodata.g_ui8NCEtable
                0x0000f1fc       0xc8 ../../../../../mcu/apollo3/hal/gcc/bin/libam_hal.a(am_hal_gpio.o)
 .rodata.g_ui8nCEpins
                0x0000f2c4       0x32 ../../../../../mcu/apollo3/hal/gcc/bin/libam_hal.a(am_hal_gpio.o)
 *fill*         0x0000f2f6        0x2 
 .rodata.am_hal_pwrctrl_peripheral_control
                0x0000f2f8       0xb4 ../../../../../mcu/apollo3/hal/gcc/bin/libam_hal.a(am_hal_pwrctrl.o)
                0x0000f2f8                am_hal_pwrctrl_peripheral_control
 .rodata.gAmHalCmdQReg
                0x0000f3ac      0x140 ../../../../../mcu/apollo3/hal/gcc/bin/libam_hal.a(am_hal_cmdq.o)
                0x0000f4ec                . = ALIGN (0x4)
                0x0000f4ec                _etext = .

.glue_7         0x0000f4ec        0x0
 .glue_7        0x0000f4ec        0x0 linker stubs

.glue_7t        0x0000f4ec        0x0
 .glue_7t       0x0000f4ec        0x0 linker stubs

.vfp11_veneer   0x0000f4ec        0x0
 .vfp11_veneer  0x0000f4ec        0x0 linker stubs

.v4_bx          0x0000f4ec        0x0
 .v4_bx         0x0000f4ec        0x0 linker stubs

.iplt           0x0000f4ec        0x0
 .iplt          0x0000f4ec        0x0 bin/ios_fifo_host.o

.rel.dyn        0x0000f4ec        0x0
 .rel.iplt      0x0000f4ec        0x0 bin/ios_fifo_host.o

.stack          0x10000000     0x1000
                0x10000000                . = ALIGN (0x8)
 *(.stack)
 .stack         0x10000000     0x1000 bin/startup_gcc.o
 *(.stack*)
                0x10001000                . = ALIGN (0x8)

.data           0x10001000       0x5c load address 0x0000f4ec
                0x10001000                . = ALIGN (0x4)
                0x10001000                _sdata = .
 *(.data)
 *(.data*)
 .data.g_sIOMSpiConfig
                0x10001000       0x14 bin/ios_fifo_host.o
 .data.g_sIOMI2cConfig
                0x10001014       0x14 bin/ios_fifo_host.o
 .data.am_bsp_psLEDs
                0x10001028       0x28 ../../../bsp/gcc/bin/libam_bsp.a(am_bsp.o)
                0x10001028                am_bsp_psLEDs
 .data.SRAM_write_ui32
                0x10001050        0xc ../../../../../mcu/apollo3/hal/gcc/bin/libam_hal.a(am_hal_flash.o)
                0x10001050                SRAM_write_ui32
                0x1000105c                . = ALIGN (0x4)
                0x1000105c                _edata = .
                0x0000f4ec                _init_data = LOADADDR (.data)

.igot.plt       0x1000105c        0x0 load address 0x0000f548
 .igot.plt      0x1000105c        0x0 bin/ios_fifo_host.o

.bss            0x1000105c     0x3bec load address 0x0000f548
                0x1000105c                . = ALIGN (0x4)
                0x1000105c                _sbss = .
 *(.bss)
 *(.bss*)
 .bss.g_pui8RcvBuf
                0x1000105c      0x400 bin/ios_fifo_host.o
                0x1000105c                g_pui8RcvBuf
 .bss.g_startIdx
                0x1000145c        0x4 bin/ios_fifo_host.o
                0x1000145c                g_startIdx
 .bss.bIosInt   0x10001460        0x1 bin/ios_fifo_host.o
                0x10001460                bIosInt
 *fill*         0x10001461        0x3 
 .bss.g_IOMHandle
                0x10001464        0x4 bin/ios_fifo_host.o
                0x10001464                g_IOMHandle
 .bss.g_ui32LastUpdate
                0x10001468        0x4 bin/ios_fifo_host.o
                0x10001468                g_ui32LastUpdate
 .bss.g_pfnCharPrint
                0x1000146c        0x4 bin/am_util_stdio.o
                0x1000146c                g_pfnCharPrint
 .bss.g_prfbuf  0x10001470      0x100 bin/am_util_stdio.o
 .bss.g_bTxtXlate
                0x10001570        0x1 bin/am_util_stdio.o
 *fill*         0x10001571        0x3 
 .bss.g_ui32PrintInterface
                0x10001574        0x4 ../../../bsp/gcc/bin/libam_bsp.a(am_bsp.o)
 .bss.gpio_pHandlerCtxt
                0x10001578       0xc8 ../../../../../mcu/apollo3/hal/gcc/bin/libam_hal.a(am_hal_gpio.o)
 .bss.gpio_ppfnHandlers
                0x10001640       0xc8 ../../../../../mcu/apollo3/hal/gcc/bin/libam_hal.a(am_hal_gpio.o)
 .bss.g_IOMhandles
                0x10001708     0x33d8 ../../../../../mcu/apollo3/hal/gcc/bin/libam_hal.a(am_hal_iom.o)
                0x10001708                g_IOMhandles
 .bss.gAmHalResetStatus
                0x10004ae0        0x4 ../../../../../mcu/apollo3/hal/gcc/bin/libam_hal.a(am_hal_reset.o)
                0x10004ae0                gAmHalResetStatus
 .bss.g_ui32BusWriteFlush
                0x10004ae4        0x4 ../../../../../mcu/apollo3/hal/gcc/bin/libam_hal.a(am_hal_sysctrl.o)
 .bss.gAmHalCmdq
                0x10004ae8      0x160 ../../../../../mcu/apollo3/hal/gcc/bin/libam_hal.a(am_hal_cmdq.o)
 *(COMMON)
                0x10004c48                . = ALIGN (0x4)
                0x10004c48                _ebss = .

.ARM.attributes
                0x00000000       0x34
 *(.ARM.attributes)
 .ARM.attributes
                0x00000000       0x34 bin/ios_fifo_host.o
 .ARM.attributes
                0x00000034       0x34 bin/am_util_delay.o
 .ARM.attributes
                0x00000068       0x34 bin/am_util_stdio.o
 .ARM.attributes
                0x0000009c       0x34 bin/startup_gcc.o
 .ARM.attributes
                0x000000d0       0x1e c:/program files (x86)/gnu arm embedded toolchain/10 2021.10/bin/../lib/gcc/arm-none-eabi/10.3.1/thumb/v7e-m+fp/hard\libgcc.a(_arm_truncdfsf2.o)
 .ARM.attributes
                0x000000ee       0x34 ../../../bsp/gcc/bin/libam_bsp.a(am_bsp.o)
 .ARM.attributes
                0x00000122       0x34 ../../../bsp/gcc/bin/libam_bsp.a(am_bsp_pins.o)
 .ARM.attributes
                0x00000156       0x34 ../../../../../mcu/apollo3/hal/gcc/bin/libam_hal.a(am_hal_cachectrl.o)
 .ARM.attributes
                0x0000018a       0x34 ../../../../../mcu/apollo3/hal/gcc/bin/libam_hal.a(am_hal_clkgen.o)
 .ARM.attributes
                0x000001be       0x34 ../../../../../mcu/apollo3/hal/gcc/bin/libam_hal.a(am_hal_flash.o)
 .ARM.attributes
                0x000001f2       0x34 ../../../../../mcu/apollo3/hal/gcc/bin/libam_hal.a(am_hal_gpio.o)
 .ARM.attributes
                0x00000226       0x34 ../../../../../mcu/apollo3/hal/gcc/bin/libam_hal.a(am_hal_interrupt.o)
 .ARM.attributes
                0x0000025a       0x34 ../../../../../mcu/apollo3/hal/gcc/bin/libam_hal.a(am_hal_iom.o)
 .ARM.attributes
                0x0000028e       0x34 ../../../../../mcu/apollo3/hal/gcc/bin/libam_hal.a(am_hal_itm.o)
 .ARM.attributes
                0x000002c2       0x34 ../../../../../mcu/apollo3/hal/gcc/bin/libam_hal.a(am_hal_pwrctrl.o)
 .ARM.attributes
                0x000002f6       0x34 ../../../../../mcu/apollo3/hal/gcc/bin/libam_hal.a(am_hal_reset.o)
 .ARM.attributes
                0x0000032a       0x34 ../../../../../mcu/apollo3/hal/gcc/bin/libam_hal.a(am_hal_rtc.o)
 .ARM.attributes
                0x0000035e       0x34 ../../../../../mcu/apollo3/hal/gcc/bin/libam_hal.a(am_hal_sysctrl.o)
 .ARM.attributes
                0x00000392       0x34 ../../../../../mcu/apollo3/hal/gcc/bin/libam_hal.a(am_hal_tpiu.o)
 .ARM.attributes
                0x000003c6       0x34 ../../../../../mcu/apollo3/hal/gcc/bin/libam_hal.a(am_hal_cmdq.o)
LOAD bin/ios_fifo_host.o
LOAD bin/am_util_delay.o
LOAD bin/am_util_stdio.o
LOAD bin/startup_gcc.o
START GROUP
LOAD c:/program files (x86)/gnu arm embedded toolchain/10 2021.10/bin/../lib/gcc/arm-none-eabi/10.3.1/../../../../arm-none-eabi/lib/thumb/v7e-m+fp/hard\libm.a
LOAD c:/program files (x86)/gnu arm embedded toolchain/10 2021.10/bin/../lib/gcc/arm-none-eabi/10.3.1/../../../../arm-none-eabi/lib/thumb/v7e-m+fp/hard\libc.a
LOAD c:/program files (x86)/gnu arm embedded toolchain/10 2021.10/bin/../lib/gcc/arm-none-eabi/10.3.1/thumb/v7e-m+fp/hard\libgcc.a
LOAD ../../../bsp/gcc/bin/libam_bsp.a
LOAD ../../../../../mcu/apollo3/hal/gcc/bin/libam_hal.a
END GROUP
START GROUP
LOAD c:/program files (x86)/gnu arm embedded toolchain/10 2021.10/bin/../lib/gcc/arm-none-eabi/10.3.1/thumb/v7e-m+fp/hard\libgcc.a
LOAD c:/program files (x86)/gnu arm embedded toolchain/10 2021.10/bin/../lib/gcc/arm-none-eabi/10.3.1/../../../../arm-none-eabi/lib/thumb/v7e-m+fp/hard\libc.a
END GROUP
OUTPUT(bin/ios_fifo_host.axf elf32-littlearm)
LOAD linker stubs

.debug_info     0x00000000     0x1948
 .debug_info    0x00000000      0xd41 bin/ios_fifo_host.o
 .debug_info    0x00000d41      0x190 bin/am_util_delay.o
 .debug_info    0x00000ed1      0x926 bin/am_util_stdio.o
 .debug_info    0x000017f7      0x151 bin/startup_gcc.o

.debug_abbrev   0x00000000      0x693
 .debug_abbrev  0x00000000      0x2ea bin/ios_fifo_host.o
 .debug_abbrev  0x000002ea       0xb1 bin/am_util_delay.o
 .debug_abbrev  0x0000039b      0x235 bin/am_util_stdio.o
 .debug_abbrev  0x000005d0       0xc3 bin/startup_gcc.o

.debug_aranges  0x00000000      0x170
 .debug_aranges
                0x00000000       0x68 bin/ios_fifo_host.o
 .debug_aranges
                0x00000068       0x30 bin/am_util_delay.o
 .debug_aranges
                0x00000098       0xa0 bin/am_util_stdio.o
 .debug_aranges
                0x00000138       0x38 bin/startup_gcc.o

.debug_ranges   0x00000000      0x130
 .debug_ranges  0x00000000       0x58 bin/ios_fifo_host.o
 .debug_ranges  0x00000058       0x20 bin/am_util_delay.o
 .debug_ranges  0x00000078       0x90 bin/am_util_stdio.o
 .debug_ranges  0x00000108       0x28 bin/startup_gcc.o

.debug_line     0x00000000     0x11b6
 .debug_line    0x00000000      0x483 bin/ios_fifo_host.o
 .debug_line    0x00000483      0x1aa bin/am_util_delay.o
 .debug_line    0x0000062d      0xa1a bin/am_util_stdio.o
 .debug_line    0x00001047      0x16f bin/startup_gcc.o

.debug_str      0x00000000     0x195c
 .debug_str     0x00000000     0x14b5 bin/ios_fifo_host.o
                               0x151b (size before relaxing)
 .debug_str     0x000014b5       0xe9 bin/am_util_delay.o
                                0x29d (size before relaxing)
 .debug_str     0x0000159e      0x34c bin/am_util_stdio.o
                                0x579 (size before relaxing)
 .debug_str     0x000018ea       0x72 bin/startup_gcc.o
                                0x220 (size before relaxing)

.comment        0x00000000       0x49
 .comment       0x00000000       0x49 bin/ios_fifo_host.o
                                 0x4a (size before relaxing)
 .comment       0x00000049       0x4a bin/am_util_delay.o
 .comment       0x00000049       0x4a bin/am_util_stdio.o
 .comment       0x00000049       0x4a bin/startup_gcc.o
 .comment       0x00000049       0x4a ../../../bsp/gcc/bin/libam_bsp.a(am_bsp.o)
 .comment       0x00000049       0x4a ../../../bsp/gcc/bin/libam_bsp.a(am_bsp_pins.o)
 .comment       0x00000049       0x4a ../../../../../mcu/apollo3/hal/gcc/bin/libam_hal.a(am_hal_cachectrl.o)
 .comment       0x00000049       0x4a ../../../../../mcu/apollo3/hal/gcc/bin/libam_hal.a(am_hal_clkgen.o)
 .comment       0x00000049       0x4a ../../../../../mcu/apollo3/hal/gcc/bin/libam_hal.a(am_hal_flash.o)
 .comment       0x00000049       0x4a ../../../../../mcu/apollo3/hal/gcc/bin/libam_hal.a(am_hal_gpio.o)
 .comment       0x00000049       0x4a ../../../../../mcu/apollo3/hal/gcc/bin/libam_hal.a(am_hal_interrupt.o)
 .comment       0x00000049       0x4a ../../../../../mcu/apollo3/hal/gcc/bin/libam_hal.a(am_hal_iom.o)
 .comment       0x00000049       0x4a ../../../../../mcu/apollo3/hal/gcc/bin/libam_hal.a(am_hal_itm.o)
 .comment       0x00000049       0x4a ../../../../../mcu/apollo3/hal/gcc/bin/libam_hal.a(am_hal_pwrctrl.o)
 .comment       0x00000049       0x4a ../../../../../mcu/apollo3/hal/gcc/bin/libam_hal.a(am_hal_reset.o)
 .comment       0x00000049       0x4a ../../../../../mcu/apollo3/hal/gcc/bin/libam_hal.a(am_hal_rtc.o)
 .comment       0x00000049       0x4a ../../../../../mcu/apollo3/hal/gcc/bin/libam_hal.a(am_hal_sysctrl.o)
 .comment       0x00000049       0x4a ../../../../../mcu/apollo3/hal/gcc/bin/libam_hal.a(am_hal_tpiu.o)
 .comment       0x00000049       0x4a ../../../../../mcu/apollo3/hal/gcc/bin/libam_hal.a(am_hal_cmdq.o)

.debug_frame    0x00000000      0x418
 .debug_frame   0x00000000      0x110 bin/ios_fifo_host.o
 .debug_frame   0x00000110       0x64 bin/am_util_delay.o
 .debug_frame   0x00000174      0x230 bin/am_util_stdio.o
 .debug_frame   0x000003a4       0x50 bin/startup_gcc.o
 .debug_frame   0x000003f4       0x24 c:/program files (x86)/gnu arm embedded toolchain/10 2021.10/bin/../lib/gcc/arm-none-eabi/10.3.1/thumb/v7e-m+fp/hard\libgcc.a(_arm_truncdfsf2.o)
