Archive member included to satisfy reference by file (symbol)

c:/program files (x86)/gnu arm embedded toolchain/10 2021.10/bin/../lib/gcc/arm-none-eabi/10.3.1/thumb/v7e-m+fp/hard\libgcc.a(_arm_truncdfsf2.o)
                              bin/am_util_stdio.o (__aeabi_d2f)
../../../bsp/gcc/bin/libam_bsp.a(am_bsp.o)
                              bin/uart_ble_bridge.o (am_bsp_low_power_init)
../../../bsp/gcc/bin/libam_bsp.a(am_bsp_pins.o)
                              ../../../bsp/gcc/bin/libam_bsp.a(am_bsp.o) (g_AM_BSP_GPIO_ITM_SWO)
../../../../../mcu/apollo3/hal/gcc/bin/libam_hal.a(am_hal_ble.o)
                              bin/uart_ble_bridge.o (am_hal_ble_wakeup_set)
../../../../../mcu/apollo3/hal/gcc/bin/libam_hal.a(am_hal_ble_patch.o)
                              ../../../../../mcu/apollo3/hal/gcc/bin/libam_hal.a(am_hal_ble.o) (am_hal_ble_num_default_patches)
../../../../../mcu/apollo3/hal/gcc/bin/libam_hal.a(am_hal_ble_patch_b0.o)
                              ../../../../../mcu/apollo3/hal/gcc/bin/libam_hal.a(am_hal_ble.o) (am_hal_ble_num_default_patches_b0)
../../../../../mcu/apollo3/hal/gcc/bin/libam_hal.a(am_hal_clkgen.o)
                              bin/uart_ble_bridge.o (am_hal_clkgen_control)
../../../../../mcu/apollo3/hal/gcc/bin/libam_hal.a(am_hal_flash.o)
                              bin/am_util_delay.o (am_hal_flash_delay)
../../../../../mcu/apollo3/hal/gcc/bin/libam_hal.a(am_hal_gpio.o)
                              bin/uart_ble_bridge.o (am_hal_gpio_pinconfig)
../../../../../mcu/apollo3/hal/gcc/bin/libam_hal.a(am_hal_interrupt.o)
                              bin/uart_ble_bridge.o (am_hal_interrupt_master_enable)
../../../../../mcu/apollo3/hal/gcc/bin/libam_hal.a(am_hal_itm.o)
                              ../../../bsp/gcc/bin/libam_bsp.a(am_bsp.o) (am_hal_itm_enable)
../../../../../mcu/apollo3/hal/gcc/bin/libam_hal.a(am_hal_mcuctrl.o)
                              bin/am_util_faultisr.o (am_hal_mcuctrl_info_get)
../../../../../mcu/apollo3/hal/gcc/bin/libam_hal.a(am_hal_pwrctrl.o)
                              ../../../../../mcu/apollo3/hal/gcc/bin/libam_hal.a(am_hal_ble.o) (am_hal_pwrctrl_periph_enable)
../../../../../mcu/apollo3/hal/gcc/bin/libam_hal.a(am_hal_reset.o)
                              ../../../../../mcu/apollo3/hal/gcc/bin/libam_hal.a(am_hal_clkgen.o) (gAmHalResetStatus)
../../../../../mcu/apollo3/hal/gcc/bin/libam_hal.a(am_hal_rtc.o)
                              ../../../bsp/gcc/bin/libam_bsp.a(am_bsp.o) (am_hal_rtc_osc_disable)
../../../../../mcu/apollo3/hal/gcc/bin/libam_hal.a(am_hal_tpiu.o)
                              ../../../bsp/gcc/bin/libam_bsp.a(am_bsp.o) (am_hal_tpiu_enable)
../../../../../mcu/apollo3/hal/gcc/bin/libam_hal.a(am_hal_uart.o)
                              bin/uart_ble_bridge.o (am_hal_uart_initialize)
../../../../../mcu/apollo3/hal/gcc/bin/libam_hal.a(am_hal_cachectrl.o)
                              ../../../../../mcu/apollo3/hal/gcc/bin/libam_hal.a(am_hal_pwrctrl.o) (am_hal_cachectrl_control)
../../../../../mcu/apollo3/hal/gcc/bin/libam_hal.a(am_hal_queue.o)
                              ../../../../../mcu/apollo3/hal/gcc/bin/libam_hal.a(am_hal_uart.o) (am_hal_queue_init)
c:/program files (x86)/gnu arm embedded toolchain/10 2021.10/bin/../lib/gcc/arm-none-eabi/10.3.1/../../../../arm-none-eabi/lib/thumb/v7e-m+fp/hard\libc.a(lib_a-memcpy.o)
                              ../../../../../mcu/apollo3/hal/gcc/bin/libam_hal.a(am_hal_ble.o) (memcpy)

Discarded input sections

 .text          0x00000000        0x0 bin/uart_ble_bridge.o
 .data          0x00000000        0x0 bin/uart_ble_bridge.o
 .bss           0x00000000        0x0 bin/uart_ble_bridge.o
 .text          0x00000000        0x0 bin/am_util_ble.o
 .data          0x00000000        0x0 bin/am_util_ble.o
 .bss           0x00000000        0x0 bin/am_util_ble.o
 .text.am_util_ble_BQB_test_init
                0x00000000       0x74 bin/am_util_ble.o
 .text.am_util_ble_hci_reset
                0x00000000       0xc4 bin/am_util_ble.o
 .text.am_util_ble_trasmitter_test_ex
                0x00000000       0xe0 bin/am_util_ble.o
 .text.am_util_ble_receiver_test_ex
                0x00000000      0x110 bin/am_util_ble.o
 .text.am_util_ble_read_modex_value
                0x00000000       0x48 bin/am_util_ble.o
 .text          0x00000000        0x0 bin/am_util_delay.o
 .data          0x00000000        0x0 bin/am_util_delay.o
 .bss           0x00000000        0x0 bin/am_util_delay.o
 .text.am_util_delay_cycles
                0x00000000       0x14 bin/am_util_delay.o
 .text.am_util_delay_us
                0x00000000       0x38 bin/am_util_delay.o
 .text          0x00000000        0x0 bin/am_util_faultisr.o
 .data          0x00000000        0x0 bin/am_util_faultisr.o
 .bss           0x00000000        0x0 bin/am_util_faultisr.o
 .text          0x00000000        0x0 bin/am_util_stdio.o
 .data          0x00000000        0x0 bin/am_util_stdio.o
 .bss           0x00000000        0x0 bin/am_util_stdio.o
 .text.am_util_stdio_strtoul
                0x00000000       0xfe bin/am_util_stdio.o
 .text.am_util_stdio_textmode_set
                0x00000000       0x28 bin/am_util_stdio.o
 .text.am_util_stdio_sprintf
                0x00000000       0x26 bin/am_util_stdio.o
 .rodata        0x00000000       0x13 bin/am_util_stdio.o
 .text.am_util_stdio_terminal_clear
                0x00000000       0x10 bin/am_util_stdio.o
 .text          0x00000000        0x0 bin/startup_gcc.o
 .data          0x00000000        0x0 bin/startup_gcc.o
 .bss           0x00000000        0x0 bin/startup_gcc.o
 .data          0x00000000        0x0 c:/program files (x86)/gnu arm embedded toolchain/10 2021.10/bin/../lib/gcc/arm-none-eabi/10.3.1/thumb/v7e-m+fp/hard\libgcc.a(_arm_truncdfsf2.o)
 .bss           0x00000000        0x0 c:/program files (x86)/gnu arm embedded toolchain/10 2021.10/bin/../lib/gcc/arm-none-eabi/10.3.1/thumb/v7e-m+fp/hard\libgcc.a(_arm_truncdfsf2.o)
 .text          0x00000000        0x0 ../../../bsp/gcc/bin/libam_bsp.a(am_bsp.o)
 .data          0x00000000        0x0 ../../../bsp/gcc/bin/libam_bsp.a(am_bsp.o)
 .bss           0x00000000        0x0 ../../../bsp/gcc/bin/libam_bsp.a(am_bsp.o)
 .text.am_bsp_uart_string_print
                0x00000000       0x4c ../../../bsp/gcc/bin/libam_bsp.a(am_bsp.o)
 .text.am_bsp_debug_printf_enable
                0x00000000       0xe8 ../../../bsp/gcc/bin/libam_bsp.a(am_bsp.o)
 .text.am_bsp_debug_printf_disable
                0x00000000       0x6c ../../../bsp/gcc/bin/libam_bsp.a(am_bsp.o)
 .text.am_bsp_itm_printf_disable
                0x00000000       0x20 ../../../bsp/gcc/bin/libam_bsp.a(am_bsp.o)
 .text.am_bsp_iom_pins_enable
                0x00000000      0x26c ../../../bsp/gcc/bin/libam_bsp.a(am_bsp.o)
 .text.am_bsp_iom_pins_disable
                0x00000000      0x1b4 ../../../bsp/gcc/bin/libam_bsp.a(am_bsp.o)
 .text.am_bsp_mspi_pins_enable
                0x00000000      0x130 ../../../bsp/gcc/bin/libam_bsp.a(am_bsp.o)
 .text.am_bsp_mspi_pins_disable
                0x00000000      0x138 ../../../bsp/gcc/bin/libam_bsp.a(am_bsp.o)
 .text.am_bsp_ios_pins_enable
                0x00000000       0x68 ../../../bsp/gcc/bin/libam_bsp.a(am_bsp.o)
 .text.am_bsp_ios_pins_disable
                0x00000000       0x50 ../../../bsp/gcc/bin/libam_bsp.a(am_bsp.o)
 .text.am_bsp_com_uart_transfer
                0x00000000       0x10 ../../../bsp/gcc/bin/libam_bsp.a(am_bsp.o)
 .text.am_bsp_uart_printf_enable
                0x00000000       0x5c ../../../bsp/gcc/bin/libam_bsp.a(am_bsp.o)
 .text.am_bsp_uart_printf_disable
                0x00000000       0x44 ../../../bsp/gcc/bin/libam_bsp.a(am_bsp.o)
 .text.am_bsp_buffered_uart_printf_enable
                0x00000000       0x64 ../../../bsp/gcc/bin/libam_bsp.a(am_bsp.o)
 .text.am_bsp_buffered_uart_service
                0x00000000       0x2c ../../../bsp/gcc/bin/libam_bsp.a(am_bsp.o)
 .bss.am_bsp_uart_pwrsave
                0x00000000       0x18 ../../../bsp/gcc/bin/libam_bsp.a(am_bsp.o)
 .bss.g_sCOMUART
                0x00000000        0x4 ../../../bsp/gcc/bin/libam_bsp.a(am_bsp.o)
 .bss.pui8UartRxBuffer
                0x00000000      0x400 ../../../bsp/gcc/bin/libam_bsp.a(am_bsp.o)
 .bss.pui8UartTxBuffer
                0x00000000      0x400 ../../../bsp/gcc/bin/libam_bsp.a(am_bsp.o)
 .data.am_bsp_psButtons
                0x00000000       0x30 ../../../bsp/gcc/bin/libam_bsp.a(am_bsp.o)
 .data.g_sBspUartBufferedConfig
                0x00000000       0x28 ../../../bsp/gcc/bin/libam_bsp.a(am_bsp.o)
 .rodata.g_sBspUartConfig
                0x00000000       0x28 ../../../bsp/gcc/bin/libam_bsp.a(am_bsp.o)
 .text          0x00000000        0x0 ../../../bsp/gcc/bin/libam_bsp.a(am_bsp_pins.o)
 .data          0x00000000        0x0 ../../../bsp/gcc/bin/libam_bsp.a(am_bsp_pins.o)
 .bss           0x00000000        0x0 ../../../bsp/gcc/bin/libam_bsp.a(am_bsp_pins.o)
 .rodata.g_AM_BSP_GPIO_BUTTON0
                0x00000000        0x4 ../../../bsp/gcc/bin/libam_bsp.a(am_bsp_pins.o)
 .rodata.g_AM_BSP_GPIO_BUTTON1
                0x00000000        0x4 ../../../bsp/gcc/bin/libam_bsp.a(am_bsp_pins.o)
 .rodata.g_AM_BSP_GPIO_BUTTON2
                0x00000000        0x4 ../../../bsp/gcc/bin/libam_bsp.a(am_bsp_pins.o)
 .rodata.g_AM_BSP_GPIO_COM_UART_CTS
                0x00000000        0x4 ../../../bsp/gcc/bin/libam_bsp.a(am_bsp_pins.o)
 .rodata.g_AM_BSP_GPIO_COM_UART_RTS
                0x00000000        0x4 ../../../bsp/gcc/bin/libam_bsp.a(am_bsp_pins.o)
 .rodata.g_AM_BSP_GPIO_IOM0_CS
                0x00000000        0x4 ../../../bsp/gcc/bin/libam_bsp.a(am_bsp_pins.o)
 .rodata.g_AM_BSP_GPIO_IOM0_CS3
                0x00000000        0x4 ../../../bsp/gcc/bin/libam_bsp.a(am_bsp_pins.o)
 .rodata.g_AM_BSP_GPIO_IOM0_MISO
                0x00000000        0x4 ../../../bsp/gcc/bin/libam_bsp.a(am_bsp_pins.o)
 .rodata.g_AM_BSP_GPIO_IOM0_MOSI
                0x00000000        0x4 ../../../bsp/gcc/bin/libam_bsp.a(am_bsp_pins.o)
 .rodata.g_AM_BSP_GPIO_IOM0_SCK
                0x00000000        0x4 ../../../bsp/gcc/bin/libam_bsp.a(am_bsp_pins.o)
 .rodata.g_AM_BSP_GPIO_IOM0_SCL
                0x00000000        0x4 ../../../bsp/gcc/bin/libam_bsp.a(am_bsp_pins.o)
 .rodata.g_AM_BSP_GPIO_IOM0_SDA
                0x00000000        0x4 ../../../bsp/gcc/bin/libam_bsp.a(am_bsp_pins.o)
 .rodata.g_AM_BSP_GPIO_IOM1_CS
                0x00000000        0x4 ../../../bsp/gcc/bin/libam_bsp.a(am_bsp_pins.o)
 .rodata.g_AM_BSP_GPIO_IOM1_MISO
                0x00000000        0x4 ../../../bsp/gcc/bin/libam_bsp.a(am_bsp_pins.o)
 .rodata.g_AM_BSP_GPIO_IOM1_MOSI
                0x00000000        0x4 ../../../bsp/gcc/bin/libam_bsp.a(am_bsp_pins.o)
 .rodata.g_AM_BSP_GPIO_IOM1_SCK
                0x00000000        0x4 ../../../bsp/gcc/bin/libam_bsp.a(am_bsp_pins.o)
 .rodata.g_AM_BSP_GPIO_IOM1_SCL
                0x00000000        0x4 ../../../bsp/gcc/bin/libam_bsp.a(am_bsp_pins.o)
 .rodata.g_AM_BSP_GPIO_IOM1_SDA
                0x00000000        0x4 ../../../bsp/gcc/bin/libam_bsp.a(am_bsp_pins.o)
 .rodata.g_AM_BSP_GPIO_IOM2_CS
                0x00000000        0x4 ../../../bsp/gcc/bin/libam_bsp.a(am_bsp_pins.o)
 .rodata.g_AM_BSP_GPIO_IOM2_MISO
                0x00000000        0x4 ../../../bsp/gcc/bin/libam_bsp.a(am_bsp_pins.o)
 .rodata.g_AM_BSP_GPIO_IOM2_MOSI
                0x00000000        0x4 ../../../bsp/gcc/bin/libam_bsp.a(am_bsp_pins.o)
 .rodata.g_AM_BSP_GPIO_IOM2_SCK
                0x00000000        0x4 ../../../bsp/gcc/bin/libam_bsp.a(am_bsp_pins.o)
 .rodata.g_AM_BSP_GPIO_IOM2_SCL
                0x00000000        0x4 ../../../bsp/gcc/bin/libam_bsp.a(am_bsp_pins.o)
 .rodata.g_AM_BSP_GPIO_IOM2_SDA
                0x00000000        0x4 ../../../bsp/gcc/bin/libam_bsp.a(am_bsp_pins.o)
 .rodata.g_AM_BSP_GPIO_IOM3_CS
                0x00000000        0x4 ../../../bsp/gcc/bin/libam_bsp.a(am_bsp_pins.o)
 .rodata.g_AM_BSP_GPIO_IOM3_MISO
                0x00000000        0x4 ../../../bsp/gcc/bin/libam_bsp.a(am_bsp_pins.o)
 .rodata.g_AM_BSP_GPIO_IOM3_MOSI
                0x00000000        0x4 ../../../bsp/gcc/bin/libam_bsp.a(am_bsp_pins.o)
 .rodata.g_AM_BSP_GPIO_IOM3_SCK
                0x00000000        0x4 ../../../bsp/gcc/bin/libam_bsp.a(am_bsp_pins.o)
 .rodata.g_AM_BSP_GPIO_IOM3_SCL
                0x00000000        0x4 ../../../bsp/gcc/bin/libam_bsp.a(am_bsp_pins.o)
 .rodata.g_AM_BSP_GPIO_IOM3_SDA
                0x00000000        0x4 ../../../bsp/gcc/bin/libam_bsp.a(am_bsp_pins.o)
 .rodata.g_AM_BSP_GPIO_IOM4_CS
                0x00000000        0x4 ../../../bsp/gcc/bin/libam_bsp.a(am_bsp_pins.o)
 .rodata.g_AM_BSP_GPIO_IOM4_MISO
                0x00000000        0x4 ../../../bsp/gcc/bin/libam_bsp.a(am_bsp_pins.o)
 .rodata.g_AM_BSP_GPIO_IOM4_MOSI
                0x00000000        0x4 ../../../bsp/gcc/bin/libam_bsp.a(am_bsp_pins.o)
 .rodata.g_AM_BSP_GPIO_IOM4_SCK
                0x00000000        0x4 ../../../bsp/gcc/bin/libam_bsp.a(am_bsp_pins.o)
 .rodata.g_AM_BSP_GPIO_IOM4_SCL
                0x00000000        0x4 ../../../bsp/gcc/bin/libam_bsp.a(am_bsp_pins.o)
 .rodata.g_AM_BSP_GPIO_IOM4_SDA
                0x00000000        0x4 ../../../bsp/gcc/bin/libam_bsp.a(am_bsp_pins.o)
 .rodata.g_AM_BSP_GPIO_IOM5_CS
                0x00000000        0x4 ../../../bsp/gcc/bin/libam_bsp.a(am_bsp_pins.o)
 .rodata.g_AM_BSP_GPIO_IOM5_MISO
                0x00000000        0x4 ../../../bsp/gcc/bin/libam_bsp.a(am_bsp_pins.o)
 .rodata.g_AM_BSP_GPIO_IOM5_MOSI
                0x00000000        0x4 ../../../bsp/gcc/bin/libam_bsp.a(am_bsp_pins.o)
 .rodata.g_AM_BSP_GPIO_IOM5_SCK
                0x00000000        0x4 ../../../bsp/gcc/bin/libam_bsp.a(am_bsp_pins.o)
 .rodata.g_AM_BSP_GPIO_IOM5_SCL
                0x00000000        0x4 ../../../bsp/gcc/bin/libam_bsp.a(am_bsp_pins.o)
 .rodata.g_AM_BSP_GPIO_IOM5_SDA
                0x00000000        0x4 ../../../bsp/gcc/bin/libam_bsp.a(am_bsp_pins.o)
 .rodata.g_AM_BSP_GPIO_IOS_CE
                0x00000000        0x4 ../../../bsp/gcc/bin/libam_bsp.a(am_bsp_pins.o)
 .rodata.g_AM_BSP_GPIO_IOS_MISO
                0x00000000        0x4 ../../../bsp/gcc/bin/libam_bsp.a(am_bsp_pins.o)
 .rodata.g_AM_BSP_GPIO_IOS_MOSI
                0x00000000        0x4 ../../../bsp/gcc/bin/libam_bsp.a(am_bsp_pins.o)
 .rodata.g_AM_BSP_GPIO_IOS_SCK
                0x00000000        0x4 ../../../bsp/gcc/bin/libam_bsp.a(am_bsp_pins.o)
 .rodata.g_AM_BSP_GPIO_IOS_SCL
                0x00000000        0x4 ../../../bsp/gcc/bin/libam_bsp.a(am_bsp_pins.o)
 .rodata.g_AM_BSP_GPIO_IOS_SDA
                0x00000000        0x4 ../../../bsp/gcc/bin/libam_bsp.a(am_bsp_pins.o)
 .rodata.g_AM_BSP_GPIO_LED0
                0x00000000        0x4 ../../../bsp/gcc/bin/libam_bsp.a(am_bsp_pins.o)
 .rodata.g_AM_BSP_GPIO_LED1
                0x00000000        0x4 ../../../bsp/gcc/bin/libam_bsp.a(am_bsp_pins.o)
 .rodata.g_AM_BSP_GPIO_LED2
                0x00000000        0x4 ../../../bsp/gcc/bin/libam_bsp.a(am_bsp_pins.o)
 .rodata.g_AM_BSP_GPIO_LED3
                0x00000000        0x4 ../../../bsp/gcc/bin/libam_bsp.a(am_bsp_pins.o)
 .rodata.g_AM_BSP_GPIO_LED4
                0x00000000        0x4 ../../../bsp/gcc/bin/libam_bsp.a(am_bsp_pins.o)
 .rodata.g_AM_BSP_GPIO_MSPI_CE0
                0x00000000        0x4 ../../../bsp/gcc/bin/libam_bsp.a(am_bsp_pins.o)
 .rodata.g_AM_BSP_GPIO_MSPI_CE1
                0x00000000        0x4 ../../../bsp/gcc/bin/libam_bsp.a(am_bsp_pins.o)
 .rodata.g_AM_BSP_GPIO_MSPI_D0
                0x00000000        0x4 ../../../bsp/gcc/bin/libam_bsp.a(am_bsp_pins.o)
 .rodata.g_AM_BSP_GPIO_MSPI_D1
                0x00000000        0x4 ../../../bsp/gcc/bin/libam_bsp.a(am_bsp_pins.o)
 .rodata.g_AM_BSP_GPIO_MSPI_D2
                0x00000000        0x4 ../../../bsp/gcc/bin/libam_bsp.a(am_bsp_pins.o)
 .rodata.g_AM_BSP_GPIO_MSPI_D3
                0x00000000        0x4 ../../../bsp/gcc/bin/libam_bsp.a(am_bsp_pins.o)
 .rodata.g_AM_BSP_GPIO_MSPI_D4
                0x00000000        0x4 ../../../bsp/gcc/bin/libam_bsp.a(am_bsp_pins.o)
 .rodata.g_AM_BSP_GPIO_MSPI_D5
                0x00000000        0x4 ../../../bsp/gcc/bin/libam_bsp.a(am_bsp_pins.o)
 .rodata.g_AM_BSP_GPIO_MSPI_D6
                0x00000000        0x4 ../../../bsp/gcc/bin/libam_bsp.a(am_bsp_pins.o)
 .rodata.g_AM_BSP_GPIO_MSPI_D7
                0x00000000        0x4 ../../../bsp/gcc/bin/libam_bsp.a(am_bsp_pins.o)
 .rodata.g_AM_BSP_GPIO_MSPI_SCK
                0x00000000        0x4 ../../../bsp/gcc/bin/libam_bsp.a(am_bsp_pins.o)
 .rodata.g_AM_BSP_GPIO_PDMCLK
                0x00000000        0x4 ../../../bsp/gcc/bin/libam_bsp.a(am_bsp_pins.o)
 .rodata.g_AM_BSP_GPIO_PDM_DATA
                0x00000000        0x4 ../../../bsp/gcc/bin/libam_bsp.a(am_bsp_pins.o)
 .rodata.g_AM_BSP_GPIO_SCARD_SCCCLK
                0x00000000        0x4 ../../../bsp/gcc/bin/libam_bsp.a(am_bsp_pins.o)
 .rodata.g_AM_BSP_GPIO_SCARD_SCCIO
                0x00000000        0x4 ../../../bsp/gcc/bin/libam_bsp.a(am_bsp_pins.o)
 .rodata.g_AM_BSP_GPIO_SCARD_SCCRST
                0x00000000        0x4 ../../../bsp/gcc/bin/libam_bsp.a(am_bsp_pins.o)
 .rodata.g_AM_BSP_GPIO_SWDCK
                0x00000000        0x4 ../../../bsp/gcc/bin/libam_bsp.a(am_bsp_pins.o)
 .rodata.g_AM_BSP_GPIO_SWDIO
                0x00000000        0x4 ../../../bsp/gcc/bin/libam_bsp.a(am_bsp_pins.o)
 .rodata.g_AM_BSP_GPIO_UART_CTS
                0x00000000        0x4 ../../../bsp/gcc/bin/libam_bsp.a(am_bsp_pins.o)
 .rodata.g_AM_BSP_GPIO_UART_RTS
                0x00000000        0x4 ../../../bsp/gcc/bin/libam_bsp.a(am_bsp_pins.o)
 .rodata.g_AM_BSP_GPIO_UART_RX
                0x00000000        0x4 ../../../bsp/gcc/bin/libam_bsp.a(am_bsp_pins.o)
 .rodata.g_AM_BSP_GPIO_UART_TX
                0x00000000        0x4 ../../../bsp/gcc/bin/libam_bsp.a(am_bsp_pins.o)
 .text          0x00000000        0x0 ../../../../../mcu/apollo3/hal/gcc/bin/libam_hal.a(am_hal_ble.o)
 .data          0x00000000        0x0 ../../../../../mcu/apollo3/hal/gcc/bin/libam_hal.a(am_hal_ble.o)
 .bss           0x00000000        0x0 ../../../../../mcu/apollo3/hal/gcc/bin/libam_hal.a(am_hal_ble.o)
 .text.am_hal_ble_deinitialize
                0x00000000       0x40 ../../../../../mcu/apollo3/hal/gcc/bin/libam_hal.a(am_hal_ble.o)
 .text.am_hal_ble_vs_command_build
                0x00000000       0x88 ../../../../../mcu/apollo3/hal/gcc/bin/libam_hal.a(am_hal_ble.o)
 .text.am_hal_ble_nonblocking_hci_write
                0x00000000      0x19c ../../../../../mcu/apollo3/hal/gcc/bin/libam_hal.a(am_hal_ble.o)
 .text.am_hal_ble_nonblocking_hci_read
                0x00000000      0x2e8 ../../../../../mcu/apollo3/hal/gcc/bin/libam_hal.a(am_hal_ble.o)
 .text.am_hal_ble_blocking_transfer
                0x00000000       0x34 ../../../../../mcu/apollo3/hal/gcc/bin/libam_hal.a(am_hal_ble.o)
 .text.am_hal_ble_nonblocking_transfer
                0x00000000      0x290 ../../../../../mcu/apollo3/hal/gcc/bin/libam_hal.a(am_hal_ble.o)
 .text.am_hal_ble_int_service
                0x00000000       0xe8 ../../../../../mcu/apollo3/hal/gcc/bin/libam_hal.a(am_hal_ble.o)
 .text.am_hal_ble_int_enable
                0x00000000       0x40 ../../../../../mcu/apollo3/hal/gcc/bin/libam_hal.a(am_hal_ble.o)
 .text.am_hal_ble_int_disable
                0x00000000       0x40 ../../../../../mcu/apollo3/hal/gcc/bin/libam_hal.a(am_hal_ble.o)
 .text.am_hal_ble_check_32k_clock
                0x00000000       0x40 ../../../../../mcu/apollo3/hal/gcc/bin/libam_hal.a(am_hal_ble.o)
 .text.am_hal_ble_trim_set
                0x00000000       0x68 ../../../../../mcu/apollo3/hal/gcc/bin/libam_hal.a(am_hal_ble.o)
 .text.am_hal_ble_boot
                0x00000000      0x100 ../../../../../mcu/apollo3/hal/gcc/bin/libam_hal.a(am_hal_ble.o)
 .text.am_hal_ble_sleep_get
                0x00000000       0x38 ../../../../../mcu/apollo3/hal/gcc/bin/libam_hal.a(am_hal_ble.o)
 .text          0x00000000        0x0 ../../../../../mcu/apollo3/hal/gcc/bin/libam_hal.a(am_hal_ble_patch.o)
 .data          0x00000000        0x0 ../../../../../mcu/apollo3/hal/gcc/bin/libam_hal.a(am_hal_ble_patch.o)
 .bss           0x00000000        0x0 ../../../../../mcu/apollo3/hal/gcc/bin/libam_hal.a(am_hal_ble_patch.o)
 .text          0x00000000        0x0 ../../../../../mcu/apollo3/hal/gcc/bin/libam_hal.a(am_hal_ble_patch_b0.o)
 .data          0x00000000        0x0 ../../../../../mcu/apollo3/hal/gcc/bin/libam_hal.a(am_hal_ble_patch_b0.o)
 .bss           0x00000000        0x0 ../../../../../mcu/apollo3/hal/gcc/bin/libam_hal.a(am_hal_ble_patch_b0.o)
 .text          0x00000000        0x0 ../../../../../mcu/apollo3/hal/gcc/bin/libam_hal.a(am_hal_clkgen.o)
 .data          0x00000000        0x0 ../../../../../mcu/apollo3/hal/gcc/bin/libam_hal.a(am_hal_clkgen.o)
 .bss           0x00000000        0x0 ../../../../../mcu/apollo3/hal/gcc/bin/libam_hal.a(am_hal_clkgen.o)
 .text.am_hal_clkgen_clkout_enable
                0x00000000       0x48 ../../../../../mcu/apollo3/hal/gcc/bin/libam_hal.a(am_hal_clkgen.o)
 .text.am_hal_clkgen_interrupt_enable
                0x00000000       0x1c ../../../../../mcu/apollo3/hal/gcc/bin/libam_hal.a(am_hal_clkgen.o)
 .text.am_hal_clkgen_interrupt_disable
                0x00000000       0x20 ../../../../../mcu/apollo3/hal/gcc/bin/libam_hal.a(am_hal_clkgen.o)
 .text.am_hal_clkgen_interrupt_clear
                0x00000000       0x18 ../../../../../mcu/apollo3/hal/gcc/bin/libam_hal.a(am_hal_clkgen.o)
 .text.am_hal_clkgen_interrupt_status_get
                0x00000000       0x1c ../../../../../mcu/apollo3/hal/gcc/bin/libam_hal.a(am_hal_clkgen.o)
 .text.am_hal_clkgen_interrupt_set
                0x00000000       0x18 ../../../../../mcu/apollo3/hal/gcc/bin/libam_hal.a(am_hal_clkgen.o)
 .text          0x00000000        0x0 ../../../../../mcu/apollo3/hal/gcc/bin/libam_hal.a(am_hal_flash.o)
 .data          0x00000000        0x0 ../../../../../mcu/apollo3/hal/gcc/bin/libam_hal.a(am_hal_flash.o)
 .bss           0x00000000        0x0 ../../../../../mcu/apollo3/hal/gcc/bin/libam_hal.a(am_hal_flash.o)
 .text.am_hal_flash_mass_erase
                0x00000000        0x8 ../../../../../mcu/apollo3/hal/gcc/bin/libam_hal.a(am_hal_flash.o)
 .text.am_hal_flash_page_erase
                0x00000000        0x8 ../../../../../mcu/apollo3/hal/gcc/bin/libam_hal.a(am_hal_flash.o)
 .text.am_hal_flash_program_main
                0x00000000       0x5c ../../../../../mcu/apollo3/hal/gcc/bin/libam_hal.a(am_hal_flash.o)
 .text.am_hal_flash_clear_bits
                0x00000000       0x20 ../../../../../mcu/apollo3/hal/gcc/bin/libam_hal.a(am_hal_flash.o)
 .text.am_hal_flash_program_info
                0x00000000       0x68 ../../../../../mcu/apollo3/hal/gcc/bin/libam_hal.a(am_hal_flash.o)
 .text.am_hal_flash_erase_info
                0x00000000        0x8 ../../../../../mcu/apollo3/hal/gcc/bin/libam_hal.a(am_hal_flash.o)
 .text.am_hal_flash_erase_main_plus_info
                0x00000000        0x8 ../../../../../mcu/apollo3/hal/gcc/bin/libam_hal.a(am_hal_flash.o)
 .text.am_hal_flash_erase_main_plus_info_both_instances
                0x00000000        0x8 ../../../../../mcu/apollo3/hal/gcc/bin/libam_hal.a(am_hal_flash.o)
 .text.am_hal_flash_recovery
                0x00000000        0x8 ../../../../../mcu/apollo3/hal/gcc/bin/libam_hal.a(am_hal_flash.o)
 .text.am_hal_flash_delay_status_change
                0x00000000       0x50 ../../../../../mcu/apollo3/hal/gcc/bin/libam_hal.a(am_hal_flash.o)
 .text.am_hal_flash_customer_info_signature_check
                0x00000000       0x48 ../../../../../mcu/apollo3/hal/gcc/bin/libam_hal.a(am_hal_flash.o)
 .text.am_hal_flash_info_signature_set
                0x00000000       0xa4 ../../../../../mcu/apollo3/hal/gcc/bin/libam_hal.a(am_hal_flash.o)
 .text.am_hal_flash_info_erase_disable
                0x00000000       0xc0 ../../../../../mcu/apollo3/hal/gcc/bin/libam_hal.a(am_hal_flash.o)
 .text.am_hal_flash_info_erase_disable_check
                0x00000000       0x4c ../../../../../mcu/apollo3/hal/gcc/bin/libam_hal.a(am_hal_flash.o)
 .text.am_hal_flash_info_program_disable
                0x00000000       0xc8 ../../../../../mcu/apollo3/hal/gcc/bin/libam_hal.a(am_hal_flash.o)
 .text.am_hal_flash_info_program_disable_get
                0x00000000       0x4c ../../../../../mcu/apollo3/hal/gcc/bin/libam_hal.a(am_hal_flash.o)
 .text.am_hal_flash_wipe_flash_enable
                0x00000000       0xc0 ../../../../../mcu/apollo3/hal/gcc/bin/libam_hal.a(am_hal_flash.o)
 .text.am_hal_flash_wipe_flash_enable_check
                0x00000000       0x4c ../../../../../mcu/apollo3/hal/gcc/bin/libam_hal.a(am_hal_flash.o)
 .text.am_hal_flash_wipe_sram_enable
                0x00000000       0xc0 ../../../../../mcu/apollo3/hal/gcc/bin/libam_hal.a(am_hal_flash.o)
 .text.am_hal_flash_wipe_sram_enable_check
                0x00000000       0x4c ../../../../../mcu/apollo3/hal/gcc/bin/libam_hal.a(am_hal_flash.o)
 .text.am_hal_flash_swo_disable
                0x00000000       0xc0 ../../../../../mcu/apollo3/hal/gcc/bin/libam_hal.a(am_hal_flash.o)
 .text.am_hal_flash_swo_disable_check
                0x00000000       0x4c ../../../../../mcu/apollo3/hal/gcc/bin/libam_hal.a(am_hal_flash.o)
 .text.am_hal_flash_debugger_disable
                0x00000000       0xc0 ../../../../../mcu/apollo3/hal/gcc/bin/libam_hal.a(am_hal_flash.o)
 .text.am_hal_flash_debugger_disable_check
                0x00000000       0x48 ../../../../../mcu/apollo3/hal/gcc/bin/libam_hal.a(am_hal_flash.o)
 .text.am_hal_flash_copy_protect_set
                0x00000000      0x110 ../../../../../mcu/apollo3/hal/gcc/bin/libam_hal.a(am_hal_flash.o)
 .text.am_hal_flash_copy_protect_check
                0x00000000       0x90 ../../../../../mcu/apollo3/hal/gcc/bin/libam_hal.a(am_hal_flash.o)
 .text.am_hal_flash_write_protect_set
                0x00000000      0x110 ../../../../../mcu/apollo3/hal/gcc/bin/libam_hal.a(am_hal_flash.o)
 .text.am_hal_flash_write_protect_check
                0x00000000       0x90 ../../../../../mcu/apollo3/hal/gcc/bin/libam_hal.a(am_hal_flash.o)
 .rodata.g_am_hal_flash
                0x00000000       0x60 ../../../../../mcu/apollo3/hal/gcc/bin/libam_hal.a(am_hal_flash.o)
 .rodata.ui32SramMaxAddr
                0x00000000        0x4 ../../../../../mcu/apollo3/hal/gcc/bin/libam_hal.a(am_hal_flash.o)
 .text          0x00000000        0x0 ../../../../../mcu/apollo3/hal/gcc/bin/libam_hal.a(am_hal_gpio.o)
 .data          0x00000000        0x0 ../../../../../mcu/apollo3/hal/gcc/bin/libam_hal.a(am_hal_gpio.o)
 .bss           0x00000000        0x0 ../../../../../mcu/apollo3/hal/gcc/bin/libam_hal.a(am_hal_gpio.o)
 .text.am_hal_gpio_fast_pinconfig
                0x00000000      0x104 ../../../../../mcu/apollo3/hal/gcc/bin/libam_hal.a(am_hal_gpio.o)
 .text.am_hal_gpio_state_read
                0x00000000       0x6c ../../../../../mcu/apollo3/hal/gcc/bin/libam_hal.a(am_hal_gpio.o)
 .text.am_hal_gpio_interrupt_enable
                0x00000000       0x40 ../../../../../mcu/apollo3/hal/gcc/bin/libam_hal.a(am_hal_gpio.o)
 .text.am_hal_gpio_interrupt_disable
                0x00000000       0x44 ../../../../../mcu/apollo3/hal/gcc/bin/libam_hal.a(am_hal_gpio.o)
 .text.am_hal_gpio_interrupt_clear
                0x00000000       0x34 ../../../../../mcu/apollo3/hal/gcc/bin/libam_hal.a(am_hal_gpio.o)
 .text.am_hal_gpio_interrupt_status_get
                0x00000000       0x40 ../../../../../mcu/apollo3/hal/gcc/bin/libam_hal.a(am_hal_gpio.o)
 .text.am_hal_gpio_interrupt_register
                0x00000000       0x20 ../../../../../mcu/apollo3/hal/gcc/bin/libam_hal.a(am_hal_gpio.o)
 .text.am_hal_gpio_interrupt_register_adv
                0x00000000       0x30 ../../../../../mcu/apollo3/hal/gcc/bin/libam_hal.a(am_hal_gpio.o)
 .text.am_hal_gpio_interrupt_service
                0x00000000       0xbc ../../../../../mcu/apollo3/hal/gcc/bin/libam_hal.a(am_hal_gpio.o)
 .text.am_hal_gpio_isinput
                0x00000000       0x24 ../../../../../mcu/apollo3/hal/gcc/bin/libam_hal.a(am_hal_gpio.o)
 .text.am_hal_gpio_isgpio
                0x00000000       0x50 ../../../../../mcu/apollo3/hal/gcc/bin/libam_hal.a(am_hal_gpio.o)
 .bss.gpio_pHandlerCtxt
                0x00000000       0xc8 ../../../../../mcu/apollo3/hal/gcc/bin/libam_hal.a(am_hal_gpio.o)
 .bss.gpio_ppfnHandlers
                0x00000000       0xc8 ../../../../../mcu/apollo3/hal/gcc/bin/libam_hal.a(am_hal_gpio.o)
 .rodata.g_AM_HAL_GPIO_INPUT
                0x00000000        0x4 ../../../../../mcu/apollo3/hal/gcc/bin/libam_hal.a(am_hal_gpio.o)
 .rodata.g_AM_HAL_GPIO_INPUT_PULLUP
                0x00000000        0x4 ../../../../../mcu/apollo3/hal/gcc/bin/libam_hal.a(am_hal_gpio.o)
 .rodata.g_AM_HAL_GPIO_INPUT_PULLUP_12
                0x00000000        0x4 ../../../../../mcu/apollo3/hal/gcc/bin/libam_hal.a(am_hal_gpio.o)
 .rodata.g_AM_HAL_GPIO_INPUT_PULLUP_1_5
                0x00000000        0x4 ../../../../../mcu/apollo3/hal/gcc/bin/libam_hal.a(am_hal_gpio.o)
 .rodata.g_AM_HAL_GPIO_INPUT_PULLUP_24
                0x00000000        0x4 ../../../../../mcu/apollo3/hal/gcc/bin/libam_hal.a(am_hal_gpio.o)
 .rodata.g_AM_HAL_GPIO_INPUT_PULLUP_6
                0x00000000        0x4 ../../../../../mcu/apollo3/hal/gcc/bin/libam_hal.a(am_hal_gpio.o)
 .rodata.g_AM_HAL_GPIO_OUTPUT_12
                0x00000000        0x4 ../../../../../mcu/apollo3/hal/gcc/bin/libam_hal.a(am_hal_gpio.o)
 .rodata.g_AM_HAL_GPIO_OUTPUT_4
                0x00000000        0x4 ../../../../../mcu/apollo3/hal/gcc/bin/libam_hal.a(am_hal_gpio.o)
 .rodata.g_AM_HAL_GPIO_OUTPUT_8
                0x00000000        0x4 ../../../../../mcu/apollo3/hal/gcc/bin/libam_hal.a(am_hal_gpio.o)
 .rodata.g_AM_HAL_GPIO_OUTPUT_WITH_READ
                0x00000000        0x4 ../../../../../mcu/apollo3/hal/gcc/bin/libam_hal.a(am_hal_gpio.o)
 .rodata.g_AM_HAL_GPIO_TRISTATE
                0x00000000        0x4 ../../../../../mcu/apollo3/hal/gcc/bin/libam_hal.a(am_hal_gpio.o)
 .text          0x00000000        0x0 ../../../../../mcu/apollo3/hal/gcc/bin/libam_hal.a(am_hal_interrupt.o)
 .data          0x00000000        0x0 ../../../../../mcu/apollo3/hal/gcc/bin/libam_hal.a(am_hal_interrupt.o)
 .bss           0x00000000        0x0 ../../../../../mcu/apollo3/hal/gcc/bin/libam_hal.a(am_hal_interrupt.o)
 .text          0x00000000        0x0 ../../../../../mcu/apollo3/hal/gcc/bin/libam_hal.a(am_hal_itm.o)
 .data          0x00000000        0x0 ../../../../../mcu/apollo3/hal/gcc/bin/libam_hal.a(am_hal_itm.o)
 .bss           0x00000000        0x0 ../../../../../mcu/apollo3/hal/gcc/bin/libam_hal.a(am_hal_itm.o)
 .text.am_hal_itm_disable
                0x00000000       0xb4 ../../../../../mcu/apollo3/hal/gcc/bin/libam_hal.a(am_hal_itm.o)
 .text.am_hal_itm_not_busy
                0x00000000       0x14 ../../../../../mcu/apollo3/hal/gcc/bin/libam_hal.a(am_hal_itm.o)
 .text.am_hal_itm_trace_port_enable
                0x00000000       0x18 ../../../../../mcu/apollo3/hal/gcc/bin/libam_hal.a(am_hal_itm.o)
 .text.am_hal_itm_trace_port_disable
                0x00000000       0x1c ../../../../../mcu/apollo3/hal/gcc/bin/libam_hal.a(am_hal_itm.o)
 .text.am_hal_itm_stimulus_not_busy
                0x00000000       0x10 ../../../../../mcu/apollo3/hal/gcc/bin/libam_hal.a(am_hal_itm.o)
 .text.am_hal_itm_stimulus_reg_word_write
                0x00000000       0x10 ../../../../../mcu/apollo3/hal/gcc/bin/libam_hal.a(am_hal_itm.o)
 .text.am_hal_itm_stimulus_reg_short_write
                0x00000000       0x10 ../../../../../mcu/apollo3/hal/gcc/bin/libam_hal.a(am_hal_itm.o)
 .text.am_hal_itm_stimulus_reg_byte_write
                0x00000000       0x10 ../../../../../mcu/apollo3/hal/gcc/bin/libam_hal.a(am_hal_itm.o)
 .text.am_hal_itm_sync_send
                0x00000000       0x14 ../../../../../mcu/apollo3/hal/gcc/bin/libam_hal.a(am_hal_itm.o)
 .text.am_hal_itm_print_not_busy
                0x00000000       0x10 ../../../../../mcu/apollo3/hal/gcc/bin/libam_hal.a(am_hal_itm.o)
 .text          0x00000000        0x0 ../../../../../mcu/apollo3/hal/gcc/bin/libam_hal.a(am_hal_mcuctrl.o)
 .data          0x00000000        0x0 ../../../../../mcu/apollo3/hal/gcc/bin/libam_hal.a(am_hal_mcuctrl.o)
 .bss           0x00000000        0x0 ../../../../../mcu/apollo3/hal/gcc/bin/libam_hal.a(am_hal_mcuctrl.o)
 .text.am_hal_mcuctrl_control
                0x00000000      0x184 ../../../../../mcu/apollo3/hal/gcc/bin/libam_hal.a(am_hal_mcuctrl.o)
 .text.am_hal_mcuctrl_status_get
                0x00000000       0x54 ../../../../../mcu/apollo3/hal/gcc/bin/libam_hal.a(am_hal_mcuctrl.o)
 .text          0x00000000        0x0 ../../../../../mcu/apollo3/hal/gcc/bin/libam_hal.a(am_hal_pwrctrl.o)
 .data          0x00000000        0x0 ../../../../../mcu/apollo3/hal/gcc/bin/libam_hal.a(am_hal_pwrctrl.o)
 .bss           0x00000000        0x0 ../../../../../mcu/apollo3/hal/gcc/bin/libam_hal.a(am_hal_pwrctrl.o)
 .text.am_hal_pwrctrl_periph_enabled
                0x00000000       0x5c ../../../../../mcu/apollo3/hal/gcc/bin/libam_hal.a(am_hal_pwrctrl.o)
 .text.am_hal_pwrctrl_memory_enable
                0x00000000       0x98 ../../../../../mcu/apollo3/hal/gcc/bin/libam_hal.a(am_hal_pwrctrl.o)
 .text.am_hal_pwrctrl_memory_deepsleep_powerdown
                0x00000000       0x28 ../../../../../mcu/apollo3/hal/gcc/bin/libam_hal.a(am_hal_pwrctrl.o)
 .text.am_hal_pwrctrl_memory_deepsleep_retain
                0x00000000       0x2c ../../../../../mcu/apollo3/hal/gcc/bin/libam_hal.a(am_hal_pwrctrl.o)
 .text.am_hal_pwrctrl_blebuck_trim
                0x00000000       0x50 ../../../../../mcu/apollo3/hal/gcc/bin/libam_hal.a(am_hal_pwrctrl.o)
 .bss.g_bSimobuckTrimsDone
                0x00000000        0x1 ../../../../../mcu/apollo3/hal/gcc/bin/libam_hal.a(am_hal_pwrctrl.o)
 .rodata.am_hal_pwrctrl_memory_control
                0x00000000      0x1b0 ../../../../../mcu/apollo3/hal/gcc/bin/libam_hal.a(am_hal_pwrctrl.o)
 .text          0x00000000        0x0 ../../../../../mcu/apollo3/hal/gcc/bin/libam_hal.a(am_hal_reset.o)
 .data          0x00000000        0x0 ../../../../../mcu/apollo3/hal/gcc/bin/libam_hal.a(am_hal_reset.o)
 .bss           0x00000000        0x0 ../../../../../mcu/apollo3/hal/gcc/bin/libam_hal.a(am_hal_reset.o)
 .text.am_hal_reset_configure
                0x00000000       0x44 ../../../../../mcu/apollo3/hal/gcc/bin/libam_hal.a(am_hal_reset.o)
 .text.am_hal_reset_control
                0x00000000       0x40 ../../../../../mcu/apollo3/hal/gcc/bin/libam_hal.a(am_hal_reset.o)
 .text.am_hal_reset_status_get
                0x00000000       0x74 ../../../../../mcu/apollo3/hal/gcc/bin/libam_hal.a(am_hal_reset.o)
 .text.am_hal_reset_interrupt_enable
                0x00000000       0x28 ../../../../../mcu/apollo3/hal/gcc/bin/libam_hal.a(am_hal_reset.o)
 .text.am_hal_reset_interrupt_disable
                0x00000000       0x28 ../../../../../mcu/apollo3/hal/gcc/bin/libam_hal.a(am_hal_reset.o)
 .text.am_hal_reset_interrupt_clear
                0x00000000        0xc ../../../../../mcu/apollo3/hal/gcc/bin/libam_hal.a(am_hal_reset.o)
 .text.am_hal_reset_interrupt_status_get
                0x00000000       0x14 ../../../../../mcu/apollo3/hal/gcc/bin/libam_hal.a(am_hal_reset.o)
 .rodata.CSWTCH.18
                0x00000000       0x10 ../../../../../mcu/apollo3/hal/gcc/bin/libam_hal.a(am_hal_reset.o)
 .rodata.CSWTCH.19
                0x00000000        0x4 ../../../../../mcu/apollo3/hal/gcc/bin/libam_hal.a(am_hal_reset.o)
 .text          0x00000000        0x0 ../../../../../mcu/apollo3/hal/gcc/bin/libam_hal.a(am_hal_rtc.o)
 .data          0x00000000        0x0 ../../../../../mcu/apollo3/hal/gcc/bin/libam_hal.a(am_hal_rtc.o)
 .bss           0x00000000        0x0 ../../../../../mcu/apollo3/hal/gcc/bin/libam_hal.a(am_hal_rtc.o)
 .text.am_hal_rtc_osc_select
                0x00000000       0x10 ../../../../../mcu/apollo3/hal/gcc/bin/libam_hal.a(am_hal_rtc.o)
 .text.am_hal_rtc_osc_enable
                0x00000000       0x14 ../../../../../mcu/apollo3/hal/gcc/bin/libam_hal.a(am_hal_rtc.o)
 .text.am_hal_rtc_time_12hour
                0x00000000       0x14 ../../../../../mcu/apollo3/hal/gcc/bin/libam_hal.a(am_hal_rtc.o)
 .text.am_hal_rtc_int_enable
                0x00000000       0x14 ../../../../../mcu/apollo3/hal/gcc/bin/libam_hal.a(am_hal_rtc.o)
 .text.am_hal_rtc_int_enable_get
                0x00000000        0xc ../../../../../mcu/apollo3/hal/gcc/bin/libam_hal.a(am_hal_rtc.o)
 .text.am_hal_rtc_int_disable
                0x00000000       0x14 ../../../../../mcu/apollo3/hal/gcc/bin/libam_hal.a(am_hal_rtc.o)
 .text.am_hal_rtc_int_set
                0x00000000        0xc ../../../../../mcu/apollo3/hal/gcc/bin/libam_hal.a(am_hal_rtc.o)
 .text.am_hal_rtc_int_clear
                0x00000000        0xc ../../../../../mcu/apollo3/hal/gcc/bin/libam_hal.a(am_hal_rtc.o)
 .text.am_hal_rtc_int_status_get
                0x00000000       0x24 ../../../../../mcu/apollo3/hal/gcc/bin/libam_hal.a(am_hal_rtc.o)
 .text.am_hal_rtc_time_set
                0x00000000      0x130 ../../../../../mcu/apollo3/hal/gcc/bin/libam_hal.a(am_hal_rtc.o)
 .text.am_hal_rtc_time_get
                0x00000000       0xa8 ../../../../../mcu/apollo3/hal/gcc/bin/libam_hal.a(am_hal_rtc.o)
 .text.am_hal_rtc_alarm_interval_set
                0x00000000       0x40 ../../../../../mcu/apollo3/hal/gcc/bin/libam_hal.a(am_hal_rtc.o)
 .text.am_hal_rtc_alarm_set
                0x00000000      0x104 ../../../../../mcu/apollo3/hal/gcc/bin/libam_hal.a(am_hal_rtc.o)
 .text.am_hal_rtc_alarm_get
                0x00000000       0x8c ../../../../../mcu/apollo3/hal/gcc/bin/libam_hal.a(am_hal_rtc.o)
 .text          0x00000000        0x0 ../../../../../mcu/apollo3/hal/gcc/bin/libam_hal.a(am_hal_tpiu.o)
 .data          0x00000000        0x0 ../../../../../mcu/apollo3/hal/gcc/bin/libam_hal.a(am_hal_tpiu.o)
 .bss           0x00000000        0x0 ../../../../../mcu/apollo3/hal/gcc/bin/libam_hal.a(am_hal_tpiu.o)
 .text.am_hal_tpiu_clock_enable
                0x00000000       0x14 ../../../../../mcu/apollo3/hal/gcc/bin/libam_hal.a(am_hal_tpiu.o)
 .text.am_hal_tpiu_clock_disable
                0x00000000       0x14 ../../../../../mcu/apollo3/hal/gcc/bin/libam_hal.a(am_hal_tpiu.o)
 .text.am_hal_tpiu_port_width_set
                0x00000000       0x14 ../../../../../mcu/apollo3/hal/gcc/bin/libam_hal.a(am_hal_tpiu.o)
 .text.am_hal_tpiu_supported_port_width_get
                0x00000000       0x24 ../../../../../mcu/apollo3/hal/gcc/bin/libam_hal.a(am_hal_tpiu.o)
 .text.am_hal_tpiu_port_width_get
                0x00000000       0x24 ../../../../../mcu/apollo3/hal/gcc/bin/libam_hal.a(am_hal_tpiu.o)
 .text.am_hal_tpiu_configure
                0x00000000       0x34 ../../../../../mcu/apollo3/hal/gcc/bin/libam_hal.a(am_hal_tpiu.o)
 .text.am_hal_tpiu_disable
                0x00000000       0x10 ../../../../../mcu/apollo3/hal/gcc/bin/libam_hal.a(am_hal_tpiu.o)
 .text          0x00000000        0x0 ../../../../../mcu/apollo3/hal/gcc/bin/libam_hal.a(am_hal_uart.o)
 .data          0x00000000        0x0 ../../../../../mcu/apollo3/hal/gcc/bin/libam_hal.a(am_hal_uart.o)
 .bss           0x00000000        0x0 ../../../../../mcu/apollo3/hal/gcc/bin/libam_hal.a(am_hal_uart.o)
 .text.am_hal_uart_deinitialize
                0x00000000       0x28 ../../../../../mcu/apollo3/hal/gcc/bin/libam_hal.a(am_hal_uart.o)
 .text.am_hal_uart_tx_flush
                0x00000000       0x50 ../../../../../mcu/apollo3/hal/gcc/bin/libam_hal.a(am_hal_uart.o)
 .text.am_hal_uart_flags_get
                0x00000000       0x2c ../../../../../mcu/apollo3/hal/gcc/bin/libam_hal.a(am_hal_uart.o)
 .text.am_hal_uart_fifo_read
                0x00000000       0x6c ../../../../../mcu/apollo3/hal/gcc/bin/libam_hal.a(am_hal_uart.o)
 .text.am_hal_uart_fifo_write
                0x00000000       0x5c ../../../../../mcu/apollo3/hal/gcc/bin/libam_hal.a(am_hal_uart.o)
 .text.am_hal_uart_interrupt_disable
                0x00000000       0x2c ../../../../../mcu/apollo3/hal/gcc/bin/libam_hal.a(am_hal_uart.o)
 .text.am_hal_uart_interrupt_enable_get
                0x00000000       0x28 ../../../../../mcu/apollo3/hal/gcc/bin/libam_hal.a(am_hal_uart.o)
 .text          0x00000000        0x0 ../../../../../mcu/apollo3/hal/gcc/bin/libam_hal.a(am_hal_cachectrl.o)
 .data          0x00000000        0x0 ../../../../../mcu/apollo3/hal/gcc/bin/libam_hal.a(am_hal_cachectrl.o)
 .bss           0x00000000        0x0 ../../../../../mcu/apollo3/hal/gcc/bin/libam_hal.a(am_hal_cachectrl.o)
 .text.am_hal_cachectrl_config
                0x00000000       0x48 ../../../../../mcu/apollo3/hal/gcc/bin/libam_hal.a(am_hal_cachectrl.o)
 .text.am_hal_cachectrl_enable
                0x00000000       0x14 ../../../../../mcu/apollo3/hal/gcc/bin/libam_hal.a(am_hal_cachectrl.o)
 .text.am_hal_cachectrl_disable
                0x00000000       0x30 ../../../../../mcu/apollo3/hal/gcc/bin/libam_hal.a(am_hal_cachectrl.o)
 .text.am_hal_cachectrl_status_get
                0x00000000       0x28 ../../../../../mcu/apollo3/hal/gcc/bin/libam_hal.a(am_hal_cachectrl.o)
 .rodata.am_hal_cachectrl_defaults
                0x00000000        0x3 ../../../../../mcu/apollo3/hal/gcc/bin/libam_hal.a(am_hal_cachectrl.o)
 .text          0x00000000        0x0 ../../../../../mcu/apollo3/hal/gcc/bin/libam_hal.a(am_hal_queue.o)
 .data          0x00000000        0x0 ../../../../../mcu/apollo3/hal/gcc/bin/libam_hal.a(am_hal_queue.o)
 .bss           0x00000000        0x0 ../../../../../mcu/apollo3/hal/gcc/bin/libam_hal.a(am_hal_queue.o)
 .data          0x00000000        0x0 c:/program files (x86)/gnu arm embedded toolchain/10 2021.10/bin/../lib/gcc/arm-none-eabi/10.3.1/../../../../arm-none-eabi/lib/thumb/v7e-m+fp/hard\libc.a(lib_a-memcpy.o)
 .bss           0x00000000        0x0 c:/program files (x86)/gnu arm embedded toolchain/10 2021.10/bin/../lib/gcc/arm-none-eabi/10.3.1/../../../../arm-none-eabi/lib/thumb/v7e-m+fp/hard\libc.a(lib_a-memcpy.o)

Memory Configuration

Name             Origin             Length             Attributes
ROMEM            0x0000c000         0x000f4000         xr
RWMEM            0x10000000         0x00060000         xrw
*default*        0x00000000         0xffffffff

Linker script and memory map


.text           0x0000c000     0x6890
                0x0000c000                . = ALIGN (0x4)
 *(.isr_vector)
 .isr_vector    0x0000c000       0xc0 bin/startup_gcc.o
                0x0000c000                g_am_pfnVectors
 *(.patch)
 .patch         0x0000c0c0       0x40 bin/startup_gcc.o
                0x0000c0c0                __Patchable
 *(.text)
 .text          0x0000c100       0xa0 c:/program files (x86)/gnu arm embedded toolchain/10 2021.10/bin/../lib/gcc/arm-none-eabi/10.3.1/thumb/v7e-m+fp/hard\libgcc.a(_arm_truncdfsf2.o)
                0x0000c100                __truncdfsf2
                0x0000c100                __aeabi_d2f
 .text          0x0000c1a0      0x134 c:/program files (x86)/gnu arm embedded toolchain/10 2021.10/bin/../lib/gcc/arm-none-eabi/10.3.1/../../../../arm-none-eabi/lib/thumb/v7e-m+fp/hard\libc.a(lib_a-memcpy.o)
                0x0000c1a0                memcpy
 *(.text*)
 .text.__NVIC_EnableIRQ
                0x0000c2d4       0x34 bin/uart_ble_bridge.o
 .text.__NVIC_DisableIRQ
                0x0000c308       0x44 bin/uart_ble_bridge.o
 .text.cmd_handler
                0x0000c34c      0x208 bin/uart_ble_bridge.o
 .text.fix_trans_mode
                0x0000c554       0x64 bin/uart_ble_bridge.o
 .text.am_uart_isr
                0x0000c5b8       0xa8 bin/uart_ble_bridge.o
                0x0000c5b8                am_uart_isr
 .text.main     0x0000c660      0x250 bin/uart_ble_bridge.o
                0x0000c660                main
 .text.am_util_ble_set_constant_transmission
                0x0000c8b0       0x58 bin/am_util_ble.o
                0x0000c8b0                am_util_ble_set_constant_transmission
 .text.am_util_ble_transmitter_control
                0x0000c908       0x58 bin/am_util_ble.o
                0x0000c908                am_util_ble_transmitter_control
 .text.am_util_ble_init_rf_channel
                0x0000c960      0x100 bin/am_util_ble.o
                0x0000c960                am_util_ble_init_rf_channel
 .text.am_util_ble_crystal_trim_set
                0x0000ca60       0x54 bin/am_util_ble.o
                0x0000ca60                am_util_ble_crystal_trim_set
 .text.am_util_ble_set_carrier_wave_ex
                0x0000cab4       0xf4 bin/am_util_ble.o
                0x0000cab4                am_util_ble_set_carrier_wave_ex
 .text.am_util_ble_transmitter_control_ex
                0x0000cba8       0x22 bin/am_util_ble.o
                0x0000cba8                am_util_ble_transmitter_control_ex
 *fill*         0x0000cbca        0x2 
 .text.am_util_ble_set_constant_transmission_ex
                0x0000cbcc       0xec bin/am_util_ble.o
                0x0000cbcc                am_util_ble_set_constant_transmission_ex
 .text.am_util_delay_ms
                0x0000ccb8       0x38 bin/am_util_delay.o
                0x0000ccb8                am_util_delay_ms
 .text.HardFault_Handler
                0x0000ccf0       0x1e bin/am_util_faultisr.o
                0x0000ccf0                HardFault_Handler
 .text.getStackedReg
                0x0000cd0e        0xc bin/am_util_faultisr.o
                0x0000cd0e                getStackedReg
 *fill*         0x0000cd1a        0x2 
 .text.am_util_faultisr_collect_data
                0x0000cd1c       0xe0 bin/am_util_faultisr.o
                0x0000cd1c                am_util_faultisr_collect_data
 .text.am_util_stdio_printf_init
                0x0000cdfc       0x14 bin/am_util_stdio.o
                0x0000cdfc                am_util_stdio_printf_init
 .text.divu64_10
                0x0000ce10      0x1e8 bin/am_util_stdio.o
 .text.ndigits_in_u64
                0x0000cff8       0x40 bin/am_util_stdio.o
 .text.ndigits_in_i64
                0x0000d038       0x34 bin/am_util_stdio.o
 .text.ndigits_in_hex
                0x0000d06c       0x48 bin/am_util_stdio.o
 .text.decstr_to_int
                0x0000d0b4       0x88 bin/am_util_stdio.o
 .text.uint64_to_str
                0x0000d13c       0x8a bin/am_util_stdio.o
 .text.uint64_to_hexstr
                0x0000d1c6       0xc0 bin/am_util_stdio.o
 .text.simple_strlen
                0x0000d286       0x2c bin/am_util_stdio.o
 .text.padbuffer
                0x0000d2b2       0x44 bin/am_util_stdio.o
 *fill*         0x0000d2f6        0x2 
 .text.ftoa     0x0000d2f8      0x1fc bin/am_util_stdio.o
 .text.am_util_stdio_vsprintf
                0x0000d4f4      0x618 bin/am_util_stdio.o
                0x0000d4f4                am_util_stdio_vsprintf
 .text.am_util_stdio_printf
                0x0000db0c       0x40 bin/am_util_stdio.o
                0x0000db0c                am_util_stdio_printf
 .text.Reset_Handler
                0x0000db4c       0x68 bin/startup_gcc.o
                0x0000db4c                Reset_Handler
 .text.NMI_Handler
                0x0000dbb4        0x2 bin/startup_gcc.o
                0x0000dbb4                NMI_Handler
 .text.HardFault_Handler
                0x0000dbb6        0x2 bin/startup_gcc.o
                0x0000dbb6                MemManage_Handler
                0x0000dbb6                BusFault_Handler
                0x0000dbb6                UsageFault_Handler
 .text.am_default_isr
                0x0000dbb8        0x2 bin/startup_gcc.o
                0x0000dbb8                DebugMon_Handler
                0x0000dbb8                am_iomaster4_isr
                0x0000dbb8                SysTick_Handler
                0x0000dbb8                PendSV_Handler
                0x0000dbb8                am_rtc_isr
                0x0000dbb8                am_stimer_cmpr3_isr
                0x0000dbb8                am_adc_isr
                0x0000dbb8                am_iomaster3_isr
                0x0000dbb8                am_clkgen_isr
                0x0000dbb8                am_stimer_isr
                0x0000dbb8                am_software0_isr
                0x0000dbb8                am_stimer_cmpr5_isr
                0x0000dbb8                am_iomaster5_isr
                0x0000dbb8                am_pdm0_isr
                0x0000dbb8                am_ctimer_isr
                0x0000dbb8                am_ioslave_acc_isr
                0x0000dbb8                am_mspi0_isr
                0x0000dbb8                am_stimer_cmpr6_isr
                0x0000dbb8                am_iomaster1_isr
                0x0000dbb8                am_brownout_isr
                0x0000dbb8                am_vcomp_isr
                0x0000dbb8                am_stimer_cmpr1_isr
                0x0000dbb8                am_gpio_isr
                0x0000dbb8                am_iomaster2_isr
                0x0000dbb8                SVC_Handler
                0x0000dbb8                am_stimer_cmpr2_isr
                0x0000dbb8                am_ioslave_ios_isr
                0x0000dbb8                am_uart1_isr
                0x0000dbb8                am_stimer_cmpr7_isr
                0x0000dbb8                am_scard_isr
                0x0000dbb8                am_watchdog_isr
                0x0000dbb8                am_stimer_cmpr0_isr
                0x0000dbb8                am_iomaster0_isr
                0x0000dbb8                am_ble_isr
                0x0000dbb8                am_stimer_cmpr4_isr
                0x0000dbb8                am_default_isr
 *fill*         0x0000dbba        0x2 
 .text.am_bsp_low_power_init
                0x0000dbbc       0x40 ../../../bsp/gcc/bin/libam_bsp.a(am_bsp.o)
                0x0000dbbc                am_bsp_low_power_init
 .text.am_bsp_itm_printf_enable
                0x0000dbfc       0x40 ../../../bsp/gcc/bin/libam_bsp.a(am_bsp.o)
                0x0000dbfc                am_bsp_itm_printf_enable
 .text.am_hal_ble_blocking_transfer.part.0
                0x0000dc3c      0x4dc ../../../../../mcu/apollo3/hal/gcc/bin/libam_hal.a(am_hal_ble.o)
 .text.am_hal_ble_wakeup_set
                0x0000e118       0x44 ../../../../../mcu/apollo3/hal/gcc/bin/libam_hal.a(am_hal_ble.o)
                0x0000e118                am_hal_ble_wakeup_set
 .text.am_hal_ble_initialize
                0x0000e15c       0x6c ../../../../../mcu/apollo3/hal/gcc/bin/libam_hal.a(am_hal_ble.o)
                0x0000e15c                am_hal_ble_initialize
 .text.am_hal_ble_config
                0x0000e1c8      0x118 ../../../../../mcu/apollo3/hal/gcc/bin/libam_hal.a(am_hal_ble.o)
                0x0000e1c8                am_hal_ble_config
 .text.am_hal_ble_power_control
                0x0000e2e0      0x178 ../../../../../mcu/apollo3/hal/gcc/bin/libam_hal.a(am_hal_ble.o)
                0x0000e2e0                am_hal_ble_power_control
 .text.am_hal_ble_patch_apply
                0x0000e458      0x328 ../../../../../mcu/apollo3/hal/gcc/bin/libam_hal.a(am_hal_ble.o)
                0x0000e458                am_hal_ble_patch_apply
 .text.am_hal_ble_patch_copy_end_apply
                0x0000e780      0x114 ../../../../../mcu/apollo3/hal/gcc/bin/libam_hal.a(am_hal_ble.o)
                0x0000e780                am_hal_ble_patch_copy_end_apply
 .text.am_hal_ble_default_copy_patch_apply
                0x0000e894       0x54 ../../../../../mcu/apollo3/hal/gcc/bin/libam_hal.a(am_hal_ble.o)
                0x0000e894                am_hal_ble_default_copy_patch_apply
 .text.am_hal_ble_default_patch_apply
                0x0000e8e8       0x8c ../../../../../mcu/apollo3/hal/gcc/bin/libam_hal.a(am_hal_ble.o)
                0x0000e8e8                am_hal_ble_default_patch_apply
 .text.am_hal_ble_default_trim_set_ramcode
                0x0000e974       0x50 ../../../../../mcu/apollo3/hal/gcc/bin/libam_hal.a(am_hal_ble.o)
                0x0000e974                am_hal_ble_default_trim_set_ramcode
 .text.am_hal_ble_blocking_hci_write
                0x0000e9c4       0x54 ../../../../../mcu/apollo3/hal/gcc/bin/libam_hal.a(am_hal_ble.o)
                0x0000e9c4                am_hal_ble_blocking_hci_write
 .text.am_hal_ble_blocking_hci_read
                0x0000ea18       0xb0 ../../../../../mcu/apollo3/hal/gcc/bin/libam_hal.a(am_hal_ble.o)
                0x0000ea18                am_hal_ble_blocking_hci_read
 .text.am_hal_ble_int_status
                0x0000eac8       0x1c ../../../../../mcu/apollo3/hal/gcc/bin/libam_hal.a(am_hal_ble.o)
                0x0000eac8                am_hal_ble_int_status
 .text.am_hal_ble_int_clear
                0x0000eae4       0x24 ../../../../../mcu/apollo3/hal/gcc/bin/libam_hal.a(am_hal_ble.o)
                0x0000eae4                am_hal_ble_int_clear
 .text.am_hal_ble_plf_reg_read
                0x0000eb08       0xe8 ../../../../../mcu/apollo3/hal/gcc/bin/libam_hal.a(am_hal_ble.o)
                0x0000eb08                am_hal_ble_plf_reg_read
 .text.am_hal_ble_plf_reg_write
                0x0000ebf0       0xdc ../../../../../mcu/apollo3/hal/gcc/bin/libam_hal.a(am_hal_ble.o)
                0x0000ebf0                am_hal_ble_plf_reg_write
 .text.am_hal_ble_transmitter_modex_set
                0x0000eccc       0xc8 ../../../../../mcu/apollo3/hal/gcc/bin/libam_hal.a(am_hal_ble.o)
                0x0000eccc                am_hal_ble_transmitter_modex_set
 .text.am_hal_ble_patch_complete.part.0
                0x0000ed94      0x238 ../../../../../mcu/apollo3/hal/gcc/bin/libam_hal.a(am_hal_ble.o)
 .text.am_hal_ble_patch_complete
                0x0000efcc       0x1c ../../../../../mcu/apollo3/hal/gcc/bin/libam_hal.a(am_hal_ble.o)
                0x0000efcc                am_hal_ble_patch_complete
 .text.am_hal_ble_sleep_set
                0x0000efe8       0x5c ../../../../../mcu/apollo3/hal/gcc/bin/libam_hal.a(am_hal_ble.o)
                0x0000efe8                am_hal_ble_sleep_set
 .text.am_hal_ble_tx_power_set
                0x0000f044       0x8c ../../../../../mcu/apollo3/hal/gcc/bin/libam_hal.a(am_hal_ble.o)
                0x0000f044                am_hal_ble_tx_power_set
 .text.am_hal_clkgen_control
                0x0000f0d0      0x138 ../../../../../mcu/apollo3/hal/gcc/bin/libam_hal.a(am_hal_clkgen.o)
                0x0000f0d0                am_hal_clkgen_control
 .text.am_hal_clkgen_status_get
                0x0000f208       0x3c ../../../../../mcu/apollo3/hal/gcc/bin/libam_hal.a(am_hal_clkgen.o)
                0x0000f208                am_hal_clkgen_status_get
 .text.am_hal_flash_delay
                0x0000f244       0x20 ../../../../../mcu/apollo3/hal/gcc/bin/libam_hal.a(am_hal_flash.o)
                0x0000f244                am_hal_flash_delay
 .text.am_hal_flash_delay_status_check
                0x0000f264       0x6c ../../../../../mcu/apollo3/hal/gcc/bin/libam_hal.a(am_hal_flash.o)
                0x0000f264                am_hal_flash_delay_status_check
 .text.am_hal_flash_load_ui32
                0x0000f2d0        0x8 ../../../../../mcu/apollo3/hal/gcc/bin/libam_hal.a(am_hal_flash.o)
                0x0000f2d0                am_hal_flash_load_ui32
 .text.am_hal_flash_store_ui32
                0x0000f2d8        0xc ../../../../../mcu/apollo3/hal/gcc/bin/libam_hal.a(am_hal_flash.o)
                0x0000f2d8                am_hal_flash_store_ui32
 .text.am_hal_gpio_pinconfig
                0x0000f2e4      0x26c ../../../../../mcu/apollo3/hal/gcc/bin/libam_hal.a(am_hal_gpio.o)
                0x0000f2e4                am_hal_gpio_pinconfig
 .text.am_hal_gpio_state_write
                0x0000f550       0x88 ../../../../../mcu/apollo3/hal/gcc/bin/libam_hal.a(am_hal_gpio.o)
                0x0000f550                am_hal_gpio_state_write
 .text.am_hal_interrupt_master_enable
                0x0000f5d8        0x8 ../../../../../mcu/apollo3/hal/gcc/bin/libam_hal.a(am_hal_interrupt.o)
                0x0000f5d8                am_hal_interrupt_master_enable
 .text.am_hal_interrupt_master_disable
                0x0000f5e0        0x8 ../../../../../mcu/apollo3/hal/gcc/bin/libam_hal.a(am_hal_interrupt.o)
                0x0000f5e0                am_hal_interrupt_master_disable
 .text.am_hal_interrupt_master_set
                0x0000f5e8        0x8 ../../../../../mcu/apollo3/hal/gcc/bin/libam_hal.a(am_hal_interrupt.o)
                0x0000f5e8                am_hal_interrupt_master_set
 .text.am_hal_itm_enable
                0x0000f5f0       0x48 ../../../../../mcu/apollo3/hal/gcc/bin/libam_hal.a(am_hal_itm.o)
                0x0000f5f0                am_hal_itm_enable
 .text.am_hal_itm_print
                0x0000f638       0x30 ../../../../../mcu/apollo3/hal/gcc/bin/libam_hal.a(am_hal_itm.o)
                0x0000f638                am_hal_itm_print
 .text.am_hal_mcuctrl_info_get
                0x0000f668      0x138 ../../../../../mcu/apollo3/hal/gcc/bin/libam_hal.a(am_hal_mcuctrl.o)
                0x0000f668                am_hal_mcuctrl_info_get
 .text.am_hal_pwrctrl_periph_enable
                0x0000f7a0       0x54 ../../../../../mcu/apollo3/hal/gcc/bin/libam_hal.a(am_hal_pwrctrl.o)
                0x0000f7a0                am_hal_pwrctrl_periph_enable
 .text.am_hal_pwrctrl_periph_disable
                0x0000f7f4       0x58 ../../../../../mcu/apollo3/hal/gcc/bin/libam_hal.a(am_hal_pwrctrl.o)
                0x0000f7f4                am_hal_pwrctrl_periph_disable
 .text.am_hal_pwrctrl_low_power_init
                0x0000f84c      0x1bc ../../../../../mcu/apollo3/hal/gcc/bin/libam_hal.a(am_hal_pwrctrl.o)
                0x0000f84c                am_hal_pwrctrl_low_power_init
 .text.am_hal_rtc_osc_disable
                0x0000fa08       0x14 ../../../../../mcu/apollo3/hal/gcc/bin/libam_hal.a(am_hal_rtc.o)
                0x0000fa08                am_hal_rtc_osc_disable
 .text.am_hal_tpiu_enable
                0x0000fa1c       0xa0 ../../../../../mcu/apollo3/hal/gcc/bin/libam_hal.a(am_hal_tpiu.o)
                0x0000fa1c                am_hal_tpiu_enable
 .text.am_hal_uart_initialize
                0x0000fabc       0x50 ../../../../../mcu/apollo3/hal/gcc/bin/libam_hal.a(am_hal_uart.o)
                0x0000fabc                am_hal_uart_initialize
 .text.am_hal_uart_power_control
                0x0000fb0c       0xf0 ../../../../../mcu/apollo3/hal/gcc/bin/libam_hal.a(am_hal_uart.o)
                0x0000fb0c                am_hal_uart_power_control
 .text.am_hal_uart_configure
                0x0000fbfc      0x1fc ../../../../../mcu/apollo3/hal/gcc/bin/libam_hal.a(am_hal_uart.o)
                0x0000fbfc                am_hal_uart_configure
 .text.am_hal_uart_transfer
                0x0000fdf8      0x400 ../../../../../mcu/apollo3/hal/gcc/bin/libam_hal.a(am_hal_uart.o)
                0x0000fdf8                am_hal_uart_transfer
 .text.am_hal_uart_interrupt_service
                0x000101f8      0x138 ../../../../../mcu/apollo3/hal/gcc/bin/libam_hal.a(am_hal_uart.o)
                0x000101f8                am_hal_uart_interrupt_service
 .text.am_hal_uart_interrupt_enable
                0x00010330       0x28 ../../../../../mcu/apollo3/hal/gcc/bin/libam_hal.a(am_hal_uart.o)
                0x00010330                am_hal_uart_interrupt_enable
 .text.am_hal_uart_interrupt_clear
                0x00010358       0x24 ../../../../../mcu/apollo3/hal/gcc/bin/libam_hal.a(am_hal_uart.o)
                0x00010358                am_hal_uart_interrupt_clear
 .text.am_hal_uart_interrupt_status_get
                0x0001037c       0x38 ../../../../../mcu/apollo3/hal/gcc/bin/libam_hal.a(am_hal_uart.o)
                0x0001037c                am_hal_uart_interrupt_status_get
 .text.am_hal_cachectrl_control
                0x000103b4      0x2f4 ../../../../../mcu/apollo3/hal/gcc/bin/libam_hal.a(am_hal_cachectrl.o)
                0x000103b4                am_hal_cachectrl_control
 .text.am_hal_queue_init
                0x000106a8       0x18 ../../../../../mcu/apollo3/hal/gcc/bin/libam_hal.a(am_hal_queue.o)
                0x000106a8                am_hal_queue_init
 .text.am_hal_queue_item_add
                0x000106c0       0x7c ../../../../../mcu/apollo3/hal/gcc/bin/libam_hal.a(am_hal_queue.o)
                0x000106c0                am_hal_queue_item_add
 .text.am_hal_queue_item_get
                0x0001073c       0x7c ../../../../../mcu/apollo3/hal/gcc/bin/libam_hal.a(am_hal_queue.o)
                0x0001073c                am_hal_queue_item_get
 *(.rodata)
 .rodata        0x000107b8      0x190 bin/uart_ble_bridge.o
 .rodata        0x00010948        0x3 ../../../../../mcu/apollo3/hal/gcc/bin/libam_hal.a(am_hal_ble.o)
 *(.rodata*)
 *fill*         0x0001094b        0x1 
 .rodata.g_AM_BSP_GPIO_COM_UART_RX
                0x0001094c        0x4 ../../../bsp/gcc/bin/libam_bsp.a(am_bsp_pins.o)
                0x0001094c                g_AM_BSP_GPIO_COM_UART_RX
 .rodata.g_AM_BSP_GPIO_COM_UART_TX
                0x00010950        0x4 ../../../bsp/gcc/bin/libam_bsp.a(am_bsp_pins.o)
                0x00010950                g_AM_BSP_GPIO_COM_UART_TX
 .rodata.g_AM_BSP_GPIO_ITM_SWO
                0x00010954        0x4 ../../../bsp/gcc/bin/libam_bsp.a(am_bsp_pins.o)
                0x00010954                g_AM_BSP_GPIO_ITM_SWO
 .rodata.am_hal_ble_default_config
                0x00010958       0x1c ../../../../../mcu/apollo3/hal/gcc/bin/libam_hal.a(am_hal_ble.o)
                0x00010958                am_hal_ble_default_config
 .rodata.ccitt_table
                0x00010974      0x200 ../../../../../mcu/apollo3/hal/gcc/bin/libam_hal.a(am_hal_ble.o)
 .rodata.am_ble_buffer_patch_data
                0x00010b74      0xd38 ../../../../../mcu/apollo3/hal/gcc/bin/libam_hal.a(am_hal_ble_patch.o)
                0x00010b74                am_ble_buffer_patch_data
 .rodata.am_ble_performance_copy_patch_data
                0x000118ac      0x914 ../../../../../mcu/apollo3/hal/gcc/bin/libam_hal.a(am_hal_ble_patch.o)
                0x000118ac                am_ble_performance_copy_patch_data
 .rodata.am_hal_ble_num_default_patches
                0x000121c0        0x4 ../../../../../mcu/apollo3/hal/gcc/bin/libam_hal.a(am_hal_ble_patch.o)
                0x000121c0                am_hal_ble_num_default_patches
 .rodata.am_ble_buffer_patch_data_b0
                0x000121c4      0x418 ../../../../../mcu/apollo3/hal/gcc/bin/libam_hal.a(am_hal_ble_patch_b0.o)
                0x000121c4                am_ble_buffer_patch_data_b0
 .rodata.am_hal_ble_num_default_patches_b0
                0x000125dc        0x4 ../../../../../mcu/apollo3/hal/gcc/bin/libam_hal.a(am_hal_ble_patch_b0.o)
                0x000125dc                am_hal_ble_num_default_patches_b0
 .rodata.g_AM_HAL_GPIO_DISABLE
                0x000125e0        0x4 ../../../../../mcu/apollo3/hal/gcc/bin/libam_hal.a(am_hal_gpio.o)
                0x000125e0                g_AM_HAL_GPIO_DISABLE
 .rodata.g_AM_HAL_GPIO_OUTPUT
                0x000125e4        0x4 ../../../../../mcu/apollo3/hal/gcc/bin/libam_hal.a(am_hal_gpio.o)
                0x000125e4                g_AM_HAL_GPIO_OUTPUT
 .rodata.g_ui8Bit76Capabilities
                0x000125e8       0x32 ../../../../../mcu/apollo3/hal/gcc/bin/libam_hal.a(am_hal_gpio.o)
 *fill*         0x0001261a        0x2 
 .rodata.g_ui8Inpen
                0x0001261c       0x32 ../../../../../mcu/apollo3/hal/gcc/bin/libam_hal.a(am_hal_gpio.o)
 *fill*         0x0001264e        0x2 
 .rodata.g_ui8NCEtable
                0x00012650       0xc8 ../../../../../mcu/apollo3/hal/gcc/bin/libam_hal.a(am_hal_gpio.o)
 .rodata.g_ui8nCEpins
                0x00012718       0x32 ../../../../../mcu/apollo3/hal/gcc/bin/libam_hal.a(am_hal_gpio.o)
 *fill*         0x0001274a        0x2 
 .rodata.g_am_hal_mcuctrl_flash_size
                0x0001274c       0x40 ../../../../../mcu/apollo3/hal/gcc/bin/libam_hal.a(am_hal_mcuctrl.o)
                0x0001274c                g_am_hal_mcuctrl_flash_size
 .rodata.g_am_hal_mcuctrl_sram_size
                0x0001278c       0x40 ../../../../../mcu/apollo3/hal/gcc/bin/libam_hal.a(am_hal_mcuctrl.o)
                0x0001278c                g_am_hal_mcuctrl_sram_size
 .rodata.am_hal_pwrctrl_peripheral_control
                0x000127cc       0xb4 ../../../../../mcu/apollo3/hal/gcc/bin/libam_hal.a(am_hal_pwrctrl.o)
                0x000127cc                am_hal_pwrctrl_peripheral_control
 .rodata.CSWTCH.20
                0x00012880       0x10 ../../../../../mcu/apollo3/hal/gcc/bin/libam_hal.a(am_hal_uart.o)
                0x00012890                . = ALIGN (0x4)
                0x00012890                _etext = .

.glue_7         0x00012890        0x0
 .glue_7        0x00012890        0x0 linker stubs

.glue_7t        0x00012890        0x0
 .glue_7t       0x00012890        0x0 linker stubs

.vfp11_veneer   0x00012890        0x0
 .vfp11_veneer  0x00012890        0x0 linker stubs

.v4_bx          0x00012890        0x0
 .v4_bx         0x00012890        0x0 linker stubs

.iplt           0x00012890        0x0
 .iplt          0x00012890        0x0 bin/uart_ble_bridge.o

.rel.dyn        0x00012890        0x0
 .rel.iplt      0x00012890        0x0 bin/uart_ble_bridge.o

.stack          0x10000000     0x1000
                0x10000000                . = ALIGN (0x8)
 *(.stack)
 .stack         0x10000000     0x1000 bin/startup_gcc.o
 *(.stack*)
                0x10001000                . = ALIGN (0x8)

.data           0x10001000     0x11f8 load address 0x00012890
                0x10001000                . = ALIGN (0x4)
                0x10001000                _sdata = .
 *(.data)
 *(.data*)
 .data.am_bsp_psLEDs
                0x10001000       0x28 ../../../bsp/gcc/bin/libam_bsp.a(am_bsp.o)
                0x10001000                am_bsp_psLEDs
 .data.am_ble_buffer_nvds_data
                0x10001028       0xc0 ../../../../../mcu/apollo3/hal/gcc/bin/libam_hal.a(am_hal_ble_patch.o)
                0x10001028                am_ble_buffer_nvds_data
 .data.am_ble_buffer_patch
                0x100010e8       0x10 ../../../../../mcu/apollo3/hal/gcc/bin/libam_hal.a(am_hal_ble_patch.o)
                0x100010e8                am_ble_buffer_patch
 .data.am_ble_nvds_patch
                0x100010f8       0x10 ../../../../../mcu/apollo3/hal/gcc/bin/libam_hal.a(am_hal_ble_patch.o)
                0x100010f8                am_ble_nvds_patch
 .data.am_ble_performance_copy_patch
                0x10001108       0x10 ../../../../../mcu/apollo3/hal/gcc/bin/libam_hal.a(am_hal_ble_patch.o)
                0x10001108                am_ble_performance_copy_patch
 .data.am_ble_performance_patch
                0x10001118       0x10 ../../../../../mcu/apollo3/hal/gcc/bin/libam_hal.a(am_hal_ble_patch.o)
                0x10001118                am_ble_performance_patch
 .data.am_ble_performance_patch_data
                0x10001128      0x104 ../../../../../mcu/apollo3/hal/gcc/bin/libam_hal.a(am_hal_ble_patch.o)
                0x10001128                am_ble_performance_patch_data
 .data.am_hal_ble_default_copy_patch_array
                0x1000122c        0x4 ../../../../../mcu/apollo3/hal/gcc/bin/libam_hal.a(am_hal_ble_patch.o)
                0x1000122c                am_hal_ble_default_copy_patch_array
 .data.am_hal_ble_default_copy_patches
                0x10001230        0x4 ../../../../../mcu/apollo3/hal/gcc/bin/libam_hal.a(am_hal_ble_patch.o)
                0x10001230                am_hal_ble_default_copy_patches
 .data.am_hal_ble_default_patch_array
                0x10001234        0xc ../../../../../mcu/apollo3/hal/gcc/bin/libam_hal.a(am_hal_ble_patch.o)
                0x10001234                am_hal_ble_default_patch_array
 .data.am_hal_ble_default_patches
                0x10001240        0x4 ../../../../../mcu/apollo3/hal/gcc/bin/libam_hal.a(am_hal_ble_patch.o)
                0x10001240                am_hal_ble_default_patches
 .data.am_ble_buffer_nvds_data_b0
                0x10001244       0xc8 ../../../../../mcu/apollo3/hal/gcc/bin/libam_hal.a(am_hal_ble_patch_b0.o)
                0x10001244                am_ble_buffer_nvds_data_b0
 .data.am_ble_buffer_patch_b0
                0x1000130c       0x10 ../../../../../mcu/apollo3/hal/gcc/bin/libam_hal.a(am_hal_ble_patch_b0.o)
                0x1000130c                am_ble_buffer_patch_b0
 .data.am_ble_nvds_patch_b0
                0x1000131c       0x10 ../../../../../mcu/apollo3/hal/gcc/bin/libam_hal.a(am_hal_ble_patch_b0.o)
                0x1000131c                am_ble_nvds_patch_b0
 .data.am_ble_performance_patch_b0
                0x1000132c       0x10 ../../../../../mcu/apollo3/hal/gcc/bin/libam_hal.a(am_hal_ble_patch_b0.o)
                0x1000132c                am_ble_performance_patch_b0
 .data.am_ble_performance_patch_data_b0
                0x1000133c      0xea0 ../../../../../mcu/apollo3/hal/gcc/bin/libam_hal.a(am_hal_ble_patch_b0.o)
                0x1000133c                am_ble_performance_patch_data_b0
 .data.am_hal_ble_default_patch_array_b0
                0x100021dc        0xc ../../../../../mcu/apollo3/hal/gcc/bin/libam_hal.a(am_hal_ble_patch_b0.o)
                0x100021dc                am_hal_ble_default_patch_array_b0
 .data.am_hal_ble_default_patches_b0
                0x100021e8        0x4 ../../../../../mcu/apollo3/hal/gcc/bin/libam_hal.a(am_hal_ble_patch_b0.o)
                0x100021e8                am_hal_ble_default_patches_b0
 .data.SRAM_write_ui32
                0x100021ec        0xc ../../../../../mcu/apollo3/hal/gcc/bin/libam_hal.a(am_hal_flash.o)
                0x100021ec                SRAM_write_ui32
                0x100021f8                . = ALIGN (0x4)
                0x100021f8                _edata = .
                0x00012890                _init_data = LOADADDR (.data)

.igot.plt       0x100021f8        0x0 load address 0x00013a88
 .igot.plt      0x100021f8        0x0 bin/uart_ble_bridge.o

.bss            0x100021f8     0x12b8 load address 0x00013a88
                0x100021f8                . = ALIGN (0x4)
                0x100021f8                _sbss = .
 *(.bss)
 *(.bss*)
 .bss.g_pui8UARTTXBuffer
                0x100021f8      0x800 bin/uart_ble_bridge.o
                0x100021f8                g_pui8UARTTXBuffer
 .bss.g_psWriteData
                0x100029f8      0x400 bin/uart_ble_bridge.o
                0x100029f8                g_psWriteData
 .bss.g_psReadData
                0x10002df8      0x400 bin/uart_ble_bridge.o
                0x10002df8                g_psReadData
 .bss.g_ui32UARTRxIndex
                0x100031f8        0x4 bin/uart_ble_bridge.o
                0x100031f8                g_ui32UARTRxIndex
 .bss.g_bRxTimeoutFlag
                0x100031fc        0x1 bin/uart_ble_bridge.o
                0x100031fc                g_bRxTimeoutFlag
 .bss.g_bCmdProcessedFlag
                0x100031fd        0x1 bin/uart_ble_bridge.o
                0x100031fd                g_bCmdProcessedFlag
 *fill*         0x100031fe        0x2 
 .bss.g_pvBLEHandle
                0x10003200        0x4 bin/uart_ble_bridge.o
                0x10003200                g_pvBLEHandle
 .bss.g_pvUART  0x10003204        0x4 bin/uart_ble_bridge.o
                0x10003204                g_pvUART
 .bss.carrier_wave_mode
                0x10003208        0x1 bin/uart_ble_bridge.o
                0x10003208                carrier_wave_mode
 *fill*         0x10003209        0x3 
 .bss.g_pfnCharPrint
                0x1000320c        0x4 bin/am_util_stdio.o
                0x1000320c                g_pfnCharPrint
 .bss.g_prfbuf  0x10003210      0x100 bin/am_util_stdio.o
 .bss.g_bTxtXlate
                0x10003310        0x1 bin/am_util_stdio.o
 *fill*         0x10003311        0x3 
 .bss.g_ui32PrintInterface
                0x10003314        0x4 ../../../bsp/gcc/bin/libam_bsp.a(am_bsp.o)
 .bss.g_psPatchBuffer
                0x10003318       0x84 ../../../../../mcu/apollo3/hal/gcc/bin/libam_hal.a(am_hal_ble.o)
                0x10003318                g_psPatchBuffer
 .bss.g_sBLEState
                0x1000339c       0x48 ../../../../../mcu/apollo3/hal/gcc/bin/libam_hal.a(am_hal_ble.o)
                0x1000339c                g_sBLEState
 .bss.gAmHalResetStatus
                0x100033e4        0x4 ../../../../../mcu/apollo3/hal/gcc/bin/libam_hal.a(am_hal_reset.o)
                0x100033e4                gAmHalResetStatus
 .bss.g_am_hal_uart_states
                0x100033e8       0xc8 ../../../../../mcu/apollo3/hal/gcc/bin/libam_hal.a(am_hal_uart.o)
                0x100033e8                g_am_hal_uart_states
 *(COMMON)
                0x100034b0                . = ALIGN (0x4)
                0x100034b0                _ebss = .

.ARM.attributes
                0x00000000       0x32
 *(.ARM.attributes)
 .ARM.attributes
                0x00000000       0x34 bin/uart_ble_bridge.o
 .ARM.attributes
                0x00000034       0x34 bin/am_util_ble.o
 .ARM.attributes
                0x00000068       0x34 bin/am_util_delay.o
 .ARM.attributes
                0x0000009c       0x34 bin/am_util_faultisr.o
 .ARM.attributes
                0x000000d0       0x34 bin/am_util_stdio.o
 .ARM.attributes
                0x00000104       0x34 bin/startup_gcc.o
 .ARM.attributes
                0x00000138       0x1e c:/program files (x86)/gnu arm embedded toolchain/10 2021.10/bin/../lib/gcc/arm-none-eabi/10.3.1/thumb/v7e-m+fp/hard\libgcc.a(_arm_truncdfsf2.o)
 .ARM.attributes
                0x00000156       0x34 ../../../bsp/gcc/bin/libam_bsp.a(am_bsp.o)
 .ARM.attributes
                0x0000018a       0x34 ../../../bsp/gcc/bin/libam_bsp.a(am_bsp_pins.o)
 .ARM.attributes
                0x000001be       0x34 ../../../../../mcu/apollo3/hal/gcc/bin/libam_hal.a(am_hal_ble.o)
 .ARM.attributes
                0x000001f2       0x34 ../../../../../mcu/apollo3/hal/gcc/bin/libam_hal.a(am_hal_ble_patch.o)
 .ARM.attributes
                0x00000226       0x34 ../../../../../mcu/apollo3/hal/gcc/bin/libam_hal.a(am_hal_ble_patch_b0.o)
 .ARM.attributes
                0x0000025a       0x34 ../../../../../mcu/apollo3/hal/gcc/bin/libam_hal.a(am_hal_clkgen.o)
 .ARM.attributes
                0x0000028e       0x34 ../../../../../mcu/apollo3/hal/gcc/bin/libam_hal.a(am_hal_flash.o)
 .ARM.attributes
                0x000002c2       0x34 ../../../../../mcu/apollo3/hal/gcc/bin/libam_hal.a(am_hal_gpio.o)
 .ARM.attributes
                0x000002f6       0x34 ../../../../../mcu/apollo3/hal/gcc/bin/libam_hal.a(am_hal_interrupt.o)
 .ARM.attributes
                0x0000032a       0x34 ../../../../../mcu/apollo3/hal/gcc/bin/libam_hal.a(am_hal_itm.o)
 .ARM.attributes
                0x0000035e       0x34 ../../../../../mcu/apollo3/hal/gcc/bin/libam_hal.a(am_hal_mcuctrl.o)
 .ARM.attributes
                0x00000392       0x34 ../../../../../mcu/apollo3/hal/gcc/bin/libam_hal.a(am_hal_pwrctrl.o)
 .ARM.attributes
                0x000003c6       0x34 ../../../../../mcu/apollo3/hal/gcc/bin/libam_hal.a(am_hal_reset.o)
 .ARM.attributes
                0x000003fa       0x34 ../../../../../mcu/apollo3/hal/gcc/bin/libam_hal.a(am_hal_rtc.o)
 .ARM.attributes
                0x0000042e       0x34 ../../../../../mcu/apollo3/hal/gcc/bin/libam_hal.a(am_hal_tpiu.o)
 .ARM.attributes
                0x00000462       0x34 ../../../../../mcu/apollo3/hal/gcc/bin/libam_hal.a(am_hal_uart.o)
 .ARM.attributes
                0x00000496       0x34 ../../../../../mcu/apollo3/hal/gcc/bin/libam_hal.a(am_hal_cachectrl.o)
 .ARM.attributes
                0x000004ca       0x34 ../../../../../mcu/apollo3/hal/gcc/bin/libam_hal.a(am_hal_queue.o)
 .ARM.attributes
                0x000004fe       0x1c c:/program files (x86)/gnu arm embedded toolchain/10 2021.10/bin/../lib/gcc/arm-none-eabi/10.3.1/../../../../arm-none-eabi/lib/thumb/v7e-m+fp/hard\libc.a(lib_a-memcpy.o)
LOAD bin/uart_ble_bridge.o
LOAD bin/am_util_ble.o
LOAD bin/am_util_delay.o
LOAD bin/am_util_faultisr.o
LOAD bin/am_util_stdio.o
LOAD bin/startup_gcc.o
START GROUP
LOAD c:/program files (x86)/gnu arm embedded toolchain/10 2021.10/bin/../lib/gcc/arm-none-eabi/10.3.1/../../../../arm-none-eabi/lib/thumb/v7e-m+fp/hard\libm.a
LOAD c:/program files (x86)/gnu arm embedded toolchain/10 2021.10/bin/../lib/gcc/arm-none-eabi/10.3.1/../../../../arm-none-eabi/lib/thumb/v7e-m+fp/hard\libc.a
LOAD c:/program files (x86)/gnu arm embedded toolchain/10 2021.10/bin/../lib/gcc/arm-none-eabi/10.3.1/thumb/v7e-m+fp/hard\libgcc.a
LOAD ../../../bsp/gcc/bin/libam_bsp.a
LOAD ../../../../../mcu/apollo3/hal/gcc/bin/libam_hal.a
END GROUP
START GROUP
LOAD c:/program files (x86)/gnu arm embedded toolchain/10 2021.10/bin/../lib/gcc/arm-none-eabi/10.3.1/thumb/v7e-m+fp/hard\libgcc.a
LOAD c:/program files (x86)/gnu arm embedded toolchain/10 2021.10/bin/../lib/gcc/arm-none-eabi/10.3.1/../../../../arm-none-eabi/lib/thumb/v7e-m+fp/hard\libc.a
END GROUP
OUTPUT(bin/uart_ble_bridge.axf elf32-littlearm)
LOAD linker stubs

.debug_info     0x00000000     0x74de
 .debug_info    0x00000000     0x335b bin/uart_ble_bridge.o
 .debug_info    0x0000335b     0x32b0 bin/am_util_ble.o
 .debug_info    0x0000660b      0x190 bin/am_util_delay.o
 .debug_info    0x0000679b      0x2cc bin/am_util_faultisr.o
 .debug_info    0x00006a67      0x926 bin/am_util_stdio.o
 .debug_info    0x0000738d      0x151 bin/startup_gcc.o

.debug_abbrev   0x00000000      0xa45
 .debug_abbrev  0x00000000      0x301 bin/uart_ble_bridge.o
 .debug_abbrev  0x00000301      0x276 bin/am_util_ble.o
 .debug_abbrev  0x00000577       0xb1 bin/am_util_delay.o
 .debug_abbrev  0x00000628      0x125 bin/am_util_faultisr.o
 .debug_abbrev  0x0000074d      0x235 bin/am_util_stdio.o
 .debug_abbrev  0x00000982       0xc3 bin/startup_gcc.o

.debug_aranges  0x00000000      0x1f8
 .debug_aranges
                0x00000000       0x48 bin/uart_ble_bridge.o
 .debug_aranges
                0x00000048       0x78 bin/am_util_ble.o
 .debug_aranges
                0x000000c0       0x30 bin/am_util_delay.o
 .debug_aranges
                0x000000f0       0x30 bin/am_util_faultisr.o
 .debug_aranges
                0x00000120       0xa0 bin/am_util_stdio.o
 .debug_aranges
                0x000001c0       0x38 bin/startup_gcc.o

.debug_ranges   0x00000000      0x198
 .debug_ranges  0x00000000       0x38 bin/uart_ble_bridge.o
 .debug_ranges  0x00000038       0x68 bin/am_util_ble.o
 .debug_ranges  0x000000a0       0x20 bin/am_util_delay.o
 .debug_ranges  0x000000c0       0x20 bin/am_util_faultisr.o
 .debug_ranges  0x000000e0       0x90 bin/am_util_stdio.o
 .debug_ranges  0x00000170       0x28 bin/startup_gcc.o

.debug_line     0x00000000     0x1a79
 .debug_line    0x00000000      0x507 bin/uart_ble_bridge.o
 .debug_line    0x00000507      0x5ce bin/am_util_ble.o
 .debug_line    0x00000ad5      0x1aa bin/am_util_delay.o
 .debug_line    0x00000c7f      0x271 bin/am_util_faultisr.o
 .debug_line    0x00000ef0      0xa1a bin/am_util_stdio.o
 .debug_line    0x0000190a      0x16f bin/startup_gcc.o

.debug_str      0x00000000     0x2c78
 .debug_str     0x00000000     0x2116 bin/uart_ble_bridge.o
                               0x21e3 (size before relaxing)
 .debug_str     0x00002116      0x51b bin/am_util_ble.o
                               0x1888 (size before relaxing)
 .debug_str     0x00002631       0xe9 bin/am_util_delay.o
                                0x29f (size before relaxing)
 .debug_str     0x0000271a      0x1b4 bin/am_util_faultisr.o
                                0x390 (size before relaxing)
 .debug_str     0x000028ce      0x34a bin/am_util_stdio.o
                                0x57b (size before relaxing)
 .debug_str     0x00002c18       0x60 bin/startup_gcc.o
                                0x222 (size before relaxing)

.comment        0x00000000       0x49
 .comment       0x00000000       0x49 bin/uart_ble_bridge.o
                                 0x4a (size before relaxing)
 .comment       0x00000049       0x4a bin/am_util_ble.o
 .comment       0x00000049       0x4a bin/am_util_delay.o
 .comment       0x00000049       0x4a bin/am_util_faultisr.o
 .comment       0x00000049       0x4a bin/am_util_stdio.o
 .comment       0x00000049       0x4a bin/startup_gcc.o
 .comment       0x00000049       0x4a ../../../bsp/gcc/bin/libam_bsp.a(am_bsp.o)
 .comment       0x00000049       0x4a ../../../bsp/gcc/bin/libam_bsp.a(am_bsp_pins.o)
 .comment       0x00000049       0x4a ../../../../../mcu/apollo3/hal/gcc/bin/libam_hal.a(am_hal_ble.o)
 .comment       0x00000049       0x4a ../../../../../mcu/apollo3/hal/gcc/bin/libam_hal.a(am_hal_ble_patch.o)
 .comment       0x00000049       0x4a ../../../../../mcu/apollo3/hal/gcc/bin/libam_hal.a(am_hal_ble_patch_b0.o)
 .comment       0x00000049       0x4a ../../../../../mcu/apollo3/hal/gcc/bin/libam_hal.a(am_hal_clkgen.o)
 .comment       0x00000049       0x4a ../../../../../mcu/apollo3/hal/gcc/bin/libam_hal.a(am_hal_flash.o)
 .comment       0x00000049       0x4a ../../../../../mcu/apollo3/hal/gcc/bin/libam_hal.a(am_hal_gpio.o)
 .comment       0x00000049       0x4a ../../../../../mcu/apollo3/hal/gcc/bin/libam_hal.a(am_hal_interrupt.o)
 .comment       0x00000049       0x4a ../../../../../mcu/apollo3/hal/gcc/bin/libam_hal.a(am_hal_itm.o)
 .comment       0x00000049       0x4a ../../../../../mcu/apollo3/hal/gcc/bin/libam_hal.a(am_hal_mcuctrl.o)
 .comment       0x00000049       0x4a ../../../../../mcu/apollo3/hal/gcc/bin/libam_hal.a(am_hal_pwrctrl.o)
 .comment       0x00000049       0x4a ../../../../../mcu/apollo3/hal/gcc/bin/libam_hal.a(am_hal_reset.o)
 .comment       0x00000049       0x4a ../../../../../mcu/apollo3/hal/gcc/bin/libam_hal.a(am_hal_rtc.o)
 .comment       0x00000049       0x4a ../../../../../mcu/apollo3/hal/gcc/bin/libam_hal.a(am_hal_tpiu.o)
 .comment       0x00000049       0x4a ../../../../../mcu/apollo3/hal/gcc/bin/libam_hal.a(am_hal_uart.o)
 .comment       0x00000049       0x4a ../../../../../mcu/apollo3/hal/gcc/bin/libam_hal.a(am_hal_cachectrl.o)
 .comment       0x00000049       0x4a ../../../../../mcu/apollo3/hal/gcc/bin/libam_hal.a(am_hal_queue.o)

.debug_frame    0x00000000      0x560
 .debug_frame   0x00000000       0xb0 bin/uart_ble_bridge.o
 .debug_frame   0x000000b0      0x160 bin/am_util_ble.o
 .debug_frame   0x00000210       0x64 bin/am_util_delay.o
 .debug_frame   0x00000274       0x48 bin/am_util_faultisr.o
 .debug_frame   0x000002bc      0x230 bin/am_util_stdio.o
 .debug_frame   0x000004ec       0x50 bin/startup_gcc.o
 .debug_frame   0x0000053c       0x24 c:/program files (x86)/gnu arm embedded toolchain/10 2021.10/bin/../lib/gcc/arm-none-eabi/10.3.1/thumb/v7e-m+fp/hard\libgcc.a(_arm_truncdfsf2.o)
