Archive member included to satisfy reference by file (symbol)

c:/program files (x86)/gnu arm embedded toolchain/10 2021.10/bin/../lib/gcc/arm-none-eabi/10.3.1/../../../../arm-none-eabi/lib/thumb/v7e-m+fp/hard\libc.a(lib_a-memcpy.o)
                              bin/queue.o (memcpy)
c:/program files (x86)/gnu arm embedded toolchain/10 2021.10/bin/../lib/gcc/arm-none-eabi/10.3.1/../../../../arm-none-eabi/lib/thumb/v7e-m+fp/hard\libc.a(lib_a-memset.o)
                              bin/tasks.o (memset)
c:/program files (x86)/gnu arm embedded toolchain/10 2021.10/bin/../lib/gcc/arm-none-eabi/10.3.1/thumb/v7e-m+fp/hard\libgcc.a(_arm_truncdfsf2.o)
                              bin/am_util_stdio.o (__aeabi_d2f)
../../../bsp/gcc/bin/libam_bsp.a(am_bsp.o)
                              bin/freertos_lowpower.o (am_bsp_low_power_init)
../../../bsp/gcc/bin/libam_bsp.a(am_bsp_pins.o)
                              ../../../bsp/gcc/bin/libam_bsp.a(am_bsp.o) (g_AM_BSP_GPIO_ITM_SWO)
../../../../../mcu/apollo3/hal/gcc/bin/libam_hal.a(am_hal_cachectrl.o)
                              bin/freertos_lowpower.o (am_hal_cachectrl_config)
../../../../../mcu/apollo3/hal/gcc/bin/libam_hal.a(am_hal_clkgen.o)
                              bin/freertos_lowpower.o (am_hal_clkgen_control)
../../../../../mcu/apollo3/hal/gcc/bin/libam_hal.a(am_hal_ctimer.o)
                              bin/rtos.o (am_hal_ctimer_int_service)
../../../../../mcu/apollo3/hal/gcc/bin/libam_hal.a(am_hal_debug.o)
                              ../../../../../mcu/apollo3/hal/gcc/bin/libam_hal.a(am_hal_ctimer.o) (am_hal_debug_error)
../../../../../mcu/apollo3/hal/gcc/bin/libam_hal.a(am_hal_flash.o)
                              bin/am_util_delay.o (am_hal_flash_delay)
../../../../../mcu/apollo3/hal/gcc/bin/libam_hal.a(am_hal_global.o)
                              ../../../../../mcu/apollo3/hal/gcc/bin/libam_hal.a(am_hal_ctimer.o) (am_hal_triple_read)
../../../../../mcu/apollo3/hal/gcc/bin/libam_hal.a(am_hal_gpio.o)
                              bin/led_task.o (am_hal_gpio_pinconfig)
../../../../../mcu/apollo3/hal/gcc/bin/libam_hal.a(am_hal_interrupt.o)
                              bin/led_task.o (am_hal_interrupt_master_enable)
../../../../../mcu/apollo3/hal/gcc/bin/libam_hal.a(am_hal_itm.o)
                              ../../../bsp/gcc/bin/libam_bsp.a(am_bsp.o) (am_hal_itm_enable)
../../../../../mcu/apollo3/hal/gcc/bin/libam_hal.a(am_hal_mcuctrl.o)
                              bin/am_util_faultisr.o (am_hal_mcuctrl_info_get)
../../../../../mcu/apollo3/hal/gcc/bin/libam_hal.a(am_hal_pwrctrl.o)
                              bin/freertos_lowpower.o (am_hal_pwrctrl_memory_enable)
../../../../../mcu/apollo3/hal/gcc/bin/libam_hal.a(am_hal_reset.o)
                              ../../../../../mcu/apollo3/hal/gcc/bin/libam_hal.a(am_hal_clkgen.o) (gAmHalResetStatus)
../../../../../mcu/apollo3/hal/gcc/bin/libam_hal.a(am_hal_rtc.o)
                              ../../../bsp/gcc/bin/libam_bsp.a(am_bsp.o) (am_hal_rtc_osc_disable)
../../../../../mcu/apollo3/hal/gcc/bin/libam_hal.a(am_hal_stimer.o)
                              bin/port.o (am_hal_stimer_config)
../../../../../mcu/apollo3/hal/gcc/bin/libam_hal.a(am_hal_sysctrl.o)
                              bin/rtos.o (am_hal_sysctrl_sleep)
../../../../../mcu/apollo3/hal/gcc/bin/libam_hal.a(am_hal_tpiu.o)
                              ../../../bsp/gcc/bin/libam_bsp.a(am_bsp.o) (am_hal_tpiu_enable)
../../../../../mcu/apollo3/hal/gcc/bin/libam_hal.a(am_hal_uart.o)
                              ../../../bsp/gcc/bin/libam_bsp.a(am_bsp.o) (am_hal_uart_initialize)
../../../../../mcu/apollo3/hal/gcc/bin/libam_hal.a(am_hal_queue.o)
                              ../../../../../mcu/apollo3/hal/gcc/bin/libam_hal.a(am_hal_uart.o) (am_hal_queue_init)

Discarded input sections

 .text          0x00000000        0x0 bin/freertos_lowpower.o
 .data          0x00000000        0x0 bin/freertos_lowpower.o
 .bss           0x00000000        0x0 bin/freertos_lowpower.o
 .text.enable_print_interface
                0x00000000        0x4 bin/freertos_lowpower.o
 .text          0x00000000        0x0 bin/led_task.o
 .data          0x00000000        0x0 bin/led_task.o
 .bss           0x00000000        0x0 bin/led_task.o
 .text.button_handler
                0x00000000       0x48 bin/led_task.o
 .text          0x00000000        0x0 bin/rtos.o
 .data          0x00000000        0x0 bin/rtos.o
 .bss           0x00000000        0x0 bin/rtos.o
 .text          0x00000000        0x0 bin/port.o
 .data          0x00000000        0x0 bin/port.o
 .bss           0x00000000        0x0 bin/port.o
 .text.vPortEndScheduler
                0x00000000       0x14 bin/port.o
 .text          0x00000000        0x0 bin/event_groups.o
 .data          0x00000000        0x0 bin/event_groups.o
 .bss           0x00000000        0x0 bin/event_groups.o
 .text.xEventGroupSync
                0x00000000       0xfc bin/event_groups.o
 .text.xEventGroupClearBits
[...]
Memory Configuration

Name             Origin             Length             Attributes
ROMEM            0x0000c000         0x000f4000         xr
RWMEM            0x10000000         0x00060000         xrw
*default*        0x00000000         0xffffffff

Linker script and memory map


.text           0x0000c000     0x525c
                0x0000c000                . = ALIGN (0x4)
 *(.isr_vector)
 .isr_vector    0x0000c000       0xc0 bin/startup_gcc.o
                0x0000c000                g_am_pfnVectors
 *(.patch)
 .patch         0x0000c0c0       0x40 bin/startup_gcc.o
                0x0000c0c0                __Patchable
 *(.text)
 .text          0x0000c100      0x134 c:/program files (x86)/gnu arm embedded toolchain/10 2021.10/bin/../lib/gcc/arm-none-eabi/10.3.1/../../../../arm-none-eabi/lib/thumb/v7e-m+fp/hard\libc.a(lib_a-memcpy.o)
                0x0000c100                memcpy
 .text          0x0000c234       0xa0 c:/program files (x86)/gnu arm embedded toolchain/10 2021.10/bin/../lib/gcc/arm-none-eabi/10.3.1/thumb/v7e-m+fp/hard\libgcc.a(_arm_truncdfsf2.o)
                0x0000c234                __truncdfsf2
                0x0000c234                __aeabi_d2f
 *(.text*)
 .text.disable_print_interface
                0x0000c2d4        0x4 bin/freertos_lowpower.o
                0x0000c2d4                disable_print_interface
 .text.startup.main
                0x0000c2d8       0x48 bin/freertos_lowpower.o
                0x0000c2d8                main
 .text.button2_handler
                0x0000c320       0x54 bin/led_task.o
                0x0000c320                button2_handler
 .text.button0_handler
                0x0000c374       0x54 bin/led_task.o
                0x0000c374                button0_handler
 .text.button1_handler
                0x0000c3c8       0x54 bin/led_task.o
                0x0000c3c8                button1_handler
 .text.am_gpio_isr
                0x0000c41c       0x24 bin/led_task.o
                0x0000c41c                am_gpio_isr
 .text.LedTaskSetup
                0x0000c440       0xf4 bin/led_task.o
                0x0000c440                LedTaskSetup
 .text.LedTask  0x0000c534       0x54 bin/led_task.o
                0x0000c534                LedTask
 .text.setup_task
                0x0000c588       0x40 bin/rtos.o
                0x0000c588                setup_task
 .text.am_ctimer_isr
                0x0000c5c8       0x18 bin/rtos.o
                0x0000c5c8                am_ctimer_isr
 .text.am_freertos_sleep
                0x0000c5e0        0xc bin/rtos.o
                0x0000c5e0                am_freertos_sleep
 .text.am_freertos_wakeup
                0x0000c5ec        0x4 bin/rtos.o
                0x0000c5ec                am_freertos_wakeup
 .text.vApplicationMallocFailedHook
                0x0000c5f0        0x4 bin/rtos.o
                0x0000c5f0                vApplicationMallocFailedHook
 .text.vApplicationStackOverflowHook
                0x0000c5f4        0x4 bin/rtos.o
                0x0000c5f4                vApplicationStackOverflowHook
 .text.run_tasks
                0x0000c5f8       0x30 bin/rtos.o
                0x0000c5f8                run_tasks
 .text.prvTaskExitError
                0x0000c628       0x30 bin/port.o
 .text.prvPortStartFirstTask
                0x0000c658       0x28 bin/port.o
 .text.vPortEnableVFP
                0x0000c680       0x14 bin/port.o
 .text.pxPortInitialiseStack
                0x0000c694       0x28 bin/port.o
                0x0000c694                pxPortInitialiseStack
 *fill*         0x0000c6bc        0x4 
 .text.SVC_Handler
                0x0000c6c0       0x24 bin/port.o
                0x0000c6c0                SVC_Handler
 .text.vPortEnterCritical
                0x0000c6e4       0x34 bin/port.o
                0x0000c6e4                vPortEnterCritical
 .text.vPortExitCritical
                0x0000c718       0x18 bin/port.o
                0x0000c718                vPortExitCritical
 .text.PendSV_Handler
                0x0000c730       0x64 bin/port.o
                0x0000c730                PendSV_Handler
 .text.SysTick_Handler
                0x0000c794       0x2c bin/port.o
                0x0000c794                SysTick_Handler
 .text.vPortValidateInterruptPriority
                0x0000c7c0       0x3c bin/port.o
                0x0000c7c0                vPortValidateInterruptPriority
 .text.vPortSuppressTicksAndSleep
                0x0000c7fc       0xc4 bin/port.o
                0x0000c7fc                vPortSuppressTicksAndSleep
 .text.xPortStimerTickHandler
                0x0000c8c0       0x7c bin/port.o
                0x0000c8c0                xPortStimerTickHandler
 .text.am_stimer_cmpr0_isr
                0x0000c93c       0x20 bin/port.o
                0x0000c93c                am_stimer_cmpr0_isr
 .text.am_stimer_cmpr1_isr
                0x0000c95c       0x2c bin/port.o
                0x0000c95c                am_stimer_cmpr1_isr
 .text.vPortSetupTimerInterrupt
                0x0000c988       0x7c bin/port.o
                0x0000c988                vPortSetupTimerInterrupt
 .text.xPortStartScheduler
                0x0000ca04       0xf8 bin/port.o
                0x0000ca04                xPortStartScheduler
 .text.xEventGroupCreate
                0x0000cafc       0x1c bin/event_groups.o
                0x0000cafc                xEventGroupCreate
 .text.xEventGroupWaitBits
                0x0000cb18       0xcc bin/event_groups.o
                0x0000cb18                xEventGroupWaitBits
 .text.vEventGroupSetBitsCallback
                0x0000cbe4       0x70 bin/event_groups.o
                0x0000cbe4                vEventGroupSetBitsCallback
 .text.vListInitialise
                0x0000cc54       0x18 bin/list.o
                0x0000cc54                vListInitialise
 .text.vListInitialiseItem
                0x0000cc6c        0x8 bin/list.o
                0x0000cc6c                vListInitialiseItem
 .text.vListInsertEnd
                0x0000cc74       0x20 bin/list.o
                0x0000cc74                vListInsertEnd
 .text.vListInsert
                0x0000cc94       0x30 bin/list.o
                0x0000cc94                vListInsert
 .text.uxListRemove
                0x0000ccc4       0x28 bin/list.o
                0x0000ccc4                uxListRemove
 .text.xQueueGenericCreate
                0x0000ccec       0x78 bin/queue.o
                0x0000ccec                xQueueGenericCreate
 .text.xQueueGenericSend
                0x0000cd64      0x324 bin/queue.o
                0x0000cd64                xQueueGenericSend
 .text.xQueueGenericSendFromISR
                0x0000d088      0x11c bin/queue.o
                0x0000d088                xQueueGenericSendFromISR
 .text.xQueueReceive
                0x0000d1a4      0x2d4 bin/queue.o
                0x0000d1a4                xQueueReceive
 .text.vQueueWaitForMessageRestricted
                0x0000d478       0xc8 bin/queue.o
                0x0000d478                vQueueWaitForMessageRestricted
 .text.vTaskSwitchContext.part.0
                0x0000d540       0xc0 bin/tasks.o
 .text.xTaskCreate
                0x0000d600      0x260 bin/tasks.o
                0x0000d600                xTaskCreate
 .text.vTaskSuspend
                0x0000d860       0xe0 bin/tasks.o
                0x0000d860                vTaskSuspend
 .text.vTaskStartScheduler
                0x0000d940      0x1cc bin/tasks.o
                0x0000d940                vTaskStartScheduler
 .text.vTaskSuspendAll
                0x0000db0c       0x10 bin/tasks.o
                0x0000db0c                vTaskSuspendAll
 .text.xTaskGetTickCount
                0x0000db1c        0xc bin/tasks.o
                0x0000db1c                xTaskGetTickCount
 .text.vTaskStepTick
                0x0000db28       0x20 bin/tasks.o
                0x0000db28                vTaskStepTick
 .text.xTaskIncrementTick
                0x0000db48      0x134 bin/tasks.o
                0x0000db48                xTaskIncrementTick
 .text.xTaskResumeAll.part.0
                0x0000dc7c      0x120 bin/tasks.o
 .text.xTaskResumeAll
                0x0000dd9c       0x10 bin/tasks.o
                0x0000dd9c                xTaskResumeAll
 .text.prvIdleTask
                0x0000ddac       0xcc bin/tasks.o
 .text.vTaskSwitchContext
                0x0000de78       0x1c bin/tasks.o
                0x0000de78                vTaskSwitchContext
 .text.vTaskPlaceOnEventList
                0x0000de94       0x78 bin/tasks.o
                0x0000de94                vTaskPlaceOnEventList
 .text.vTaskPlaceOnUnorderedEventList
                0x0000df0c       0x8c bin/tasks.o
                0x0000df0c                vTaskPlaceOnUnorderedEventList
 .text.vTaskPlaceOnEventListRestricted
                0x0000df98       0x84 bin/tasks.o
                0x0000df98                vTaskPlaceOnEventListRestricted
 .text.xTaskRemoveFromEventList
                0x0000e01c       0xa8 bin/tasks.o
                0x0000e01c                xTaskRemoveFromEventList
 .text.vTaskRemoveFromUnorderedEventList
                0x0000e0c4       0x68 bin/tasks.o
                0x0000e0c4                vTaskRemoveFromUnorderedEventList
 .text.vTaskInternalSetTimeOutState
                0x0000e12c       0x18 bin/tasks.o
                0x0000e12c                vTaskInternalSetTimeOutState
 .text.xTaskCheckForTimeOut
                0x0000e144       0x70 bin/tasks.o
                0x0000e144                xTaskCheckForTimeOut
 .text.vTaskMissedYield
                0x0000e1b4        0xc bin/tasks.o
                0x0000e1b4                vTaskMissedYield
 .text.eTaskConfirmSleepModeStatus
                0x0000e1c0       0x38 bin/tasks.o
                0x0000e1c0                eTaskConfirmSleepModeStatus
 .text.xTaskGetSchedulerState
                0x0000e1f8       0x20 bin/tasks.o
                0x0000e1f8                xTaskGetSchedulerState
 .text.uxTaskResetEventItemValue
                0x0000e218       0x18 bin/tasks.o
                0x0000e218                uxTaskResetEventItemValue
 .text.prvSwitchTimerLists
                0x0000e230       0x88 bin/timers.o
 .text.prvTimerTask
                0x0000e2b8      0x228 bin/timers.o
 .text.xTimerCreateTimerTask
                0x0000e4e0       0x7c bin/timers.o
                0x0000e4e0                xTimerCreateTimerTask
 .text.xTimerPendFunctionCallFromISR
                0x0000e55c       0x28 bin/timers.o
                0x0000e55c                xTimerPendFunctionCallFromISR
 .text.am_util_delay_ms
                0x0000e584       0x28 bin/am_util_delay.o
                0x0000e584                am_util_delay_ms
 .text.HardFault_Handler
                0x0000e5ac       0x1c bin/am_util_faultisr.o
                0x0000e5ac                HardFault_Handler
 .text.getStackedReg
                0x0000e5c8        0x8 bin/am_util_faultisr.o
                0x0000e5c8                getStackedReg
 .text.am_util_faultisr_collect_data
                0x0000e5d0      0x480 bin/am_util_faultisr.o
                0x0000e5d0                am_util_faultisr_collect_data
 .text.divu64_10
                0x0000ea50       0xb8 bin/am_util_stdio.o
 .text.uint64_to_str
                0x0000eb08      0x104 bin/am_util_stdio.o
 .text.am_util_stdio_printf_init
                0x0000ec0c        0xc bin/am_util_stdio.o
                0x0000ec0c                am_util_stdio_printf_init
 .text.am_util_stdio_vsprintf
                0x0000ec18      0x8f8 bin/am_util_stdio.o
                0x0000ec18                am_util_stdio_vsprintf
 .text.am_util_stdio_printf
                0x0000f510       0x34 bin/am_util_stdio.o
                0x0000f510                am_util_stdio_printf
 .text.pvPortMalloc
                0x0000f544       0xbc bin/heap_2.o
                0x0000f544                pvPortMalloc
 .text.vPortFree
                0x0000f600       0x40 bin/heap_2.o
                0x0000f600                vPortFree
 .text.am_devices_led_array_init
                0x0000f640       0x64 bin/am_devices_led.o
                0x0000f640                am_devices_led_array_init
 .text.am_devices_led_off
                0x0000f6a4       0x30 bin/am_devices_led.o
                0x0000f6a4                am_devices_led_off
 .text.am_devices_led_toggle
                0x0000f6d4       0x54 bin/am_devices_led.o
                0x0000f6d4                am_devices_led_toggle
 .text.NMI_Handler
                0x0000f728        0x4 bin/startup_gcc.o
                0x0000f728                NMI_Handler
 .text.HardFault_Handler
                0x0000f72c        0x4 bin/startup_gcc.o
                0x0000f72c                MemManage_Handler
                0x0000f72c                BusFault_Handler
                0x0000f72c                UsageFault_Handler
 .text.am_default_isr
                0x0000f730        0x4 bin/startup_gcc.o
                0x0000f730                DebugMon_Handler
                0x0000f730                am_iomaster4_isr
                0x0000f730                am_rtc_isr
                0x0000f730                am_stimer_cmpr3_isr
                0x0000f730                am_adc_isr
                0x0000f730                am_iomaster3_isr
                0x0000f730                am_clkgen_isr
                0x0000f730                am_stimer_isr
                0x0000f730                am_software0_isr
                0x0000f730                am_stimer_cmpr5_isr
                0x0000f730                am_iomaster5_isr
                0x0000f730                am_pdm0_isr
                0x0000f730                am_uart_isr
                0x0000f730                am_ioslave_acc_isr
                0x0000f730                am_mspi0_isr
                0x0000f730                am_stimer_cmpr6_isr
                0x0000f730                am_iomaster1_isr
                0x0000f730                am_brownout_isr
                0x0000f730                am_vcomp_isr
                0x0000f730                am_iomaster2_isr
                0x0000f730                am_stimer_cmpr2_isr
                0x0000f730                am_ioslave_ios_isr
                0x0000f730                am_uart1_isr
                0x0000f730                am_stimer_cmpr7_isr
                0x0000f730                am_scard_isr
                0x0000f730                am_watchdog_isr
                0x0000f730                am_iomaster0_isr
                0x0000f730                am_ble_isr
                0x0000f730                am_stimer_cmpr4_isr
                0x0000f730                am_default_isr
 .text.Reset_Handler
                0x0000f734       0x68 bin/startup_gcc.o
                0x0000f734                Reset_Handler
 .text.memset   0x0000f79c       0xa4 c:/program files (x86)/gnu arm embedded toolchain/10 2021.10/bin/../lib/gcc/arm-none-eabi/10.3.1/../../../../arm-none-eabi/lib/thumb/v7e-m+fp/hard\libc.a(lib_a-memset.o)
                0x0000f79c                memset
 .text.am_bsp_low_power_init
                0x0000f840       0x40 ../../../bsp/gcc/bin/libam_bsp.a(am_bsp.o)
                0x0000f840                am_bsp_low_power_init
 .text.am_bsp_itm_printf_enable
                0x0000f880       0x40 ../../../bsp/gcc/bin/libam_bsp.a(am_bsp.o)
                0x0000f880                am_bsp_itm_printf_enable
 .text.am_bsp_itm_printf_disable
                0x0000f8c0       0x20 ../../../bsp/gcc/bin/libam_bsp.a(am_bsp.o)
                0x0000f8c0                am_bsp_itm_printf_disable
 .text.am_hal_cachectrl_config
                0x0000f8e0       0x48 ../../../../../mcu/apollo3/hal/gcc/bin/libam_hal.a(am_hal_cachectrl.o)
                0x0000f8e0                am_hal_cachectrl_config
 .text.am_hal_cachectrl_enable
                0x0000f928       0x14 ../../../../../mcu/apollo3/hal/gcc/bin/libam_hal.a(am_hal_cachectrl.o)
                0x0000f928                am_hal_cachectrl_enable
 .text.am_hal_cachectrl_control
                0x0000f93c      0x2f4 ../../../../../mcu/apollo3/hal/gcc/bin/libam_hal.a(am_hal_cachectrl.o)
                0x0000f93c                am_hal_cachectrl_control
 .text.am_hal_clkgen_control
                0x0000fc30      0x138 ../../../../../mcu/apollo3/hal/gcc/bin/libam_hal.a(am_hal_clkgen.o)
                0x0000fc30                am_hal_clkgen_control
 .text.am_hal_clkgen_status_get
                0x0000fd68       0x3c ../../../../../mcu/apollo3/hal/gcc/bin/libam_hal.a(am_hal_clkgen.o)
                0x0000fd68                am_hal_clkgen_status_get
 .text.am_hal_ctimer_int_service
                0x0000fda4       0x30 ../../../../../mcu/apollo3/hal/gcc/bin/libam_hal.a(am_hal_ctimer.o)
                0x0000fda4                am_hal_ctimer_int_service
 .text.am_hal_ctimer_int_clear
                0x0000fdd4       0x24 ../../../../../mcu/apollo3/hal/gcc/bin/libam_hal.a(am_hal_ctimer.o)
                0x0000fdd4                am_hal_ctimer_int_clear
 .text.am_hal_ctimer_int_status_get
                0x0000fdf8       0x3c ../../../../../mcu/apollo3/hal/gcc/bin/libam_hal.a(am_hal_ctimer.o)
                0x0000fdf8                am_hal_ctimer_int_status_get
 .text.am_hal_flash_delay
                0x0000fe34       0x20 ../../../../../mcu/apollo3/hal/gcc/bin/libam_hal.a(am_hal_flash.o)
                0x0000fe34                am_hal_flash_delay
 .text.am_hal_flash_delay_status_check
                0x0000fe54       0x6c ../../../../../mcu/apollo3/hal/gcc/bin/libam_hal.a(am_hal_flash.o)
                0x0000fe54                am_hal_flash_delay_status_check
 .text.am_hal_flash_load_ui32
                0x0000fec0        0x8 ../../../../../mcu/apollo3/hal/gcc/bin/libam_hal.a(am_hal_flash.o)
                0x0000fec0                am_hal_flash_load_ui32
 .text.am_hal_flash_store_ui32
                0x0000fec8        0xc ../../../../../mcu/apollo3/hal/gcc/bin/libam_hal.a(am_hal_flash.o)
                0x0000fec8                am_hal_flash_store_ui32
 .text.am_hal_triple_read
                0x0000fed4       0x1c ../../../../../mcu/apollo3/hal/gcc/bin/libam_hal.a(am_hal_global.o)
                0x0000fed4                am_hal_triple_read
 .text.am_hal_gpio_pinconfig
                0x0000fef0      0x26c ../../../../../mcu/apollo3/hal/gcc/bin/libam_hal.a(am_hal_gpio.o)
                0x0000fef0                am_hal_gpio_pinconfig
 .text.am_hal_gpio_state_read
                0x0001015c       0x6c ../../../../../mcu/apollo3/hal/gcc/bin/libam_hal.a(am_hal_gpio.o)
                0x0001015c                am_hal_gpio_state_read
 .text.am_hal_gpio_state_write
                0x000101c8       0x88 ../../../../../mcu/apollo3/hal/gcc/bin/libam_hal.a(am_hal_gpio.o)
                0x000101c8                am_hal_gpio_state_write
 .text.am_hal_gpio_interrupt_enable
                0x00010250       0x40 ../../../../../mcu/apollo3/hal/gcc/bin/libam_hal.a(am_hal_gpio.o)
                0x00010250                am_hal_gpio_interrupt_enable
 .text.am_hal_gpio_interrupt_clear
                0x00010290       0x34 ../../../../../mcu/apollo3/hal/gcc/bin/libam_hal.a(am_hal_gpio.o)
                0x00010290                am_hal_gpio_interrupt_clear
 .text.am_hal_gpio_interrupt_status_get
                0x000102c4       0x40 ../../../../../mcu/apollo3/hal/gcc/bin/libam_hal.a(am_hal_gpio.o)
                0x000102c4                am_hal_gpio_interrupt_status_get
 .text.am_hal_gpio_interrupt_register
                0x00010304       0x20 ../../../../../mcu/apollo3/hal/gcc/bin/libam_hal.a(am_hal_gpio.o)
                0x00010304                am_hal_gpio_interrupt_register
 .text.am_hal_gpio_interrupt_service
                0x00010324       0xbc ../../../../../mcu/apollo3/hal/gcc/bin/libam_hal.a(am_hal_gpio.o)
                0x00010324                am_hal_gpio_interrupt_service
 .text.am_hal_interrupt_master_enable
                0x000103e0        0x8 ../../../../../mcu/apollo3/hal/gcc/bin/libam_hal.a(am_hal_interrupt.o)
                0x000103e0                am_hal_interrupt_master_enable
 .text.am_hal_interrupt_master_disable
                0x000103e8        0x8 ../../../../../mcu/apollo3/hal/gcc/bin/libam_hal.a(am_hal_interrupt.o)
                0x000103e8                am_hal_interrupt_master_disable
 .text.am_hal_interrupt_master_set
                0x000103f0        0x8 ../../../../../mcu/apollo3/hal/gcc/bin/libam_hal.a(am_hal_interrupt.o)
                0x000103f0                am_hal_interrupt_master_set
 .text.am_hal_itm_enable
                0x000103f8       0x48 ../../../../../mcu/apollo3/hal/gcc/bin/libam_hal.a(am_hal_itm.o)
                0x000103f8                am_hal_itm_enable
 .text.am_hal_itm_disable
                0x00010440       0xb4 ../../../../../mcu/apollo3/hal/gcc/bin/libam_hal.a(am_hal_itm.o)
                0x00010440                am_hal_itm_disable
 .text.am_hal_itm_print
                0x000104f4       0x30 ../../../../../mcu/apollo3/hal/gcc/bin/libam_hal.a(am_hal_itm.o)
                0x000104f4                am_hal_itm_print
 .text.am_hal_mcuctrl_info_get
                0x00010524      0x138 ../../../../../mcu/apollo3/hal/gcc/bin/libam_hal.a(am_hal_mcuctrl.o)
                0x00010524                am_hal_mcuctrl_info_get
 .text.am_hal_pwrctrl_memory_enable
                0x0001065c       0x98 ../../../../../mcu/apollo3/hal/gcc/bin/libam_hal.a(am_hal_pwrctrl.o)
                0x0001065c                am_hal_pwrctrl_memory_enable
 .text.am_hal_pwrctrl_low_power_init
                0x000106f4      0x1bc ../../../../../mcu/apollo3/hal/gcc/bin/libam_hal.a(am_hal_pwrctrl.o)
                0x000106f4                am_hal_pwrctrl_low_power_init
 .text.am_hal_rtc_osc_disable
                0x000108b0       0x14 ../../../../../mcu/apollo3/hal/gcc/bin/libam_hal.a(am_hal_rtc.o)
                0x000108b0                am_hal_rtc_osc_disable
 .text.am_hal_stimer_config
                0x000108c4       0x14 ../../../../../mcu/apollo3/hal/gcc/bin/libam_hal.a(am_hal_stimer.o)
                0x000108c4                am_hal_stimer_config
 .text.am_hal_stimer_counter_get
                0x000108d8       0x20 ../../../../../mcu/apollo3/hal/gcc/bin/libam_hal.a(am_hal_stimer.o)
                0x000108d8                am_hal_stimer_counter_get
 .text.am_hal_stimer_compare_delta_set
                0x000108f8       0xb8 ../../../../../mcu/apollo3/hal/gcc/bin/libam_hal.a(am_hal_stimer.o)
                0x000108f8                am_hal_stimer_compare_delta_set
 .text.am_hal_stimer_int_enable
                0x000109b0       0x14 ../../../../../mcu/apollo3/hal/gcc/bin/libam_hal.a(am_hal_stimer.o)
                0x000109b0                am_hal_stimer_int_enable
 .text.am_hal_stimer_int_clear
                0x000109c4        0xc ../../../../../mcu/apollo3/hal/gcc/bin/libam_hal.a(am_hal_stimer.o)
                0x000109c4                am_hal_stimer_int_clear
 .text.am_hal_stimer_int_status_get
                0x000109d0       0x18 ../../../../../mcu/apollo3/hal/gcc/bin/libam_hal.a(am_hal_stimer.o)
                0x000109d0                am_hal_stimer_int_status_get
 .text.am_hal_sysctrl_sleep
                0x000109e8       0x70 ../../../../../mcu/apollo3/hal/gcc/bin/libam_hal.a(am_hal_sysctrl.o)
                0x000109e8                am_hal_sysctrl_sleep
 .text.am_hal_sysctrl_fpu_enable
                0x00010a58       0x10 ../../../../../mcu/apollo3/hal/gcc/bin/libam_hal.a(am_hal_sysctrl.o)
                0x00010a58                am_hal_sysctrl_fpu_enable
 .text.am_hal_sysctrl_fpu_stacking_enable
                0x00010a68       0x34 ../../../../../mcu/apollo3/hal/gcc/bin/libam_hal.a(am_hal_sysctrl.o)
                0x00010a68                am_hal_sysctrl_fpu_stacking_enable
 .text.am_hal_tpiu_enable
                0x00010a9c       0xa0 ../../../../../mcu/apollo3/hal/gcc/bin/libam_hal.a(am_hal_tpiu.o)
                0x00010a9c                am_hal_tpiu_enable
 *(.rodata)
 *(.rodata*)
 .rodata.main.str1.4
                0x00010b3c       0x1c bin/freertos_lowpower.o
 .rodata.LedTaskSetup.str1.4
                0x00010b58       0x11 bin/led_task.o
 *fill*         0x00010b69        0x3 
 .rodata.setup_task.str1.4
                0x00010b6c       0x24 bin/rtos.o
 .rodata.run_tasks.str1.4
                0x00010b90        0x6 bin/rtos.o
 *fill*         0x00010b96        0x2 
 .rodata.xTimerCreateTimerTask.str1.4
                0x00010b98        0x8 bin/timers.o
 .rodata.am_util_faultisr_collect_data.str1.4
                0x00010ba0      0x306 bin/am_util_faultisr.o
 *fill*         0x00010ea6        0x2 
 .rodata.g_AM_BSP_GPIO_BUTTON0
                0x00010ea8        0x4 ../../../bsp/gcc/bin/libam_bsp.a(am_bsp_pins.o)
                0x00010ea8                g_AM_BSP_GPIO_BUTTON0
 .rodata.g_AM_BSP_GPIO_BUTTON1
                0x00010eac        0x4 ../../../bsp/gcc/bin/libam_bsp.a(am_bsp_pins.o)
                0x00010eac                g_AM_BSP_GPIO_BUTTON1
 .rodata.g_AM_BSP_GPIO_BUTTON2
                0x00010eb0        0x4 ../../../bsp/gcc/bin/libam_bsp.a(am_bsp_pins.o)
                0x00010eb0                g_AM_BSP_GPIO_BUTTON2
 .rodata.g_AM_BSP_GPIO_ITM_SWO
                0x00010eb4        0x4 ../../../bsp/gcc/bin/libam_bsp.a(am_bsp_pins.o)
                0x00010eb4                g_AM_BSP_GPIO_ITM_SWO
 .rodata.am_hal_cachectrl_defaults
                0x00010eb8        0x3 ../../../../../mcu/apollo3/hal/gcc/bin/libam_hal.a(am_hal_cachectrl.o)
                0x00010eb8                am_hal_cachectrl_defaults
 *fill*         0x00010ebb        0x1 
 .rodata.g_AM_HAL_GPIO_DISABLE
                0x00010ebc        0x4 ../../../../../mcu/apollo3/hal/gcc/bin/libam_hal.a(am_hal_gpio.o)
                0x00010ebc                g_AM_HAL_GPIO_DISABLE
 .rodata.g_AM_HAL_GPIO_OUTPUT
                0x00010ec0        0x4 ../../../../../mcu/apollo3/hal/gcc/bin/libam_hal.a(am_hal_gpio.o)
                0x00010ec0                g_AM_HAL_GPIO_OUTPUT
 .rodata.g_AM_HAL_GPIO_TRISTATE
                0x00010ec4        0x4 ../../../../../mcu/apollo3/hal/gcc/bin/libam_hal.a(am_hal_gpio.o)
                0x00010ec4                g_AM_HAL_GPIO_TRISTATE
 .rodata.g_ui8Bit76Capabilities
                0x00010ec8       0x32 ../../../../../mcu/apollo3/hal/gcc/bin/libam_hal.a(am_hal_gpio.o)
 *fill*         0x00010efa        0x2 
 .rodata.g_ui8Inpen
                0x00010efc       0x32 ../../../../../mcu/apollo3/hal/gcc/bin/libam_hal.a(am_hal_gpio.o)
 *fill*         0x00010f2e        0x2 
 .rodata.g_ui8NCEtable
                0x00010f30       0xc8 ../../../../../mcu/apollo3/hal/gcc/bin/libam_hal.a(am_hal_gpio.o)
 .rodata.g_ui8nCEpins
                0x00010ff8       0x32 ../../../../../mcu/apollo3/hal/gcc/bin/libam_hal.a(am_hal_gpio.o)
 *fill*         0x0001102a        0x2 
 .rodata.g_am_hal_mcuctrl_flash_size
                0x0001102c       0x40 ../../../../../mcu/apollo3/hal/gcc/bin/libam_hal.a(am_hal_mcuctrl.o)
                0x0001102c                g_am_hal_mcuctrl_flash_size
 .rodata.g_am_hal_mcuctrl_sram_size
                0x0001106c       0x40 ../../../../../mcu/apollo3/hal/gcc/bin/libam_hal.a(am_hal_mcuctrl.o)
                0x0001106c                g_am_hal_mcuctrl_sram_size
 .rodata.am_hal_pwrctrl_memory_control
                0x000110ac      0x1b0 ../../../../../mcu/apollo3/hal/gcc/bin/libam_hal.a(am_hal_pwrctrl.o)
                0x000110ac                am_hal_pwrctrl_memory_control
                0x0001125c                . = ALIGN (0x4)
                0x0001125c                _etext = .

.glue_7         0x0001125c        0x0
 .glue_7        0x0001125c        0x0 linker stubs

.glue_7t        0x0001125c        0x0
 .glue_7t       0x0001125c        0x0 linker stubs

.vfp11_veneer   0x0001125c        0x0
 .vfp11_veneer  0x0001125c        0x0 linker stubs

.v4_bx          0x0001125c        0x0
 .v4_bx         0x0001125c        0x0 linker stubs

.iplt           0x0001125c        0x0
 .iplt          0x0001125c        0x0 bin/freertos_lowpower.o

.rel.dyn        0x0001125c        0x0
 .rel.iplt      0x0001125c        0x0 bin/freertos_lowpower.o

.stack          0x10000000     0x2300
                0x10000000                . = ALIGN (0x8)
 *(.stack)
 .stack         0x10000000     0x2300 bin/startup_gcc.o
 *(.stack*)
                0x10002300                . = ALIGN (0x8)

.data           0x10002300       0x3c load address 0x0001125c
                0x10002300                . = ALIGN (0x4)
                0x10002300                _sdata = .
 *(.data)
 *(.data*)
 .data.uxCriticalNesting
                0x10002300        0x4 bin/port.o
 .data.xFreeBytesRemaining
                0x10002304        0x4 bin/heap_2.o
 .data.am_bsp_psLEDs
                0x10002308       0x28 ../../../bsp/gcc/bin/libam_bsp.a(am_bsp.o)
                0x10002308                am_bsp_psLEDs
 .data.SRAM_write_ui32
                0x10002330        0xc ../../../../../mcu/apollo3/hal/gcc/bin/libam_hal.a(am_hal_flash.o)
                0x10002330                SRAM_write_ui32
                0x1000233c                . = ALIGN (0x4)
                0x1000233c                _edata = .
                0x0001125c                _init_data = LOADADDR (.data)

.igot.plt       0x1000233c        0x0 load address 0x00011298
 .igot.plt      0x1000233c        0x0 bin/freertos_lowpower.o

.bss            0x1000233c     0x4470 load address 0x00011298
                0x1000233c                . = ALIGN (0x4)
                0x1000233c                _sbss = .
 *(.bss)
 *(.bss*)
 .bss.led_task_handle
                0x1000233c        0x4 bin/led_task.o
                0x1000233c                led_task_handle
 .bss.xLedEventHandle
                0x10002340        0x4 bin/led_task.o
                0x10002340                xLedEventHandle
 .bss.xSetupTask
                0x10002344        0x4 bin/rtos.o
                0x10002344                xSetupTask
 .bss.gNumCmpB  0x10002348        0x4 bin/port.o
                0x10002348                gNumCmpB
 .bss.g_lastSTimerVal
                0x1000234c        0x4 bin/port.o
 .bss.ucMaxSysCallPriority
                0x10002350        0x1 bin/port.o
 *fill*         0x10002351        0x3 
 .bss.ulMaxPRIGROUPValue
                0x10002354        0x4 bin/port.o
 .bss.ulTimerCountsForOneTick
                0x10002358        0x4 bin/port.o
                0x10002358                ulTimerCountsForOneTick
 .bss.xMaximumPossibleSuppressedTicks
                0x1000235c        0x4 bin/port.o
 .bss.pxCurrentTCB
                0x10002360        0x4 bin/tasks.o
                0x10002360                pxCurrentTCB
 .bss.pxDelayedTaskList
                0x10002364        0x4 bin/tasks.o
 .bss.pxOverflowDelayedTaskList
                0x10002368        0x4 bin/tasks.o
 .bss.pxReadyTasksLists
                0x1000236c       0x50 bin/tasks.o
 .bss.uxCurrentNumberOfTasks
                0x100023bc        0x4 bin/tasks.o
 .bss.uxPendedTicks
                0x100023c0        0x4 bin/tasks.o
 .bss.uxSchedulerSuspended
                0x100023c4        0x4 bin/tasks.o
 .bss.uxTaskNumber
                0x100023c8        0x4 bin/tasks.o
 .bss.uxTopReadyPriority
                0x100023cc        0x4 bin/tasks.o
 .bss.xDelayedTaskList1
                0x100023d0       0x14 bin/tasks.o
 .bss.xDelayedTaskList2
                0x100023e4       0x14 bin/tasks.o
 .bss.xIdleTaskHandle
                0x100023f8        0x4 bin/tasks.o
 .bss.xNextTaskUnblockTime
                0x100023fc        0x4 bin/tasks.o
 .bss.xNumOfOverflows
                0x10002400        0x4 bin/tasks.o
 .bss.xPendingReadyList
                0x10002404       0x14 bin/tasks.o
 .bss.xSchedulerRunning
                0x10002418        0x4 bin/tasks.o
 .bss.xSuspendedTaskList
                0x1000241c       0x14 bin/tasks.o
 .bss.xTickCount
                0x10002430        0x4 bin/tasks.o
 .bss.xYieldPending
                0x10002434        0x4 bin/tasks.o
 .bss.pxCurrentTimerList
                0x10002438        0x4 bin/timers.o
 .bss.pxOverflowTimerList
                0x1000243c        0x4 bin/timers.o
 .bss.xActiveTimerList1
                0x10002440       0x14 bin/timers.o
 .bss.xActiveTimerList2
                0x10002454       0x14 bin/timers.o
 .bss.xLastTime.0
                0x10002468        0x4 bin/timers.o
 .bss.xTimerQueue
                0x1000246c        0x4 bin/timers.o
 .bss.xTimerTaskHandle
                0x10002470        0x4 bin/timers.o
 .bss.g_bTxtXlate
                0x10002474        0x1 bin/am_util_stdio.o
 *fill*         0x10002475        0x3 
 .bss.g_pfnCharPrint
                0x10002478        0x4 bin/am_util_stdio.o
                0x10002478                g_pfnCharPrint
 .bss.g_prfbuf  0x1000247c      0x100 bin/am_util_stdio.o
 .bss.ucHeap    0x1000257c     0x4000 bin/heap_2.o
 .bss.xEnd      0x1000657c        0x8 bin/heap_2.o
 .bss.xHeapHasBeenInitialised.0
                0x10006584        0x4 bin/heap_2.o
 .bss.xStart    0x10006588        0x8 bin/heap_2.o
 .bss.g_ui32PrintInterface
                0x10006590        0x4 ../../../bsp/gcc/bin/libam_bsp.a(am_bsp.o)
 .bss.g_am_hal_ctimer_ppfnHandlers
                0x10006594       0x80 ../../../../../mcu/apollo3/hal/gcc/bin/libam_hal.a(am_hal_ctimer.o)
 .bss.gpio_pHandlerCtxt
                0x10006614       0xc8 ../../../../../mcu/apollo3/hal/gcc/bin/libam_hal.a(am_hal_gpio.o)
 .bss.gpio_ppfnHandlers
                0x100066dc       0xc8 ../../../../../mcu/apollo3/hal/gcc/bin/libam_hal.a(am_hal_gpio.o)
 .bss.gAmHalResetStatus
                0x100067a4        0x4 ../../../../../mcu/apollo3/hal/gcc/bin/libam_hal.a(am_hal_reset.o)
                0x100067a4                gAmHalResetStatus
 .bss.g_ui32BusWriteFlush
                0x100067a8        0x4 ../../../../../mcu/apollo3/hal/gcc/bin/libam_hal.a(am_hal_sysctrl.o)
 *(COMMON)
                0x100067ac                . = ALIGN (0x4)
                0x100067ac                _ebss = .

.ARM.attributes
                0x00000000       0x32
 *(.ARM.attributes)
 .ARM.attributes
                0x00000000       0x34 bin/freertos_lowpower.o
 .ARM.attributes
                0x00000034       0x34 bin/led_task.o
 .ARM.attributes
                0x00000068       0x34 bin/rtos.o
 .ARM.attributes
                0x0000009c       0x34 bin/port.o
 .ARM.attributes
                0x000000d0       0x34 bin/event_groups.o
 .ARM.attributes
                0x00000104       0x34 bin/list.o
 .ARM.attributes
                0x00000138       0x34 bin/queue.o
 .ARM.attributes
                0x0000016c       0x34 bin/tasks.o
 .ARM.attributes
                0x000001a0       0x34 bin/timers.o
 .ARM.attributes
                0x000001d4       0x34 bin/am_util_delay.o
 .ARM.attributes
                0x00000208       0x34 bin/am_util_faultisr.o
 .ARM.attributes
                0x0000023c       0x34 bin/am_util_stdio.o
 .ARM.attributes
                0x00000270       0x34 bin/heap_2.o
 .ARM.attributes
                0x000002a4       0x34 bin/am_devices_led.o
 .ARM.attributes
                0x000002d8       0x34 bin/startup_gcc.o
 .ARM.attributes
                0x0000030c       0x1c c:/program files (x86)/gnu arm embedded toolchain/10 2021.10/bin/../lib/gcc/arm-none-eabi/10.3.1/../../../../arm-none-eabi/lib/thumb/v7e-m+fp/hard\libc.a(lib_a-memcpy.o)
 .ARM.attributes
                0x00000328       0x34 c:/program files (x86)/gnu arm embedded toolchain/10 2021.10/bin/../lib/gcc/arm-none-eabi/10.3.1/../../../../arm-none-eabi/lib/thumb/v7e-m+fp/hard\libc.a(lib_a-memset.o)
 .ARM.attributes
                0x0000035c       0x1e c:/program files (x86)/gnu arm embedded toolchain/10 2021.10/bin/../lib/gcc/arm-none-eabi/10.3.1/thumb/v7e-m+fp/hard\libgcc.a(_arm_truncdfsf2.o)
 .ARM.attributes
                0x0000037a       0x34 ../../../bsp/gcc/bin/libam_bsp.a(am_bsp.o)
 .ARM.attributes
                0x000003ae       0x34 ../../../bsp/gcc/bin/libam_bsp.a(am_bsp_pins.o)
 .ARM.attributes
                0x000003e2       0x34 ../../../../../mcu/apollo3/hal/gcc/bin/libam_hal.a(am_hal_cachectrl.o)
 .ARM.attributes
                0x00000416       0x34 ../../../../../mcu/apollo3/hal/gcc/bin/libam_hal.a(am_hal_clkgen.o)
 .ARM.attributes
                0x0000044a       0x34 ../../../../../mcu/apollo3/hal/gcc/bin/libam_hal.a(am_hal_ctimer.o)
 .ARM.attributes
                0x0000047e       0x34 ../../../../../mcu/apollo3/hal/gcc/bin/libam_hal.a(am_hal_flash.o)
 .ARM.attributes
                0x000004b2       0x34 ../../../../../mcu/apollo3/hal/gcc/bin/libam_hal.a(am_hal_global.o)
 .ARM.attributes
                0x000004e6       0x34 ../../../../../mcu/apollo3/hal/gcc/bin/libam_hal.a(am_hal_gpio.o)
 .ARM.attributes
                0x0000051a       0x34 ../../../../../mcu/apollo3/hal/gcc/bin/libam_hal.a(am_hal_interrupt.o)
 .ARM.attributes
                0x0000054e       0x34 ../../../../../mcu/apollo3/hal/gcc/bin/libam_hal.a(am_hal_itm.o)
 .ARM.attributes
                0x00000582       0x34 ../../../../../mcu/apollo3/hal/gcc/bin/libam_hal.a(am_hal_mcuctrl.o)
 .ARM.attributes
                0x000005b6       0x34 ../../../../../mcu/apollo3/hal/gcc/bin/libam_hal.a(am_hal_pwrctrl.o)
 .ARM.attributes
                0x000005ea       0x34 ../../../../../mcu/apollo3/hal/gcc/bin/libam_hal.a(am_hal_reset.o)
 .ARM.attributes
                0x0000061e       0x34 ../../../../../mcu/apollo3/hal/gcc/bin/libam_hal.a(am_hal_rtc.o)
 .ARM.attributes
                0x00000652       0x34 ../../../../../mcu/apollo3/hal/gcc/bin/libam_hal.a(am_hal_stimer.o)
 .ARM.attributes
                0x00000686       0x34 ../../../../../mcu/apollo3/hal/gcc/bin/libam_hal.a(am_hal_sysctrl.o)
 .ARM.attributes
                0x000006ba       0x34 ../../../../../mcu/apollo3/hal/gcc/bin/libam_hal.a(am_hal_tpiu.o)
LOAD bin/freertos_lowpower.o
LOAD bin/led_task.o
LOAD bin/rtos.o
LOAD bin/port.o
LOAD bin/event_groups.o
LOAD bin/list.o
LOAD bin/queue.o
LOAD bin/tasks.o
LOAD bin/timers.o
LOAD bin/am_util_debug.o
LOAD bin/am_util_delay.o
LOAD bin/am_util_faultisr.o
LOAD bin/am_util_stdio.o
LOAD bin/heap_2.o
LOAD bin/am_devices_button.o
LOAD bin/am_devices_led.o
LOAD bin/startup_gcc.o
START GROUP
LOAD c:/program files (x86)/gnu arm embedded toolchain/10 2021.10/bin/../lib/gcc/arm-none-eabi/10.3.1/../../../../arm-none-eabi/lib/thumb/v7e-m+fp/hard\libm.a
LOAD c:/program files (x86)/gnu arm embedded toolchain/10 2021.10/bin/../lib/gcc/arm-none-eabi/10.3.1/../../../../arm-none-eabi/lib/thumb/v7e-m+fp/hard\libc.a
LOAD c:/program files (x86)/gnu arm embedded toolchain/10 2021.10/bin/../lib/gcc/arm-none-eabi/10.3.1/thumb/v7e-m+fp/hard\libgcc.a
LOAD ../../../bsp/gcc/bin/libam_bsp.a
LOAD ../../../../../mcu/apollo3/hal/gcc/bin/libam_hal.a
END GROUP
START GROUP
LOAD c:/program files (x86)/gnu arm embedded toolchain/10 2021.10/bin/../lib/gcc/arm-none-eabi/10.3.1/thumb/v7e-m+fp/hard\libgcc.a
LOAD c:/program files (x86)/gnu arm embedded toolchain/10 2021.10/bin/../lib/gcc/arm-none-eabi/10.3.1/../../../../arm-none-eabi/lib/thumb/v7e-m+fp/hard\libc.a
END GROUP
OUTPUT(bin/freertos_lowpower.axf elf32-littlearm)
LOAD linker stubs

.debug_info     0x00000000     0xc746
 .debug_info    0x00000000      0x391 bin/freertos_lowpower.o
 .debug_info    0x00000391     0x10a0 bin/led_task.o
 .debug_info    0x00001431      0x597 bin/rtos.o
 .debug_info    0x000019c8     0x11b8 bin/port.o
 .debug_info    0x00002b80      0xe4e bin/event_groups.o
 .debug_info    0x000039ce      0x2d9 bin/list.o
 .debug_info    0x00003ca7     0x2465 bin/queue.o
 .debug_info    0x0000610c     0x2832 bin/tasks.o
 .debug_info    0x0000893e     0x15e6 bin/timers.o
 .debug_info    0x00009f24      0x21b bin/am_util_delay.o
 .debug_info    0x0000a13f      0x8db bin/am_util_faultisr.o
 .debug_info    0x0000aa1a     0x10e8 bin/am_util_stdio.o
 .debug_info    0x0000bb02      0x3c3 bin/heap_2.o
 .debug_info    0x0000bec5      0x716 bin/am_devices_led.o
 .debug_info    0x0000c5db      0x16b bin/startup_gcc.o

.debug_abbrev   0x00000000     0x2492
 .debug_abbrev  0x00000000      0x14b bin/freertos_lowpower.o
 .debug_abbrev  0x0000014b      0x34f bin/led_task.o
 .debug_abbrev  0x0000049a      0x1a0 bin/rtos.o
 .debug_abbrev  0x0000063a      0x389 bin/port.o
 .debug_abbrev  0x000009c3      0x2cc bin/event_groups.o
 .debug_abbrev  0x00000c8f      0x106 bin/list.o
 .debug_abbrev  0x00000d95      0x321 bin/queue.o
 .debug_abbrev  0x000010b6      0x470 bin/tasks.o
 .debug_abbrev  0x00001526      0x352 bin/timers.o
 .debug_abbrev  0x00001878      0x106 bin/am_util_delay.o
 .debug_abbrev  0x0000197e      0x19a bin/am_util_faultisr.o
 .debug_abbrev  0x00001b18      0x3d0 bin/am_util_stdio.o
 .debug_abbrev  0x00001ee8      0x217 bin/heap_2.o
 .debug_abbrev  0x000020ff      0x2b0 bin/am_devices_led.o
 .debug_abbrev  0x000023af       0xe3 bin/startup_gcc.o

.debug_aranges  0x00000000      0x600
 .debug_aranges
                0x00000000       0x30 bin/freertos_lowpower.o
 .debug_aranges
                0x00000030       0x50 bin/led_task.o
 .debug_aranges
                0x00000080       0x50 bin/rtos.o
 .debug_aranges
                0x000000d0       0xa0 bin/port.o
 .debug_aranges
                0x00000170       0x60 bin/event_groups.o
 .debug_aranges
                0x000001d0       0x40 bin/list.o
 .debug_aranges
                0x00000210       0xa0 bin/queue.o
 .debug_aranges
                0x000002b0      0x140 bin/tasks.o
 .debug_aranges
                0x000003f0       0x88 bin/timers.o
 .debug_aranges
                0x00000478       0x30 bin/am_util_delay.o
 .debug_aranges
                0x000004a8       0x30 bin/am_util_faultisr.o
 .debug_aranges
                0x000004d8       0x60 bin/am_util_stdio.o
 .debug_aranges
                0x00000538       0x38 bin/heap_2.o
 .debug_aranges
                0x00000570       0x58 bin/am_devices_led.o
 .debug_aranges
                0x000005c8       0x38 bin/startup_gcc.o

.debug_ranges   0x00000000     0x1468
 .debug_ranges  0x00000000       0x20 bin/freertos_lowpower.o
 .debug_ranges  0x00000020       0x58 bin/led_task.o
 .debug_ranges  0x00000078       0x40 bin/rtos.o
 .debug_ranges  0x000000b8      0x108 bin/port.o
 .debug_ranges  0x000001c0      0x138 bin/event_groups.o
 .debug_ranges  0x000002f8       0x30 bin/list.o
 .debug_ranges  0x00000328      0x418 bin/queue.o
 .debug_ranges  0x00000740      0x580 bin/tasks.o
 .debug_ranges  0x00000cc0      0x270 bin/timers.o
 .debug_ranges  0x00000f30       0x20 bin/am_util_delay.o
 .debug_ranges  0x00000f50       0x20 bin/am_util_faultisr.o
 .debug_ranges  0x00000f70      0x388 bin/am_util_stdio.o
 .debug_ranges  0x000012f8       0x80 bin/heap_2.o
 .debug_ranges  0x00001378       0xc8 bin/am_devices_led.o
 .debug_ranges  0x00001440       0x28 bin/startup_gcc.o

.debug_line     0x00000000     0xa50e
 .debug_line    0x00000000      0x17c bin/freertos_lowpower.o
 .debug_line    0x0000017c      0x683 bin/led_task.o
 .debug_line    0x000007ff      0x367 bin/rtos.o
 .debug_line    0x00000b66      0xb8b bin/port.o
 .debug_line    0x000016f1      0xb3e bin/event_groups.o
 .debug_line    0x0000222f      0x39e bin/list.o
 .debug_line    0x000025cd     0x229f bin/queue.o
 .debug_line    0x0000486c     0x2825 bin/tasks.o
 .debug_line    0x00007091      0xd91 bin/timers.o
 .debug_line    0x00007e22      0x1d3 bin/am_util_delay.o
 .debug_line    0x00007ff5      0x568 bin/am_util_faultisr.o
 .debug_line    0x0000855d     0x138f bin/am_util_stdio.o
 .debug_line    0x000098ec      0x4cb bin/heap_2.o
 .debug_line    0x00009db7      0x5c3 bin/am_devices_led.o
 .debug_line    0x0000a37a      0x194 bin/startup_gcc.o

.debug_str      0x00000000     0x3d9f
 .debug_str     0x00000000      0x7bb bin/freertos_lowpower.o
                                0x7f4 (size before relaxing)
 .debug_str     0x000007bb      0xeb0 bin/led_task.o
                               0x10c3 (size before relaxing)
 .debug_str     0x0000166b      0x149 bin/rtos.o
                                0xaf6 (size before relaxing)
 .debug_str     0x000017b4      0x6ea bin/port.o
                               0x13b4 (size before relaxing)
 .debug_str     0x00001e9e      0x3aa bin/event_groups.o
                                0x678 (size before relaxing)
 .debug_str     0x00002248       0xb6 bin/list.o
                                0x32f (size before relaxing)
 .debug_str     0x000022fe      0x4f8 bin/queue.o
                                0x8e7 (size before relaxing)
 .debug_str     0x000027f6      0x71e bin/tasks.o
                                0xe44 (size before relaxing)
 .debug_str     0x00002f14      0x4c2 bin/timers.o
                                0x965 (size before relaxing)
 .debug_str     0x000033d6      0x104 bin/am_util_delay.o
                                0x2cd (size before relaxing)
 .debug_str     0x000034da      0x1cc bin/am_util_faultisr.o
                                0x3bf (size before relaxing)
 .debug_str     0x000036a6      0x343 bin/am_util_stdio.o
                                0x589 (size before relaxing)
 .debug_str     0x000039e9      0x160 bin/heap_2.o
                                0x3b6 (size before relaxing)
 .debug_str     0x00003b49      0x1f6 bin/am_devices_led.o
                                0x62d (size before relaxing)
 .debug_str     0x00003d3f       0x60 bin/startup_gcc.o
                                0x229 (size before relaxing)

.comment        0x00000000       0x49
 .comment       0x00000000       0x49 bin/freertos_lowpower.o
                                 0x4a (size before relaxing)
 .comment       0x00000049       0x4a bin/led_task.o
 .comment       0x00000049       0x4a bin/rtos.o
 .comment       0x00000049       0x4a bin/port.o
 .comment       0x00000049       0x4a bin/event_groups.o
 .comment       0x00000049       0x4a bin/list.o
 .comment       0x00000049       0x4a bin/queue.o
 .comment       0x00000049       0x4a bin/tasks.o
 .comment       0x00000049       0x4a bin/timers.o
 .comment       0x00000049       0x4a bin/am_util_delay.o
 .comment       0x00000049       0x4a bin/am_util_faultisr.o
 .comment       0x00000049       0x4a bin/am_util_stdio.o
 .comment       0x00000049       0x4a bin/heap_2.o
 .comment       0x00000049       0x4a bin/am_devices_led.o
 .comment       0x00000049       0x4a bin/startup_gcc.o
 .comment       0x00000049       0x4a ../../../bsp/gcc/bin/libam_bsp.a(am_bsp.o)
 .comment       0x00000049       0x4a ../../../bsp/gcc/bin/libam_bsp.a(am_bsp_pins.o)
 .comment       0x00000049       0x4a ../../../../../mcu/apollo3/hal/gcc/bin/libam_hal.a(am_hal_cachectrl.o)
 .comment       0x00000049       0x4a ../../../../../mcu/apollo3/hal/gcc/bin/libam_hal.a(am_hal_clkgen.o)
 .comment       0x00000049       0x4a ../../../../../mcu/apollo3/hal/gcc/bin/libam_hal.a(am_hal_ctimer.o)
 .comment       0x00000049       0x4a ../../../../../mcu/apollo3/hal/gcc/bin/libam_hal.a(am_hal_flash.o)
 .comment       0x00000049       0x4a ../../../../../mcu/apollo3/hal/gcc/bin/libam_hal.a(am_hal_global.o)
 .comment       0x00000049       0x4a ../../../../../mcu/apollo3/hal/gcc/bin/libam_hal.a(am_hal_gpio.o)
 .comment       0x00000049       0x4a ../../../../../mcu/apollo3/hal/gcc/bin/libam_hal.a(am_hal_interrupt.o)
 .comment       0x00000049       0x4a ../../../../../mcu/apollo3/hal/gcc/bin/libam_hal.a(am_hal_itm.o)
 .comment       0x00000049       0x4a ../../../../../mcu/apollo3/hal/gcc/bin/libam_hal.a(am_hal_mcuctrl.o)
 .comment       0x00000049       0x4a ../../../../../mcu/apollo3/hal/gcc/bin/libam_hal.a(am_hal_pwrctrl.o)
 .comment       0x00000049       0x4a ../../../../../mcu/apollo3/hal/gcc/bin/libam_hal.a(am_hal_reset.o)
 .comment       0x00000049       0x4a ../../../../../mcu/apollo3/hal/gcc/bin/libam_hal.a(am_hal_rtc.o)
 .comment       0x00000049       0x4a ../../../../../mcu/apollo3/hal/gcc/bin/libam_hal.a(am_hal_stimer.o)
 .comment       0x00000049       0x4a ../../../../../mcu/apollo3/hal/gcc/bin/libam_hal.a(am_hal_sysctrl.o)
 .comment       0x00000049       0x4a ../../../../../mcu/apollo3/hal/gcc/bin/libam_hal.a(am_hal_tpiu.o)

.debug_frame    0x00000000     0x1398
 .debug_frame   0x00000000       0x48 bin/freertos_lowpower.o
 .debug_frame   0x00000048       0xe8 bin/led_task.o
 .debug_frame   0x00000130       0xac bin/rtos.o
 .debug_frame   0x000001dc      0x1ac bin/port.o
 .debug_frame   0x00000388      0x1c8 bin/event_groups.o
 .debug_frame   0x00000550       0x88 bin/list.o
 .debug_frame   0x000005d8      0x2c0 bin/queue.o
 .debug_frame   0x00000898      0x4f4 bin/tasks.o
 .debug_frame   0x00000d8c      0x1e8 bin/timers.o
 .debug_frame   0x00000f74       0x60 bin/am_util_delay.o
 .debug_frame   0x00000fd4       0x4c bin/am_util_faultisr.o
 .debug_frame   0x00001020      0x138 bin/am_util_stdio.o
 .debug_frame   0x00001158       0x70 bin/heap_2.o
 .debug_frame   0x000011c8      0x130 bin/am_devices_led.o
 .debug_frame   0x000012f8       0x50 bin/startup_gcc.o
 .debug_frame   0x00001348       0x2c c:/program files (x86)/gnu arm embedded toolchain/10 2021.10/bin/../lib/gcc/arm-none-eabi/10.3.1/../../../../arm-none-eabi/lib/thumb/v7e-m+fp/hard\libc.a(lib_a-memset.o)
 .debug_frame   0x00001374       0x24 c:/program files (x86)/gnu arm embedded toolchain/10 2021.10/bin/../lib/gcc/arm-none-eabi/10.3.1/thumb/v7e-m+fp/hard\libgcc.a(_arm_truncdfsf2.o)

.debug_loc      0x00000000     0xa4ff
 .debug_loc     0x00000000      0x2a3 bin/led_task.o
 .debug_loc     0x000002a3       0xa3 bin/rtos.o
 .debug_loc     0x00000346      0x4db bin/port.o
 .debug_loc     0x00000821      0xfd2 bin/event_groups.o
 .debug_loc     0x000017f3       0xbc bin/list.o
 .debug_loc     0x000018af     0x1bf1 bin/queue.o
 .debug_loc     0x000034a0     0x24c5 bin/tasks.o
 .debug_loc     0x00005965     0x129b bin/timers.o
 .debug_loc     0x00006c00      0x101 bin/am_util_delay.o
 .debug_loc     0x00006d01      0x1b6 bin/am_util_faultisr.o
 .debug_loc     0x00006eb7     0x2dc7 bin/am_util_stdio.o
 .debug_loc     0x00009c7e      0x2e0 bin/heap_2.o
 .debug_loc     0x00009f5e      0x5a1 bin/am_devices_led.o
