Archive member included to satisfy reference by file (symbol)

c:/program files (x86)/gnu arm embedded toolchain/10 2021.10/bin/../lib/gcc/arm-none-eabi/10.3.1/../../../../arm-none-eabi/lib/thumb/v7e-m+fp/hard\libc.a(lib_a-atoi.o)
                              bin/app_terminal.o (atoi)
c:/program files (x86)/gnu arm embedded toolchain/10 2021.10/bin/../lib/gcc/arm-none-eabi/10.3.1/../../../../arm-none-eabi/lib/thumb/v7e-m+fp/hard\libc.a(lib_a-memcmp.o)
                              bin/sec_ccm_hci.o (memcmp)
c:/program files (x86)/gnu arm embedded toolchain/10 2021.10/bin/../lib/gcc/arm-none-eabi/10.3.1/../../../../arm-none-eabi/lib/thumb/v7e-m+fp/hard\libc.a(lib_a-memcpy.o)
                              bin/ancs_main.o (memcpy)
c:/program files (x86)/gnu arm embedded toolchain/10 2021.10/bin/../lib/gcc/arm-none-eabi/10.3.1/../../../../arm-none-eabi/lib/thumb/v7e-m+fp/hard\libc.a(lib_a-memmove.o)
                              bin/dm_adv.o (memmove)
c:/program files (x86)/gnu arm embedded toolchain/10 2021.10/bin/../lib/gcc/arm-none-eabi/10.3.1/../../../../arm-none-eabi/lib/thumb/v7e-m+fp/hard\libc.a(lib_a-memset.o)
                              bin/sec_ccm_hci.o (memset)
c:/program files (x86)/gnu arm embedded toolchain/10 2021.10/bin/../lib/gcc/arm-none-eabi/10.3.1/../../../../arm-none-eabi/lib/thumb/v7e-m+fp/hard\libc.a(lib_a-strcmp.o)
                              bin/terminal.o (strcmp)
c:/program files (x86)/gnu arm embedded toolchain/10 2021.10/bin/../lib/gcc/arm-none-eabi/10.3.1/../../../../arm-none-eabi/lib/thumb/v7e-m+fp/hard\libc.a(lib_a-strcpy.o)
                              bin/ui_main.o (strcpy)
c:/program files (x86)/gnu arm embedded toolchain/10 2021.10/bin/../lib/gcc/arm-none-eabi/10.3.1/../../../../arm-none-eabi/lib/thumb/v7e-m+fp/hard\libc.a(lib_a-strlen.o)
                              bin/ui_lcd.o (strlen)
c:/program files (x86)/gnu arm embedded toolchain/10 2021.10/bin/../lib/gcc/arm-none-eabi/10.3.1/../../../../arm-none-eabi/lib/thumb/v7e-m+fp/hard\libc.a(lib_a-strncpy.o)
                              bin/ui_lcd.o (strncpy)
c:/program files (x86)/gnu arm embedded toolchain/10 2021.10/bin/../lib/gcc/arm-none-eabi/10.3.1/../../../../arm-none-eabi/lib/thumb/v7e-m+fp/hard\libc.a(lib_a-strtol.o)
                              c:/program files (x86)/gnu arm embedded toolchain/10 2021.10/bin/../lib/gcc/arm-none-eabi/10.3.1/../../../../arm-none-eabi/lib/thumb/v7e-m+fp/hard\libc.a(lib_a-atoi.o) (_strtol_r)
c:/program files (x86)/gnu arm embedded toolchain/10 2021.10/bin/../lib/gcc/arm-none-eabi/10.3.1/../../../../arm-none-eabi/lib/thumb/v7e-m+fp/hard\libc.a(lib_a-ctype_.o)
                              c:/program files (x86)/gnu arm embedded toolchain/10 2021.10/bin/../lib/gcc/arm-none-eabi/10.3.1/../../../../arm-none-eabi/lib/thumb/v7e-m+fp/hard\libc.a(lib_a-strtol.o) (_ctype_)
c:/program files (x86)/gnu arm embedded toolchain/10 2021.10/bin/../lib/gcc/arm-none-eabi/10.3.1/../../../../arm-none-eabi/lib/thumb/v7e-m+fp/hard\libc.a(lib_a-errno.o)
                              c:/program files (x86)/gnu arm embedded toolchain/10 2021.10/bin/../lib/gcc/arm-none-eabi/10.3.1/../../../../arm-none-eabi/lib/thumb/v7e-m+fp/hard\libc.a(lib_a-strtol.o) (__errno)
c:/program files (x86)/gnu arm embedded toolchain/10 2021.10/bin/../lib/gcc/arm-none-eabi/10.3.1/../../../../arm-none-eabi/lib/thumb/v7e-m+fp/hard\libc.a(lib_a-impure.o)
                              c:/program files (x86)/gnu arm embedded toolchain/10 2021.10/bin/../lib/gcc/arm-none-eabi/10.3.1/../../../../arm-none-eabi/lib/thumb/v7e-m+fp/hard\libc.a(lib_a-strtol.o) (_impure_ptr)
c:/program files (x86)/gnu arm embedded toolchain/10 2021.10/bin/../lib/gcc/arm-none-eabi/10.3.1/thumb/v7e-m+fp/hard\libgcc.a(_arm_truncdfsf2.o)
                              bin/am_util_stdio.o (__aeabi_d2f)
../../../../../mcu/apollo3/hal/gcc/bin/libam_hal.a(am_hal_ble.o)
                              bin/hci_drv_apollo3.o (am_hal_ble_initialize)
../../../../../mcu/apollo3/hal/gcc/bin/libam_hal.a(am_hal_ble_patch.o)
                              ../../../../../mcu/apollo3/hal/gcc/bin/libam_hal.a(am_hal_ble.o) (am_hal_ble_num_default_patches)
../../../../../mcu/apollo3/hal/gcc/bin/libam_hal.a(am_hal_ble_patch_b0.o)
                              ../../../../../mcu/apollo3/hal/gcc/bin/libam_hal.a(am_hal_ble.o) (am_hal_ble_num_default_patches_b0)
../../../../../mcu/apollo3/hal/gcc/bin/libam_hal.a(am_hal_cachectrl.o)
                              bin/ble_freertos_ancs.o (am_hal_cachectrl_config)
../../../../../mcu/apollo3/hal/gcc/bin/libam_hal.a(am_hal_clkgen.o)
                              bin/ble_freertos_ancs.o (am_hal_clkgen_control)
../../../../../mcu/apollo3/hal/gcc/bin/libam_hal.a(am_hal_ctimer.o)
                              bin/rtos.o (am_hal_ctimer_int_service)
../../../../../mcu/apollo3/hal/gcc/bin/libam_hal.a(am_hal_debug.o)
                              ../../../../../mcu/apollo3/hal/gcc/bin/libam_hal.a(am_hal_ctimer.o) (am_hal_debug_error)
[...]
Memory Configuration

Name             Origin             Length             Attributes
ROMEM            0x0000c000         0x000f4000         xr
RWMEM            0x10000000         0x00060000         xrw
*default*        0x00000000         0xffffffff

Linker script and memory map


.text           0x0000c000    0x1c31c
                0x0000c000                . = ALIGN (0x4)
 *(.isr_vector)
 .isr_vector    0x0000c000       0xc0 bin/startup_gcc.o
                0x0000c000                g_am_pfnVectors
 *(.patch)
 .patch         0x0000c0c0       0x40 bin/startup_gcc.o
                0x0000c0c0                __Patchable
 *(.text)
 .text          0x0000c100      0x134 c:/program files (x86)/gnu arm embedded toolchain/10 2021.10/bin/../lib/gcc/arm-none-eabi/10.3.1/../../../../arm-none-eabi/lib/thumb/v7e-m+fp/hard\libc.a(lib_a-memcpy.o)
                0x0000c100                memcpy
 .text          0x0000c234       0xa0 c:/program files (x86)/gnu arm embedded toolchain/10 2021.10/bin/../lib/gcc/arm-none-eabi/10.3.1/thumb/v7e-m+fp/hard\libgcc.a(_arm_truncdfsf2.o)
                0x0000c234                __truncdfsf2
                0x0000c234                __aeabi_d2f
 *(.text*)
 .text.startup.main
                0x0000c2d4       0x3c bin/ble_freertos_ancs.o
                0x0000c2d4                main
 .text.button_handler
                0x0000c310       0x54 bin/radio_task.o
                0x0000c310                button_handler
 .text.setup_buttons
                0x0000c364       0x28 bin/radio_task.o
                0x0000c364                setup_buttons
 .text.exactle_stack_init
                0x0000c38c      0x110 bin/radio_task.o
                0x0000c38c                exactle_stack_init
 .text.am_uart_isr
                0x0000c49c        0xc bin/radio_task.o
                0x0000c49c                am_uart_isr
 .text.am_ble_isr
                0x0000c4a8        0x4 bin/radio_task.o
                0x0000c4a8                am_ble_isr
 .text.RadioTaskSetup
                0x0000c4ac       0x1c bin/radio_task.o
                0x0000c4ac                RadioTaskSetup
 .text.RadioTask
                0x0000c4c8       0x24 bin/radio_task.o
                0x0000c4c8                RadioTask
 .text.TestTask
                0x0000c4ec       0x50 bin/rtos.o
                0x0000c4ec                TestTask
 .text.setup_task
                0x0000c53c       0x58 bin/rtos.o
                0x0000c53c                setup_task
 .text.am_ctimer_isr
                0x0000c594       0x18 bin/rtos.o
                0x0000c594                am_ctimer_isr
 .text.am_freertos_sleep
                0x0000c5ac        0xc bin/rtos.o
                0x0000c5ac                am_freertos_sleep
 .text.am_freertos_wakeup
                0x0000c5b8        0x4 bin/rtos.o
                0x0000c5b8                am_freertos_wakeup
 .text.vApplicationMallocFailedHook
                0x0000c5bc        0x4 bin/rtos.o
                0x0000c5bc                vApplicationMallocFailedHook
 .text.vApplicationStackOverflowHook
                0x0000c5c0        0x4 bin/rtos.o
                0x0000c5c0                vApplicationStackOverflowHook
 .text.run_tasks
                0x0000c5c4       0x30 bin/rtos.o
                0x0000c5c4                run_tasks
 .text.ancsAnccAttrCback
                0x0000c5f4      0x2c8 bin/ancs_main.o
                0x0000c5f4                ancsAnccAttrCback
 .text.ancsAnccNotifCback
                0x0000c8bc        0xc bin/ancs_main.o
                0x0000c8bc                ancsAnccNotifCback
 .text.anccNotiRemoveCback
                0x0000c8c8       0x10 bin/ancs_main.o
                0x0000c8c8                anccNotiRemoveCback
 .text.ancsDiscCback
                0x0000c8d8      0x158 bin/ancs_main.o
 .text.ancsCccCback
                0x0000ca30       0x48 bin/ancs_main.o
 .text.ancsAttCback
                0x0000ca78       0x40 bin/ancs_main.o
 .text.ancsDmCback
                0x0000cab8       0x2c bin/ancs_main.o
 .text.ancsBtnCback
                0x0000cae4       0x64 bin/ancs_main.o
 .text.AncsHandlerInit
                0x0000cb48       0x8c bin/ancs_main.o
                0x0000cb48                AncsHandlerInit
 .text.AncsHandler
                0x0000cbd4      0x330 bin/ancs_main.o
                0x0000cbd4                AncsHandler
 .text.ancsRejectCall
                0x0000cf04       0x34 bin/ancs_main.o
                0x0000cf04                ancsRejectCall
 .text.AncsStart
                0x0000cf38       0x8c bin/ancs_main.o
                0x0000cf38                AncsStart
 .text.SecAesHciCback
                0x0000cfc4       0x1c bin/sec_aes.o
                0x0000cfc4                SecAesHciCback
 .text.SecAes   0x0000cfe0       0x74 bin/sec_aes.o
                0x0000cfe0                SecAes
 .text.SecAesInit
                0x0000d054       0x10 bin/sec_aes.o
                0x0000d054                SecAesInit
 .text.secCmacProcessBlock
                0x0000d064       0x88 bin/sec_cmac_hci.o
 .text.SecCmacHciCback
                0x0000d0ec      0x248 bin/sec_cmac_hci.o
                0x0000d0ec                SecCmacHciCback
 .text.SecCmac  0x0000d334       0x84 bin/sec_cmac_hci.o
                0x0000d334                SecCmac
 .text.SecCmacInit
                0x0000d3b8       0x10 bin/sec_cmac_hci.o
                0x0000d3b8                SecCmacInit
 .text.secHciCback
                0x0000d3c8       0xbc bin/sec_main.o
 .text.SecInit  0x0000d484       0x24 bin/sec_main.o
                0x0000d484                SecInit
 .text.SecRand  0x0000d4a8       0x7c bin/sec_main.o
                0x0000d4a8                SecRand
 .text.SecLeEncryptCmd
                0x0000d524       0x38 bin/sec_main.o
                0x0000d524                SecLeEncryptCmd
 .text.AppDbInit
                0x0000d55c        0x4 bin/app_db.o
                0x0000d55c                AppDbInit
 .text.AppDbNewRecord
                0x0000d560       0x70 bin/app_db.o
                0x0000d560                AppDbNewRecord
 .text.AppDbGetNextRecord
                0x0000d5d0       0x58 bin/app_db.o
                0x0000d5d0                AppDbGetNextRecord
 .text.AppDbValidateRecord
                0x0000d628        0xc bin/app_db.o
                0x0000d628                AppDbValidateRecord
 .text.AppDbCheckValidRecord
                0x0000d634        0xc bin/app_db.o
                0x0000d634                AppDbCheckValidRecord
 .text.AppDbCheckBonded
                0x0000d640       0x34 bin/app_db.o
                0x0000d640                AppDbCheckBonded
 .text.AppDbDeleteAllRecords
                0x0000d674       0x18 bin/app_db.o
                0x0000d674                AppDbDeleteAllRecords
 .text.AppDbFindByAddr
                0x0000d68c       0x74 bin/app_db.o
                0x0000d68c                AppDbFindByAddr
 .text.AppDbFindByLtkReq
                0x0000d700       0x84 bin/app_db.o
                0x0000d700                AppDbFindByLtkReq
 .text.AppDbGetKey
                0x0000d784       0x3c bin/app_db.o
                0x0000d784                AppDbGetKey
 .text.AppDbSetKey
                0x0000d7c0       0xe0 bin/app_db.o
                0x0000d7c0                AppDbSetKey
 .text.AppDbGetPeerDbHash
                0x0000d8a0        0x4 bin/app_db.o
                0x0000d8a0                AppDbGetPeerDbHash
 .text.AppDbSetPeerDbHash
                0x0000d8a4       0x1c bin/app_db.o
                0x0000d8a4                AppDbSetPeerDbHash
 .text.AppDbIsCacheCheckedByHash
                0x0000d8c0        0x8 bin/app_db.o
                0x0000d8c0                AppDbIsCacheCheckedByHash
 .text.AppDbSetCacheByHash
                0x0000d8c8        0x8 bin/app_db.o
                0x0000d8c8                AppDbSetCacheByHash
 .text.AppDbGetCccTbl
                0x0000d8d0        0x4 bin/app_db.o
                0x0000d8d0                AppDbGetCccTbl
 .text.AppDbSetCccTblValue
                0x0000d8d4        0xc bin/app_db.o
                0x0000d8d4                AppDbSetCccTblValue
 .text.AppDbGetCsfRecord
                0x0000d8e0        0xc bin/app_db.o
                0x0000d8e0                AppDbGetCsfRecord
 .text.AppDbSetCsfRecord
                0x0000d8ec       0x10 bin/app_db.o
                0x0000d8ec                AppDbSetCsfRecord
 .text.AppDbGetDiscStatus
                0x0000d8fc        0x8 bin/app_db.o
                0x0000d8fc                AppDbGetDiscStatus
 .text.AppDbSetDiscStatus
                0x0000d904        0x8 bin/app_db.o
                0x0000d904                AppDbSetDiscStatus
 .text.AppDbGetHdlList
                0x0000d90c        0x4 bin/app_db.o
                0x0000d90c                AppDbGetHdlList
 .text.AppDbSetHdlList
                0x0000d910       0x38 bin/app_db.o
                0x0000d910                AppDbSetHdlList
 .text.AppDbGetPeerSignCounter
                0x0000d948        0x8 bin/app_db.o
                0x0000d948                AppDbGetPeerSignCounter
 .text.AppDbSetPeerSignCounter
                0x0000d950        0x8 bin/app_db.o
                0x0000d950                AppDbSetPeerSignCounter
 .text.AppDbGetPeerAddedToRl
                0x0000d958        0x8 bin/app_db.o
                0x0000d958                AppDbGetPeerAddedToRl
 .text.AppDbSetPeerAddedToRl
                0x0000d960        0x8 bin/app_db.o
                0x0000d960                AppDbSetPeerAddedToRl
 .text.AppDbGetPeerRpao
                0x0000d968        0x8 bin/app_db.o
                0x0000d968                AppDbGetPeerRpao
 .text.AppUiAction
                0x0000d970      0x168 bin/app_ui.o
                0x0000d970                AppUiAction
 .text.AppUiDisplayPasskey
                0x0000dad8        0xc bin/app_ui.o
                0x0000dad8                AppUiDisplayPasskey
 .text.AppUiDisplayConfirmValue
                0x0000dae4        0xc bin/app_ui.o
                0x0000dae4                AppUiDisplayConfirmValue
 .text.appUiTimerExpired
                0x0000daf0        0x4 bin/app_ui.o
                0x0000daf0                appUiTimerExpired
 .text.appUiBtnPoll
                0x0000daf4       0x10 bin/app_ui.o
                0x0000daf4                appUiBtnPoll
 .text.AppUiBtnPressed
                0x0000db04        0x4 bin/app_ui.o
                0x0000db04                AppUiBtnPressed
 .text.AppUiBtnRegister
                0x0000db08        0xc bin/app_ui.o
                0x0000db08                AppUiBtnRegister
 .text.AppUiBtnTest
                0x0000db14       0x10 bin/app_ui.o
                0x0000db14                AppUiBtnTest
 .text.AmscConnOpen
                0x0000db24       0x14 bin/amsc_main.o
                0x0000db24                AmscConnOpen
 .text.AmscConnClose
                0x0000db38       0x14 bin/amsc_main.o
                0x0000db38                AmscConnClose
 .text.AmscDiscover
                0x0000db4c       0x24 bin/amsc_main.o
                0x0000db4c                AmscDiscover
 .text.AmscValueUpdate
                0x0000db70      0x184 bin/amsc_main.o
                0x0000db70                AmscValueUpdate
 .text.AmscEnityUpdate
                0x0000dcf4       0x80 bin/amsc_main.o
                0x0000dcf4                AmscEnityUpdate
 .text.AmscAttcWriteRsp
                0x0000dd74       0x40 bin/amsc_main.o
                0x0000dd74                AmscAttcWriteRsp
 .text.AmscOnBtnCback
                0x0000ddb4       0xfc bin/amsc_main.o
                0x0000ddb4                AmscOnBtnCback
 .text.AmscGetPeerDevAmsStatus
                0x0000deb0        0xc bin/amsc_main.o
                0x0000deb0                AmscGetPeerDevAmsStatus
 .text.AmscSetPeerDevAmsStatus
                0x0000debc        0xc bin/amsc_main.o
                0x0000debc                AmscSetPeerDevAmsStatus
 .text.dmAdvInit
                0x0000dec8       0x3c bin/dm_adv.o
                0x0000dec8                dmAdvInit
 .text.dmAdvGenConnCmpl
                0x0000df04       0x50 bin/dm_adv.o
                0x0000df04                dmAdvGenConnCmpl
 .text.DmAdvConfig
                0x0000df54       0x40 bin/dm_adv.o
                0x0000df54                DmAdvConfig
 .text.DmAdvSetData
                0x0000df94       0x54 bin/dm_adv.o
                0x0000df94                DmAdvSetData
 .text.DmAdvStart
                0x0000dfe8       0x4c bin/dm_adv.o
                0x0000dfe8                DmAdvStart
 .text.DmAdvSetInterval
                0x0000e034       0x28 bin/dm_adv.o
                0x0000e034                DmAdvSetInterval
 .text.dmAdvActRemoveSet
                0x0000e05c        0x4 bin/dm_adv_leg.o
                0x0000e05c                dmAdvActRemoveSet
 .text.dmAdvMsgHandler
                0x0000e060       0x14 bin/dm_adv_leg.o
                0x0000e060                dmAdvMsgHandler
 .text.dmAdvReset
                0x0000e074       0x48 bin/dm_adv_leg.o
                0x0000e074                dmAdvReset
 .text.dmAdvActConfig
                0x0000e0bc       0x7c bin/dm_adv_leg.o
                0x0000e0bc                dmAdvActConfig
 .text.dmAdvActSetData
                0x0000e138       0x38 bin/dm_adv_leg.o
                0x0000e138                dmAdvActSetData
 .text.dmAdvActStart
                0x0000e170       0x48 bin/dm_adv_leg.o
                0x0000e170                dmAdvActStart
 .text.dmAdvActStop
                0x0000e1b8       0x44 bin/dm_adv_leg.o
                0x0000e1b8                dmAdvActStop
 .text.dmAdvHciHandler
                0x0000e1fc       0xfc bin/dm_adv_leg.o
                0x0000e1fc                dmAdvHciHandler
 .text.dmAdvActClearSets
                0x0000e2f8        0x4 bin/dm_adv_leg.o
                0x0000e2f8                dmAdvActClearSets
 .text.dmAdvActSetRandAddr
                0x0000e2fc        0x4 bin/dm_adv_leg.o
                0x0000e2fc                dmAdvActSetRandAddr
 .text.dmAdvActTimeout
                0x0000e300       0x28 bin/dm_adv_leg.o
                0x0000e300                dmAdvActTimeout
 .text.dmAdvStartDirected
                0x0000e328       0x4c bin/dm_adv_leg.o
                0x0000e328                dmAdvStartDirected
 .text.dmAdvStopDirected
                0x0000e374       0x3c bin/dm_adv_leg.o
                0x0000e374                dmAdvStopDirected
 .text.dmAdvConnected
                0x0000e3b0       0x30 bin/dm_adv_leg.o
                0x0000e3b0                dmAdvConnected
 .text.dmAdvConnectFailed
                0x0000e3e0       0x30 bin/dm_adv_leg.o
                0x0000e3e0                dmAdvConnectFailed
 .text.DmAdvInit
                0x0000e410       0x30 bin/dm_adv_leg.o
                0x0000e410                DmAdvInit
 .text.dmConnSmActNone
                0x0000e440        0x4 bin/dm_conn.o
                0x0000e440                dmConnSmActNone
 .text.dmConnSmActHciUpdated
                0x0000e444       0x14 bin/dm_conn.o
                0x0000e444                dmConnSmActHciUpdated
 .text.dmConnSmActClose
                0x0000e458        0x8 bin/dm_conn.o
                0x0000e458                dmConnSmActClose
 .text.dmConnSmActConnFailed
                0x0000e460       0x70 bin/dm_conn.o
                0x0000e460                dmConnSmActConnFailed
 .text.dmConnSmActConnOpened
                0x0000e4d0       0xd0 bin/dm_conn.o
                0x0000e4d0                dmConnSmActConnOpened
 .text.dmConnSmActConnClosed
                0x0000e5a0       0x68 bin/dm_conn.o
                0x0000e5a0                dmConnSmActConnClosed
 .text.dmConnMsgHandler
                0x0000e608       0x34 bin/dm_conn.o
                0x0000e608                dmConnMsgHandler
 .text.dmConn2MsgHandler
                0x0000e63c       0xa4 bin/dm_conn.o
                0x0000e63c                dmConn2MsgHandler
 .text.dmConn2HciHandler
                0x0000e6e0      0x1ac bin/dm_conn.o
                0x0000e6e0                dmConn2HciHandler
 .text.dmConnHciHandler
                0x0000e88c      0x1b4 bin/dm_conn.o
                0x0000e88c                dmConnHciHandler
 .text.dmConnReset
                0x0000ea40       0xa8 bin/dm_conn.o
                0x0000ea40                dmConnReset
 .text.dmConnCcbByHandle
                0x0000eae8       0x50 bin/dm_conn.o
                0x0000eae8                dmConnCcbByHandle
 .text.dmConnCcbById
                0x0000eb38       0x1c bin/dm_conn.o
                0x0000eb38                dmConnCcbById
 .text.DmConnInit
                0x0000eb54       0x2c bin/dm_conn.o
                0x0000eb54                DmConnInit
 .text.DmConnRegister
                0x0000eb80       0x20 bin/dm_conn.o
                0x0000eb80                DmConnRegister
 .text.DmConnClose
                0x0000eba0       0x30 bin/dm_conn.o
                0x0000eba0                DmConnClose
 .text.DmReadRemoteFeatures
                0x0000ebd0       0x68 bin/dm_conn.o
                0x0000ebd0                DmReadRemoteFeatures
 .text.DmConnUpdate
                0x0000ec38       0x54 bin/dm_conn.o
                0x0000ec38                DmConnUpdate
 .text.DmRemoteConnParamReqReply
                0x0000ec8c       0x3c bin/dm_conn.o
                0x0000ec8c                DmRemoteConnParamReqReply
 .text.DmRemoteConnParamReqNegReply
                0x0000ecc8       0x2c bin/dm_conn.o
                0x0000ecc8                DmRemoteConnParamReqNegReply
 .text.DmConnSetDataLen
                0x0000ecf4       0x30 bin/dm_conn.o
                0x0000ecf4                DmConnSetDataLen
 .text.DmConnIdByHandle
                0x0000ed24       0x44 bin/dm_conn.o
                0x0000ed24                DmConnIdByHandle
 .text.DmConnInUse
                0x0000ed68       0x14 bin/dm_conn.o
                0x0000ed68                DmConnInUse
 .text.DmConnPeerAddrType
                0x0000ed7c       0x14 bin/dm_conn.o
                0x0000ed7c                DmConnPeerAddrType
 .text.DmConnPeerAddr
                0x0000ed90       0x14 bin/dm_conn.o
                0x0000ed90                DmConnPeerAddr
 .text.DmConnLocalAddrType
                0x0000eda4       0x14 bin/dm_conn.o
                0x0000eda4                DmConnLocalAddrType
 .text.DmConnLocalAddr
                0x0000edb8       0x14 bin/dm_conn.o
                0x0000edb8                DmConnLocalAddr
 .text.DmConnPeerRpa
                0x0000edcc       0x14 bin/dm_conn.o
                0x0000edcc                DmConnPeerRpa
 .text.DmConnLocalRpa
                0x0000ede0       0x14 bin/dm_conn.o
                0x0000ede0                DmConnLocalRpa
 .text.DmConnSecLevel
                0x0000edf4       0x14 bin/dm_conn.o
                0x0000edf4                DmConnSecLevel
 .text.DmConnSetIdle
                0x0000ee08       0x5c bin/dm_conn.o
                0x0000ee08                DmConnSetIdle
 .text.DmConnCheckIdle
                0x0000ee64       0x28 bin/dm_conn.o
                0x0000ee64                DmConnCheckIdle
 .text.DmConnRole
                0x0000ee8c       0x14 bin/dm_conn.o
                0x0000ee8c                DmConnRole
 .text.dmConnSmActUpdateSlave
                0x0000eea0       0x68 bin/dm_conn_slave.o
                0x0000eea0                dmConnSmActUpdateSlave
 .text.dmConnSmActL2cUpdateCnf
                0x0000ef08       0x44 bin/dm_conn_slave.o
                0x0000ef08                dmConnSmActL2cUpdateCnf
 .text.DmL2cConnUpdateCnf
                0x0000ef4c       0x20 bin/dm_conn_slave.o
                0x0000ef4c                DmL2cConnUpdateCnf
 .text.DmL2cCmdRejInd
                0x0000ef6c       0x28 bin/dm_conn_slave.o
                0x0000ef6c                DmL2cCmdRejInd
 .text.dmConnSmActAccept
                0x0000ef94       0x10 bin/dm_conn_slave_leg.o
                0x0000ef94                dmConnSmActAccept
 .text.dmConnSmActCancelAccept
                0x0000efa4       0x1c bin/dm_conn_slave_leg.o
                0x0000efa4                dmConnSmActCancelAccept
 .text.dmConnSmActConnAccepted
                0x0000efc0       0x1c bin/dm_conn_slave_leg.o
                0x0000efc0                dmConnSmActConnAccepted
 .text.dmConnSmActAcceptFailed
                0x0000efdc       0x1c bin/dm_conn_slave_leg.o
                0x0000efdc                dmConnSmActAcceptFailed
 .text.DmConnSlaveInit
                0x0000eff8       0x10 bin/dm_conn_slave_leg.o
                0x0000eff8                DmConnSlaveInit
 .text.dmConnSmExecute
                0x0000f008       0x64 bin/dm_conn_sm.o
                0x0000f008                dmConnSmExecute
 .text.dmDevHciHandler
                0x0000f06c       0x3c bin/dm_dev.o
                0x0000f06c                dmDevHciHandler
 .text.dmDevMsgHandler
                0x0000f0a8       0x30 bin/dm_dev.o
                0x0000f0a8                dmDevMsgHandler
 .text.dmDevPassEvtToDevPriv
                0x0000f0d8       0x40 bin/dm_dev.o
                0x0000f0d8                dmDevPassEvtToDevPriv
 .text.dmDevPassEvtToConnCte
                0x0000f118       0x28 bin/dm_dev.o
                0x0000f118                dmDevPassEvtToConnCte
 .text.DmDevReset
                0x0000f140       0x24 bin/dm_dev.o
                0x0000f140                DmDevReset
 .text.DmDevVsInit
                0x0000f164        0x4 bin/dm_dev.o
                0x0000f164                DmDevVsInit
 .text.dmHciEvtCback
                0x0000f168       0x2c bin/dm_main.o
 .text.dmEmptyReset
                0x0000f194        0x4 bin/dm_main.o
                0x0000f194                dmEmptyReset
 .text.dmEmptyHandler
                0x0000f198        0x4 bin/dm_main.o
                0x0000f198                dmEmptyHandler
 .text.dmDevPassHciEvtToConn
                0x0000f19c        0xc bin/dm_main.o
                0x0000f19c                dmDevPassHciEvtToConn
 .text.DmRegister
                0x0000f1a8       0x38 bin/dm_main.o
                0x0000f1a8                DmRegister
 .text.DmHandlerInit
                0x0000f1e0       0x1c bin/dm_main.o
                0x0000f1e0                DmHandlerInit
 .text.DmHandler
                0x0000f1fc       0x24 bin/dm_main.o
                0x0000f1fc                DmHandler
 .text.DmLlPrivEnabled
                0x0000f220        0xc bin/dm_main.o
                0x0000f220                DmLlPrivEnabled
 .text.DmLlAddrType
                0x0000f22c       0x18 bin/dm_main.o
                0x0000f22c                DmLlAddrType
 .text.DmHostAddrType
                0x0000f244       0x1c bin/dm_main.o
                0x0000f244                DmHostAddrType
 .text.dmPrivMsgHandler
                0x0000f260       0x14 bin/dm_priv.o
                0x0000f260                dmPrivMsgHandler
 .text.dmPrivReset
                0x0000f274       0x14 bin/dm_priv.o
                0x0000f274                dmPrivReset
 .text.dmPrivActGenAddrAesCmpl
                0x0000f288       0x34 bin/dm_priv.o
                0x0000f288                dmPrivActGenAddrAesCmpl
 .text.dmPrivActResAddrAesCmpl
                0x0000f2bc       0x48 bin/dm_priv.o
                0x0000f2bc                dmPrivActResAddrAesCmpl
 .text.dmPrivActAddDevToResList
                0x0000f304       0x24 bin/dm_priv.o
                0x0000f304                dmPrivActAddDevToResList
 .text.dmPrivActRemDevFromResList
                0x0000f328       0x14 bin/dm_priv.o
                0x0000f328                dmPrivActRemDevFromResList
 .text.dmPrivActClearResList
                0x0000f33c        0x4 bin/dm_priv.o
                0x0000f33c                dmPrivActClearResList
 .text.dmPrivActSetAddrResEnable
                0x0000f340       0x10 bin/dm_priv.o
                0x0000f340                dmPrivActSetAddrResEnable
 .text.dmPrivActSetPrivacyMode
                0x0000f350        0xc bin/dm_priv.o
                0x0000f350                dmPrivActSetPrivacyMode
 .text.dmPrivHciHandler
                0x0000f35c       0xc8 bin/dm_priv.o
                0x0000f35c                dmPrivHciHandler
 .text.dmPrivActResolveAddr
                0x0000f424       0x6c bin/dm_priv.o
                0x0000f424                dmPrivActResolveAddr
 .text.dmPrivActGenAddr
                0x0000f490       0x74 bin/dm_priv.o
                0x0000f490                dmPrivActGenAddr
 .text.DmPrivInit
                0x0000f504       0x10 bin/dm_priv.o
                0x0000f504                DmPrivInit
 .text.DmPrivResolveAddr
                0x0000f514       0x40 bin/dm_priv.o
                0x0000f514                DmPrivResolveAddr
 .text.DmPrivAddDevToResList
                0x0000f554       0x60 bin/dm_priv.o
                0x0000f554                DmPrivAddDevToResList
 .text.DmPrivSetPrivacyMode
                0x0000f5b4       0x38 bin/dm_priv.o
                0x0000f5b4                DmPrivSetPrivacyMode
 .text.dmSecMsgHandler
                0x0000f5ec       0x64 bin/dm_sec.o
                0x0000f5ec                dmSecMsgHandler
 .text.dmSecReset
                0x0000f650        0x4 bin/dm_sec.o
                0x0000f650                dmSecReset
 .text.dmSecHciHandler
                0x0000f654       0xe0 bin/dm_sec.o
                0x0000f654                dmSecHciHandler
 .text.DmSmpCbackExec
                0x0000f734       0x34 bin/dm_sec.o
                0x0000f734                DmSmpCbackExec
 .text.DmSecCancelReq
                0x0000f768       0x20 bin/dm_sec.o
                0x0000f768                DmSecCancelReq
 .text.DmSecAuthRsp
                0x0000f788       0x34 bin/dm_sec.o
                0x0000f788                DmSecAuthRsp
 .text.DmSecInit
                0x0000f7bc       0x20 bin/dm_sec.o
                0x0000f7bc                DmSecInit
 .text.DmSecGetLocalCsrk
                0x0000f7dc        0xc bin/dm_sec.o
                0x0000f7dc                DmSecGetLocalCsrk
 .text.DmSecGetLocalIrk
                0x0000f7e8        0xc bin/dm_sec.o
                0x0000f7e8                DmSecGetLocalIrk
 .text.dmSecLescMsgHandler
                0x0000f7f4       0x5c bin/dm_sec_lesc.o
                0x0000f7f4                dmSecLescMsgHandler
 .text.DmSecGenerateEccKeyReq
                0x0000f850       0x10 bin/dm_sec_lesc.o
                0x0000f850                DmSecGenerateEccKeyReq
 .text.DmSecSetEccKey
                0x0000f860       0x14 bin/dm_sec_lesc.o
                0x0000f860                DmSecSetEccKey
 .text.DmSecGetEccKey
                0x0000f874        0x8 bin/dm_sec_lesc.o
                0x0000f874                DmSecGetEccKey
 .text.DmSecCompareRsp
                0x0000f87c       0x38 bin/dm_sec_lesc.o
                0x0000f87c                DmSecCompareRsp
 .text.DmSecGetCompareValue
                0x0000f8b4       0x30 bin/dm_sec_lesc.o
                0x0000f8b4                DmSecGetCompareValue
 .text.DmSecLescInit
                0x0000f8e4       0x10 bin/dm_sec_lesc.o
                0x0000f8e4                DmSecLescInit
 .text.DmSecPairRsp
                0x0000f8f4       0x3c bin/dm_sec_slave.o
                0x0000f8f4                DmSecPairRsp
 .text.DmSecSlaveReq
                0x0000f930       0x20 bin/dm_sec_slave.o
                0x0000f930                DmSecSlaveReq
 .text.DmSecLtkRsp
                0x0000f950       0x44 bin/dm_sec_slave.o
                0x0000f950                DmSecLtkRsp
 .text.hciCmdInit
                0x0000f994       0x20 bin/hci_cmd.o
                0x0000f994                hciCmdInit
 .text.hciCmdTimeout
                0x0000f9b4       0x14 bin/hci_cmd.o
                0x0000f9b4                hciCmdTimeout
 .text.hciCmdRecvCmpl
                0x0000f9c8       0x48 bin/hci_cmd.o
                0x0000f9c8                hciCmdRecvCmpl
 .text.HciDisconnectCmd
                0x0000fa10       0x70 bin/hci_cmd.o
                0x0000fa10                HciDisconnectCmd
 .text.HciLeConnUpdateCmd
                0x0000fa80       0xac bin/hci_cmd.o
                0x0000fa80                HciLeConnUpdateCmd
 .text.HciLeRemoteConnParamReqReply
                0x0000fb2c       0xb8 bin/hci_cmd.o
                0x0000fb2c                HciLeRemoteConnParamReqReply
 .text.HciLeRemoteConnParamReqNegReply
                0x0000fbe4       0x70 bin/hci_cmd.o
                0x0000fbe4                HciLeRemoteConnParamReqNegReply
 .text.HciLeSetDataLen
                0x0000fc54       0x7c bin/hci_cmd.o
                0x0000fc54                HciLeSetDataLen
 .text.HciLeWriteDefDataLen
                0x0000fcd0       0x74 bin/hci_cmd.o
                0x0000fcd0                HciLeWriteDefDataLen
 .text.HciLeReadMaxDataLen
                0x0000fd44       0x60 bin/hci_cmd.o
                0x0000fd44                HciLeReadMaxDataLen
 .text.HciLeEncryptCmd
                0x0000fda4       0x98 bin/hci_cmd.o
                0x0000fda4                HciLeEncryptCmd
 .text.HciLeLtkReqNegReplCmd
                0x0000fe3c       0x6c bin/hci_cmd.o
                0x0000fe3c                HciLeLtkReqNegReplCmd
 .text.HciLeLtkReqReplCmd
                0x0000fea8       0x88 bin/hci_cmd.o
                0x0000fea8                HciLeLtkReqReplCmd
 .text.HciLeRandCmd
                0x0000ff30       0x60 bin/hci_cmd.o
                0x0000ff30                HciLeRandCmd
 .text.HciLeReadBufSizeCmd
                0x0000ff90       0x60 bin/hci_cmd.o
                0x0000ff90                HciLeReadBufSizeCmd
 .text.HciLeReadLocalSupFeatCmd
                0x0000fff0       0x60 bin/hci_cmd.o
                0x0000fff0                HciLeReadLocalSupFeatCmd
 .text.HciLeReadRemoteFeatCmd
                0x00010050       0x6c bin/hci_cmd.o
                0x00010050                HciLeReadRemoteFeatCmd
 .text.HciLeReadSupStatesCmd
                0x000100bc       0x60 bin/hci_cmd.o
                0x000100bc                HciLeReadSupStatesCmd
 .text.HciLeReadWhiteListSizeCmd
                0x0001011c       0x60 bin/hci_cmd.o
                0x0001011c                HciLeReadWhiteListSizeCmd
 .text.HciLeSetAdvEnableCmd
                0x0001017c       0x68 bin/hci_cmd.o
                0x0001017c                HciLeSetAdvEnableCmd
 .text.HciLeSetAdvDataCmd
                0x000101e4       0x84 bin/hci_cmd.o
                0x000101e4                HciLeSetAdvDataCmd
 .text.HciLeSetAdvParamCmd
                0x00010268       0xb4 bin/hci_cmd.o
                0x00010268                HciLeSetAdvParamCmd
 .text.HciLeSetEventMaskCmd
                0x0001031c       0x70 bin/hci_cmd.o
                0x0001031c                HciLeSetEventMaskCmd
 .text.HciLeSetScanRespDataCmd
                0x0001038c       0x84 bin/hci_cmd.o
                0x0001038c                HciLeSetScanRespDataCmd
 .text.HciLeStartEncryptionCmd
                0x00010410       0x9c bin/hci_cmd.o
                0x00010410                HciLeStartEncryptionCmd
 .text.HciReadBdAddrCmd
                0x000104ac       0x60 bin/hci_cmd.o
                0x000104ac                HciReadBdAddrCmd
 .text.HciReadLocalVerInfoCmd
                0x0001050c       0x60 bin/hci_cmd.o
                0x0001050c                HciReadLocalVerInfoCmd
 .text.HciReadRssiCmd
                0x0001056c       0x6c bin/hci_cmd.o
                0x0001056c                HciReadRssiCmd
 .text.HciResetCmd
                0x000105d8       0x90 bin/hci_cmd.o
                0x000105d8                HciResetCmd
 .text.HciSetEventMaskCmd
                0x00010668       0x70 bin/hci_cmd.o
                0x00010668                HciSetEventMaskCmd
 .text.HciSetEventMaskPage2Cmd
                0x000106d8       0x70 bin/hci_cmd.o
                0x000106d8                HciSetEventMaskPage2Cmd
 .text.HciWriteAuthPayloadTimeout
                0x00010748       0x74 bin/hci_cmd.o
                0x00010748                HciWriteAuthPayloadTimeout
 .text.HciLeAddDeviceToResolvingListCmd
                0x000107bc       0xac bin/hci_cmd.o
                0x000107bc                HciLeAddDeviceToResolvingListCmd
 .text.HciLeRemoveDeviceFromResolvingList
                0x00010868       0x74 bin/hci_cmd.o
                0x00010868                HciLeRemoveDeviceFromResolvingList
 .text.HciLeClearResolvingList
                0x000108dc       0x60 bin/hci_cmd.o
                0x000108dc                HciLeClearResolvingList
 .text.HciLeReadResolvingListSize
                0x0001093c       0x60 bin/hci_cmd.o
                0x0001093c                HciLeReadResolvingListSize
 .text.HciLeSetAddrResolutionEnable
                0x0001099c       0x68 bin/hci_cmd.o
                0x0001099c                HciLeSetAddrResolutionEnable
 .text.HciLeSetPrivacyModeCmd
                0x00010a04       0x78 bin/hci_cmd.o
                0x00010a04                HciLeSetPrivacyModeCmd
 .text.HciVendorSpecificCmd
                0x00010a7c       0x74 bin/hci_cmd.o
                0x00010a7c                HciVendorSpecificCmd
 .text.hciCoreConnByHandle
                0x00010af0       0x2c bin/hci_core.o
                0x00010af0                hciCoreConnByHandle
 .text.hciCoreConnOpen
                0x00010b1c       0x34 bin/hci_core.o
                0x00010b1c                hciCoreConnOpen
 .text.hciCoreTxAclStart
                0x00010b50       0xe8 bin/hci_core.o
                0x00010b50                hciCoreTxAclStart
 .text.hciCoreTxReady
                0x00010c38      0x154 bin/hci_core.o
                0x00010c38                hciCoreTxReady
 .text.hciCoreConnClose
                0x00010d8c       0x50 bin/hci_core.o
                0x00010d8c                hciCoreConnClose
 .text.hciCoreTxAclComplete
                0x00010ddc       0x28 bin/hci_core.o
                0x00010ddc                hciCoreTxAclComplete
 .text.hciCoreAclReassembly
                0x00010e04      0x138 bin/hci_core.o
                0x00010e04                hciCoreAclReassembly
 .text.HciCoreInit
                0x00010f3c       0x4c bin/hci_core.o
                0x00010f3c                HciCoreInit
 .text.HciResetSequence
                0x00010f88       0x84 bin/hci_core.o
                0x00010f88                HciResetSequence
 .text.HciSetMaxRxAclLen
                0x0001100c        0xc bin/hci_core.o
                0x0001100c                HciSetMaxRxAclLen
 .text.HciSendAclData
                0x00011018       0xb0 bin/hci_core.o
                0x00011018                HciSendAclData
 .text.hciCoreInit
                0x000110c8        0x4 bin/hci_core_ps.o
                0x000110c8                hciCoreInit
 .text.hciCoreNumCmplPkts
                0x000110cc       0x98 bin/hci_core_ps.o
                0x000110cc                hciCoreNumCmplPkts
 .text.hciCoreRecv
                0x00011164       0x20 bin/hci_core_ps.o
                0x00011164                hciCoreRecv
 .text.HciCoreHandler
                0x00011184       0x6c bin/hci_core_ps.o
                0x00011184                HciCoreHandler
 .text.HciGetBdAddr
                0x000111f0        0x8 bin/hci_core_ps.o
                0x000111f0                HciGetBdAddr
 .text.HciGetBufSize
                0x000111f8        0xc bin/hci_core_ps.o
                0x000111f8                HciGetBufSize
 .text.HciGetLeSupFeat
                0x00011204       0x10 bin/hci_core_ps.o
                0x00011204                HciGetLeSupFeat
 .text.HciGetMaxRxAclLen
                0x00011214        0xc bin/hci_core_ps.o
                0x00011214                HciGetMaxRxAclLen
 .text.HciLlPrivacySupported
                0x00011220       0x14 bin/hci_core_ps.o
                0x00011220                HciLlPrivacySupported
 .text.hciEvtParseDisconnectCmpl
                0x00011234       0x1c bin/hci_evt.o
 .text.hciEvtParseLeConnUpdateCmpl
                0x00011250       0x44 bin/hci_evt.o
 .text.hciEvtParseLeCreateConnCancelCmdCmpl
                0x00011294       0x14 bin/hci_evt.o
 .text.hciEvtParseReadRssiCmdCmpl
                0x000112a8       0x1c bin/hci_evt.o
 .text.hciEvtParseReadTxPwrLvlCmdCmpl
                0x000112c4       0x14 bin/hci_evt.o
 .text.hciEvtParseReadRemoteVerInfoCmpl
                0x000112d8       0x3c bin/hci_evt.o
 .text.hciEvtParseLeLtkReqReplCmdCmpl
                0x00011314       0x18 bin/hci_evt.o
 .text.hciEvtParseLeLtkReqNegReplCmdCmpl
                0x0001132c       0x18 bin/hci_evt.o
 .text.hciEvtParseEncKeyRefreshCmpl
                0x00011344       0x18 bin/hci_evt.o
 .text.hciEvtParseEncChange
                0x0001135c       0x1c bin/hci_evt.o
 .text.hciEvtParseVendorSpecCmdStatus
                0x00011378        0xc bin/hci_evt.o
 .text.hciEvtParseHwError
                0x00011384        0x8 bin/hci_evt.o
 .text.hciEvtParseLeAddDevToResListCmdCmpl
                0x0001138c       0x14 bin/hci_evt.o
 .text.hciEvtParseLeRemDevFromResListCmdCmpl
                0x000113a0       0x14 bin/hci_evt.o
 .text.hciEvtParseLeClearResListCmdCmpl
                0x000113b4       0x14 bin/hci_evt.o
 .text.hciEvtParseLeSetAddrResEnableCmdCmpl
                0x000113c8       0x14 bin/hci_evt.o
 .text.hciEvtParseRemConnParamRepCmdCmpl
                0x000113dc       0x18 bin/hci_evt.o
 .text.hciEvtParseRemConnParamNegRepCmdCmpl
                0x000113f4       0x18 bin/hci_evt.o
 .text.hciEvtParseReadDefDataLenCmdCmpl
                0x0001140c       0x20 bin/hci_evt.o
 .text.hciEvtParseWriteDefDataLenCmdCmpl
                0x0001142c       0x14 bin/hci_evt.o
 .text.hciEvtParseSetDataLenCmdCmpl
                0x00011440       0x18 bin/hci_evt.o
 .text.hciEvtParseReadMaxDataLenCmdCmpl
                0x00011458       0x38 bin/hci_evt.o
 .text.hciEvtParseRemConnParamReq
                0x00011490       0x40 bin/hci_evt.o
 .text.hciEvtParseDataLenChange
                0x000114d0       0x40 bin/hci_evt.o
 .text.hciEvtParseWriteAuthTimeoutCmdCmpl
                0x00011510       0x18 bin/hci_evt.o
 .text.hciEvtParseAuthTimeoutExpiredEvt
                0x00011528       0x10 bin/hci_evt.o
 .text.hciEvtParseReadPhyCmdCmpl
                0x00011538       0x24 bin/hci_evt.o
 .text.hciEvtParseSetDefPhyCmdCmpl
                0x0001155c       0x14 bin/hci_evt.o
 .text.hciEvtParsePhyUpdateCmpl
                0x00011570       0x24 bin/hci_evt.o
 .text.hciEvtParseLeScanTimeout
                0x00011594        0x4 bin/hci_evt.o
 .text.hciEvtParseLeAdvSetTerm
                0x00011598       0x20 bin/hci_evt.o
 .text.hciEvtParseLeCmdCmpl
                0x000115b8        0x8 bin/hci_evt.o
 .text.hciEvtParseLeSetConnCteRcvParm
                0x000115c0       0x18 bin/hci_evt.o
 .text.hciEvtParseLeSetConnCteTxParm
                0x000115d8       0x18 bin/hci_evt.o
 .text.hciEvtParseLeConnCteReqEn
                0x000115f0       0x18 bin/hci_evt.o
 .text.hciEvtParseLeConnCteRspEn
                0x00011608       0x18 bin/hci_evt.o
 .text.hciEvtParseLePerAdvSyncLost
                0x00011620        0xc bin/hci_evt.o
 .text.hciEvtParseLePerAdvSyncEst
                0x0001162c       0x3c bin/hci_evt.o
 .text.hciEvtParseLeScanReqRcvd
                0x00011668       0x10 bin/hci_evt.o
 .text.hciEvtParseLeReadLocalResAddrCmdCmpl
                0x00011678       0x18 bin/hci_evt.o
 .text.hciEvtParseLeReadPeerResAddrCmdCmpl
                0x00011690       0x18 bin/hci_evt.o
 .text.hciEvtParseLeEnhancedConnCmpl
                0x000116a8       0x68 bin/hci_evt.o
 .text.hciEvtParseGenDhKeyCmdCmpl
                0x00011710       0x48 bin/hci_evt.o
 .text.hciEvtParseReadPubKeyCmdCmpl
                0x00011758       0x34 bin/hci_evt.o
 .text.hciEvtParseLeRandCmdCmpl
                0x0001178c       0x1c bin/hci_evt.o
 .text.hciEvtParseLeEncryptCmdCmpl
                0x000117a8       0x2c bin/hci_evt.o
 .text.hciEvtParseVendorSpec
                0x000117d4        0x8 bin/hci_evt.o
 .text.hciEvtParseVendorSpecCmdCmpl
                0x000117dc       0x1c bin/hci_evt.o
 .text.hciEvtParseLeLtkReq
                0x000117f8       0x30 bin/hci_evt.o
 .text.hciEvtParseReadLeRemoteFeatCmpl
                0x00011828       0x28 bin/hci_evt.o
 .text.hciEvtParseReadChanMapCmdCmpl
                0x00011850       0x24 bin/hci_evt.o
 .text.hciEvtParseLeConnCmpl
                0x00011874       0x64 bin/hci_evt.o
 .text.hciEvtProcessCmdCmpl
                0x000118d8      0x290 bin/hci_evt.o
                0x000118d8                hciEvtProcessCmdCmpl
 .text.hciEvtProcessMsg
                0x00011b68      0x7a0 bin/hci_evt.o
                0x00011b68                hciEvtProcessMsg
 .text.hciTrSendAclData
                0x00012308       0x30 bin/hci_tr.o
                0x00012308                hciTrSendAclData
 .text.hciTrSendCmd
                0x00012338       0x24 bin/hci_tr.o
                0x00012338                hciTrSendCmd
 .text.hciTrSerialRxIncoming
                0x0001235c      0x1a8 bin/hci_tr.o
                0x0001235c                hciTrSerialRxIncoming
 .text.HciEvtRegister
                0x00012504        0xc bin/hci_main.o
                0x00012504                HciEvtRegister
 .text.HciSecRegister
                0x00012510        0xc bin/hci_main.o
                0x00012510                HciSecRegister
 .text.HciAclRegister
                0x0001251c        0xc bin/hci_main.o
                0x0001251c                HciAclRegister
 .text.HciHandlerInit
                0x00012528       0x14 bin/hci_main.o
                0x00012528                HciHandlerInit
 .text.HciHandler
                0x0001253c        0x4 bin/hci_main.o
                0x0001253c                HciHandler
 .text.GattDiscover
                0x00012540       0x24 bin/gatt_main.o
                0x00012540                GattDiscover
 .text.GattValueUpdate
                0x00012564       0x18 bin/gatt_main.o
                0x00012564                GattValueUpdate
 .text.GattSetSvcChangedIdx
                0x0001257c       0x10 bin/gatt_main.o
                0x0001257c                GattSetSvcChangedIdx
 .text.GattSendServiceChangedInd
                0x0001258c       0x64 bin/gatt_main.o
                0x0001258c                GattSendServiceChangedInd
 .text.GattReadCback
                0x000125f0       0x28 bin/gatt_main.o
                0x000125f0                GattReadCback
 .text.GattWriteCback
                0x00012618       0x24 bin/gatt_main.o
                0x00012618                GattWriteCback
 .text.attcDiscDescriptors
                0x0001263c       0xec bin/attc_disc.o
 .text.AttcDiscService
                0x00012728       0x20 bin/attc_disc.o
                0x00012728                AttcDiscService
 .text.AttcDiscServiceCmpl
                0x00012748       0x54 bin/attc_disc.o
                0x00012748                AttcDiscServiceCmpl
 .text.AttcDiscCharStart
                0x0001279c       0x28 bin/attc_disc.o
                0x0001279c                AttcDiscCharStart
 .text.AttcDiscCharCmpl
                0x000127c4      0x394 bin/attc_disc.o
                0x000127c4                AttcDiscCharCmpl
 .text.AttcDiscConfigStart
                0x00012b58       0x48 bin/attc_disc.o
                0x00012b58                AttcDiscConfigStart
 .text.AttcDiscConfigCmpl
                0x00012ba0       0x58 bin/attc_disc.o
                0x00012ba0                AttcDiscConfigCmpl
 .text.AttcDiscConfigResume
                0x00012bf8       0x54 bin/attc_disc.o
                0x00012bf8                AttcDiscConfigResume
 .text.attcSendSimpleReq
                0x00012c4c       0x38 bin/attc_main.o
 .text.attcDataCback
                0x00012c84       0x54 bin/attc_main.o
 .text.attcCtrlCback
                0x00012cd8       0x50 bin/attc_main.o
 .text.attcSendWriteCmd
                0x00012d28       0x64 bin/attc_main.o
 .text.attcSendMtuReq
                0x00012d8c       0x68 bin/attc_main.o
 .text.attcConnCback
                0x00012df4      0x174 bin/attc_main.o
 .text.attcSendPrepWriteReq
                0x00012f68       0xc4 bin/attc_main.o
 .text.attcSendContinuingReq
                0x0001302c       0xa8 bin/attc_main.o
 .text.attcMsgCback
                0x000130d4      0x1e8 bin/attc_main.o
 .text.attcSendReq
                0x000132bc       0x10 bin/attc_main.o
                0x000132bc                attcSendReq
 .text.attcSetupReq
                0x000132cc       0x34 bin/attc_main.o
                0x000132cc                attcSetupReq
 .text.attcCcbByConnId
                0x00013300       0x30 bin/attc_main.o
                0x00013300                attcCcbByConnId
 .text.attcCcbByHandle
                0x00013330       0x1c bin/attc_main.o
                0x00013330                attcCcbByHandle
 .text.attcFreePkt
                0x0001334c       0x14 bin/attc_main.o
                0x0001334c                attcFreePkt
 .text.attcExecCallback
                0x00013360       0x18 bin/attc_main.o
                0x00013360                attcExecCallback
 .text.AttcInit
                0x00013378       0x58 bin/attc_main.o
                0x00013378                AttcInit
 .text.attcProcErrRsp
                0x000133d0       0x30 bin/attc_proc.o
                0x000133d0                attcProcErrRsp
 .text.attcProcFindOrReadRsp
                0x00013400      0x108 bin/attc_proc.o
                0x00013400                attcProcFindOrReadRsp
 .text.attcProcReadRsp
                0x00013508        0x4 bin/attc_proc.o
                0x00013508                attcProcReadRsp
 .text.attcProcWriteRsp
                0x0001350c        0x8 bin/attc_proc.o
                0x0001350c                attcProcWriteRsp
 .text.attcProcMtuRsp
                0x00013514       0x58 bin/attc_proc.o
                0x00013514                attcProcMtuRsp
 .text.attcProcRsp
                0x0001356c       0xbc bin/attc_proc.o
                0x0001356c                attcProcRsp
 .text.attcProcInd
                0x00013628       0x90 bin/attc_proc.o
                0x00013628                attcProcInd
 .text.attcSendMsg
                0x000136b8       0xc0 bin/attc_proc.o
                0x000136b8                attcSendMsg
 .text.AttcFindInfoReq
                0x00013778       0xac bin/attc_proc.o
                0x00013778                AttcFindInfoReq
 .text.AttcReadReq
                0x00013824       0xa4 bin/attc_proc.o
                0x00013824                AttcReadReq
 .text.AttcWriteReq
                0x000138c8       0x4c bin/attc_proc.o
                0x000138c8                AttcWriteReq
 .text.AttcMtuReq
                0x00013914       0xa0 bin/attc_proc.o
                0x00013914                AttcMtuReq
 .text.AttcIndConfirm
                0x000139b4       0x40 bin/attc_proc.o
                0x000139b4                AttcIndConfirm
 .text.attcProcFindByTypeRsp
                0x000139f4       0x80 bin/attc_read.o
                0x000139f4                attcProcFindByTypeRsp
 .text.attcProcReadLongRsp
                0x00013a74       0x20 bin/attc_read.o
                0x00013a74                attcProcReadLongRsp
 .text.AttcFindByTypeValueReq
                0x00013a94       0x64 bin/attc_read.o
                0x00013a94                AttcFindByTypeValueReq
 .text.AttcReadByTypeReq
                0x00013af8       0x54 bin/attc_read.o
                0x00013af8                AttcReadByTypeReq
 .text.attcProcPrepWriteRsp
                0x00013b4c       0x20 bin/attc_write.o
                0x00013b4c                attcProcPrepWriteRsp
 .text.AttcWriteCmd
                0x00013b6c       0x4c bin/attc_write.o
                0x00013b6c                AttcWriteCmd
 .text.attsCccMainCback
                0x00013bb8      0x108 bin/atts_ccc.o
 .text.AttsCccRegister
                0x00013cc0       0x24 bin/atts_ccc.o
                0x00013cc0                AttsCccRegister
 .text.AttsCccInitTable
                0x00013ce4       0xb0 bin/atts_ccc.o
                0x00013ce4                AttsCccInitTable
 .text.AttsCccClearTable
                0x00013d94       0x28 bin/atts_ccc.o
                0x00013d94                AttsCccClearTable
 .text.AttsCccGet
                0x00013dbc       0x14 bin/atts_ccc.o
                0x00013dbc                AttsCccGet
 .text.AttsCccEnabled
                0x00013dd0       0x38 bin/atts_ccc.o
                0x00013dd0                AttsCccEnabled
 .text.AttsGetCccTableLen
                0x00013e08        0xc bin/atts_ccc.o
                0x00013e08                AttsGetCccTableLen
 .text.attsCsfSetHashUpdateStatus
                0x00013e14       0x50 bin/atts_csf.o
                0x00013e14                attsCsfSetHashUpdateStatus
 .text.attsCsfGetHashUpdateStatus
                0x00013e64        0xc bin/atts_csf.o
                0x00013e64                attsCsfGetHashUpdateStatus
 .text.attsCsfIsClientChangeAware
                0x00013e70       0x3c bin/atts_csf.o
                0x00013e70                attsCsfIsClientChangeAware
 .text.attsCsfActClientState
                0x00013eac       0xd4 bin/atts_csf.o
                0x00013eac                attsCsfActClientState
 .text.AttsCsfConnOpen
                0x00013f80       0x20 bin/atts_csf.o
                0x00013f80                AttsCsfConnOpen
 .text.AttsCsfRegister
                0x00013fa0        0xc bin/atts_csf.o
                0x00013fa0                AttsCsfRegister
 .text.AttsCsfWriteFeatures
                0x00013fac       0x50 bin/atts_csf.o
                0x00013fac                AttsCsfWriteFeatures
 .text.AttsCsfGetFeatures
                0x00013ffc       0x1c bin/atts_csf.o
                0x00013ffc                AttsCsfGetFeatures
 .text.AttsCsfGetChangeAwareState
                0x00014018       0x10 bin/atts_csf.o
                0x00014018                AttsCsfGetChangeAwareState
 .text.attsIndMsgCback
                0x00014028      0x124 bin/atts_ind.o
 .text.attsIndConnCback
                0x0001414c       0x90 bin/atts_ind.o
 .text.attsIndCtrlCback
                0x000141dc       0x74 bin/atts_ind.o
 .text.attsProcValueCnf
                0x00014250       0x60 bin/atts_ind.o
                0x00014250                attsProcValueCnf
 .text.AttsIndInit
                0x000142b0       0x4c bin/atts_ind.o
                0x000142b0                AttsIndInit
 .text.AttsHandleValueInd
                0x000142fc       0xf8 bin/atts_ind.o
                0x000142fc                AttsHandleValueInd
 .text.attsL2cCtrlCback
                0x000143f4        0xc bin/atts_main.o
 .text.attsConnCback
                0x00014400       0x44 bin/atts_main.o
 .text.attsDataCback
                0x00014444       0xdc bin/atts_main.o
 .text.attsErrRsp
                0x00014520       0x3c bin/atts_main.o
                0x00014520                attsErrRsp
 .text.attsClearPrepWrites
                0x0001455c       0x18 bin/atts_main.o
                0x0001455c                attsClearPrepWrites
 .text.attsDiscBusy
                0x00014574       0x40 bin/atts_main.o
                0x00014574                attsDiscBusy
 .text.attsProcessDatabaseHashUpdate
                0x000145b4       0x98 bin/atts_main.o
                0x000145b4                attsProcessDatabaseHashUpdate
 .text.attsMsgCback
                0x0001464c       0x34 bin/atts_main.o
 .text.attsCheckPendDbHashReadRsp
                0x00014680       0xf0 bin/atts_main.o
                0x00014680                attsCheckPendDbHashReadRsp
 .text.AttsInit
                0x00014770       0x34 bin/atts_main.o
                0x00014770                AttsInit
 .text.AttsCalculateDbHash
                0x000147a4      0x22c bin/atts_main.o
                0x000147a4                AttsCalculateDbHash
 .text.AttsAddGroup
                0x000149d0       0x44 bin/atts_main.o
                0x000149d0                AttsAddGroup
 .text.attsUuidCmp
                0x00014a14       0x44 bin/atts_proc.o
                0x00014a14                attsUuidCmp
 .text.attsUuid16Cmp
                0x00014a58       0x28 bin/atts_proc.o
                0x00014a58                attsUuid16Cmp
 .text.attsFindByHandle
                0x00014a80       0x30 bin/atts_proc.o
                0x00014a80                attsFindByHandle
 .text.attsPermissions
                0x00014ab0       0x68 bin/atts_proc.o
                0x00014ab0                attsPermissions
 .text.attsProcMtuReq
                0x00014b18       0x60 bin/atts_proc.o
                0x00014b18                attsProcMtuReq
 .text.attsProcFindInfoReq
                0x00014b78      0x160 bin/atts_proc.o
                0x00014b78                attsProcFindInfoReq
 .text.attsProcReadReq
                0x00014cd8      0x124 bin/atts_proc.o
                0x00014cd8                attsProcReadReq
 .text.attsFindUuidInRange
                0x00014dfc       0x84 bin/atts_read.o
                0x00014dfc                attsFindUuidInRange
 .text.attsFindServiceGroupEnd
                0x00014e80       0x98 bin/atts_read.o
                0x00014e80                attsFindServiceGroupEnd
 .text.attsProcReadBlobReq
                0x00014f18       0xec bin/atts_read.o
                0x00014f18                attsProcReadBlobReq
 .text.attsProcFindTypeReq
                0x00015004      0x1a8 bin/atts_read.o
                0x00015004                attsProcFindTypeReq
 .text.attsProcReadTypeReq
                0x000151ac      0x314 bin/atts_read.o
                0x000151ac                attsProcReadTypeReq
 .text.attsProcReadMultReq
                0x000154c0      0x128 bin/atts_read.o
                0x000154c0                attsProcReadMultReq
 .text.attsProcReadGroupTypeReq
                0x000155e8      0x2b4 bin/atts_read.o
                0x000155e8                attsProcReadGroupTypeReq
 .text.AttsSetCsrk
                0x0001589c       0x14 bin/atts_sign.o
                0x0001589c                AttsSetCsrk
 .text.AttsSetSignCounter
                0x000158b0       0x10 bin/atts_sign.o
                0x000158b0                AttsSetSignCounter
 .text.AttsGetSignCounter
                0x000158c0       0x10 bin/atts_sign.o
                0x000158c0                AttsGetSignCounter
 .text.attsProcWrite
                0x000158d0      0x114 bin/atts_write.o
                0x000158d0                attsProcWrite
 .text.attsProcPrepWriteReq
                0x000159e4      0x130 bin/atts_write.o
                0x000159e4                attsProcPrepWriteReq
 .text.attsProcExecWriteReq
                0x00015b14      0x130 bin/atts_write.o
                0x00015b14                attsProcExecWriteReq
 .text.attEmptyHandler
                0x00015c44        0x4 bin/att_main.o
                0x00015c44                attEmptyHandler
 .text.attEmptyConnCback
                0x00015c48        0x4 bin/att_main.o
                0x00015c48                attEmptyConnCback
 .text.attEmptyDataCback
                0x00015c4c        0x4 bin/att_main.o
                0x00015c4c                attEmptyDataCback
 .text.attDmConnCback
                0x00015c50       0x74 bin/att_main.o
 .text.attL2cDataCback
                0x00015cc4       0x1c bin/att_main.o
 .text.attL2cCtrlCback
                0x00015ce0       0x48 bin/att_main.o
 .text.attCcbByHandle
                0x00015d28       0x1c bin/att_main.o
                0x00015d28                attCcbByHandle
 .text.attUuidCmp16to128
                0x00015d44       0x24 bin/att_main.o
                0x00015d44                attUuidCmp16to128
 .text.attSetMtu
                0x00015d68       0x44 bin/att_main.o
                0x00015d68                attSetMtu
 .text.attExecCallback
                0x00015dac       0x38 bin/att_main.o
                0x00015dac                attExecCallback
 .text.attMsgAlloc
                0x00015de4        0x8 bin/att_main.o
                0x00015de4                attMsgAlloc
 .text.AttHandlerInit
                0x00015dec       0x38 bin/att_main.o
                0x00015dec                AttHandlerInit
 .text.AttHandler
                0x00015e24       0x20 bin/att_main.o
                0x00015e24                AttHandler
 .text.AttRegister
                0x00015e44       0x40 bin/att_main.o
                0x00015e44                AttRegister
 .text.AttConnRegister
                0x00015e84        0xc bin/att_main.o
                0x00015e84                AttConnRegister
 .text.AttGetMtu
                0x00015e90       0x14 bin/att_main.o
                0x00015e90                AttGetMtu
 .text.AnccSvcDiscover
                0x00015ea4       0x24 bin/ancc_main.o
                0x00015ea4                AnccSvcDiscover
 .text.AnccInit
                0x00015ec8       0x2c bin/ancc_main.o
                0x00015ec8                AnccInit
 .text.AnccConnOpen
                0x00015ef4       0x28 bin/ancc_main.o
                0x00015ef4                AnccConnOpen
 .text.AnccConnClose
                0x00015f1c       0x18 bin/ancc_main.o
                0x00015f1c                AnccConnClose
 .text.AncsPerformNotiAction
                0x00015f34       0x48 bin/ancc_main.o
                0x00015f34                AncsPerformNotiAction
 .text.AnccActionHandler
                0x00015f7c       0xe4 bin/ancc_main.o
                0x00015f7c                AnccActionHandler
 .text.AnccNtfValueUpdate
                0x00016060      0x328 bin/ancc_main.o
                0x00016060                AnccNtfValueUpdate
 .text.AnccCbackRegister
                0x00016388       0x14 bin/ancc_main.o
                0x00016388                AnccCbackRegister
 .text.AnccStartServiceDiscovery
                0x0001639c       0x18 bin/ancc_main.o
                0x0001639c                AnccStartServiceDiscovery
 .text.l2cDefaultCtrlCback
                0x000163b4        0x4 bin/l2c_main.o
 .text.l2cHciFlowCback
                0x000163b8       0x3c bin/l2c_main.o
 .text.l2cRxSignalingPkt
                0x000163f4       0x5c bin/l2c_main.o
                0x000163f4                l2cRxSignalingPkt
 .text.l2cDefaultDataCidCback
                0x00016450        0xc bin/l2c_main.o
 .text.l2cDefaultDataCback
                0x0001645c        0xc bin/l2c_main.o
 .text.l2cHciAclCback
                0x00016468       0xb8 bin/l2c_main.o
 .text.l2cSendCmdReject
                0x00016520       0x48 bin/l2c_main.o
                0x00016520                l2cSendCmdReject
 .text.l2cMsgAlloc
                0x00016568        0x8 bin/l2c_main.o
                0x00016568                l2cMsgAlloc
 .text.L2cInit  0x00016570       0x4c bin/l2c_main.o
                0x00016570                L2cInit
 .text.L2cRegister
                0x000165bc       0x14 bin/l2c_main.o
                0x000165bc                L2cRegister
 .text.L2cDataReq
                0x000165d0       0x30 bin/l2c_main.o
                0x000165d0                L2cDataReq
 .text.l2cSlaveRxSignalingPkt
                0x00016600       0xbc bin/l2c_slave.o
 .text.L2cSlaveInit
                0x000166bc       0x1c bin/l2c_slave.o
                0x000166bc                L2cSlaveInit
 .text.L2cDmConnUpdateReq
                0x000166d8       0x90 bin/l2c_slave.o
                0x000166d8                L2cDmConnUpdateReq
 .text.L2cSlaveHandlerInit
                0x00016768       0x10 bin/l2c_slave.o
                0x00016768                L2cSlaveHandlerInit
 .text.L2cSlaveHandler
                0x00016778       0x28 bin/l2c_slave.o
                0x00016778                L2cSlaveHandler
 .text.prvTaskExitError
                0x000167a0       0x30 bin/port.o
 .text.prvPortStartFirstTask
                0x000167d0       0x28 bin/port.o
 .text.vPortEnableVFP
                0x000167f8       0x14 bin/port.o
 .text.pxPortInitialiseStack
                0x0001680c       0x28 bin/port.o
                0x0001680c                pxPortInitialiseStack
 *fill*         0x00016834        0xc 
 .text.SVC_Handler
                0x00016840       0x24 bin/port.o
                0x00016840                SVC_Handler
 .text.vPortEnterCritical
                0x00016864       0x34 bin/port.o
                0x00016864                vPortEnterCritical
 .text.vPortExitCritical
                0x00016898       0x18 bin/port.o
                0x00016898                vPortExitCritical
 .text.PendSV_Handler
                0x000168b0       0x64 bin/port.o
                0x000168b0                PendSV_Handler
 .text.SysTick_Handler
                0x00016914       0x2c bin/port.o
                0x00016914                SysTick_Handler
 .text.vPortValidateInterruptPriority
                0x00016940       0x3c bin/port.o
                0x00016940                vPortValidateInterruptPriority
 .text.vPortSuppressTicksAndSleep
                0x0001697c       0xc4 bin/port.o
                0x0001697c                vPortSuppressTicksAndSleep
 .text.xPortStimerTickHandler
                0x00016a40       0x7c bin/port.o
                0x00016a40                xPortStimerTickHandler
 .text.am_stimer_cmpr0_isr
                0x00016abc       0x20 bin/port.o
                0x00016abc                am_stimer_cmpr0_isr
 .text.am_stimer_cmpr1_isr
                0x00016adc       0x2c bin/port.o
                0x00016adc                am_stimer_cmpr1_isr
 .text.vPortSetupTimerInterrupt
                0x00016b08       0x7c bin/port.o
                0x00016b08                vPortSetupTimerInterrupt
 .text.xPortStartScheduler
                0x00016b84       0xf8 bin/port.o
                0x00016b84                xPortStartScheduler
 .text.HciDrvRadioBoot
                0x00016c7c      0x1e8 bin/hci_drv_apollo3.o
                0x00016c7c                HciDrvRadioBoot
 .text.HciDrvRadioShutdown
                0x00016e64       0x70 bin/hci_drv_apollo3.o
                0x00016e64                HciDrvRadioShutdown
 .text.hciDrvWrite
                0x00016ed4       0xc4 bin/hci_drv_apollo3.o
                0x00016ed4                hciDrvWrite
 .text.HciDrvHandlerInit
                0x00016f98       0x28 bin/hci_drv_apollo3.o
                0x00016f98                HciDrvHandlerInit
 .text.HciDrvIntService
                0x00016fc0       0x38 bin/hci_drv_apollo3.o
                0x00016fc0                HciDrvIntService
 .text.HciDrvHandler
                0x00016ff8      0x2b4 bin/hci_drv_apollo3.o
                0x00016ff8                HciDrvHandler
 .text.HciVscUpdateBDAddress
                0x000172ac       0x10 bin/hci_drv_apollo3.o
                0x000172ac                HciVscUpdateBDAddress
 .text.hciCoreResetStart
                0x000172bc       0x10 bin/hci_vs_apollo3.o
                0x000172bc                hciCoreResetStart
 .text.hciCoreResetSequence
                0x000172cc      0x28c bin/hci_vs_apollo3.o
                0x000172cc                hciCoreResetSequence
 .text.hciCoreVsCmdCmplRcvd
                0x00017558        0x4 bin/hci_vs_apollo3.o
                0x00017558                hciCoreVsCmdCmplRcvd
 .text.HciVsInit
                0x0001755c        0x4 bin/hci_vs_apollo3.o
                0x0001755c                HciVsInit
 .text.BdaCpy   0x00017560        0xc bin/bda.o
                0x00017560                BdaCpy
 .text.BdaCmp   0x0001756c       0x10 bin/bda.o
                0x0001756c                BdaCmp
 .text.BdaClr   0x0001757c        0xc bin/bda.o
                0x0001757c                BdaClr
 .text.BdaIsZeros
                0x00017588       0x20 bin/bda.o
                0x00017588                BdaIsZeros
 .text.Calc128Cpy
                0x000175a8       0x18 bin/calc128.o
                0x000175a8                Calc128Cpy
 .text.Calc128Cpy64
                0x000175c0        0xc bin/calc128.o
                0x000175c0                Calc128Cpy64
 .text.Calc128Xor
                0x000175cc       0xd0 bin/calc128.o
                0x000175cc                Calc128Xor
 .text.WStrReverseCpy
                0x0001769c       0x24 bin/wstr.o
                0x0001769c                WStrReverseCpy
 .text.WStrReverse
                0x000176c0       0x20 bin/wstr.o
                0x000176c0                WStrReverse
 .text.default_RNG
                0x000176e0        0x4 bin/uECC.o
 .text.vli_add  0x000176e4       0x80 bin/uECC.o
 .text.vli_sub  0x00017764       0x90 bin/uECC.o
 .text.vli_mult
                0x000177f4      0x5b8 bin/uECC.o
 .text.vli_square
                0x00017dac      0x374 bin/uECC.o
 .text.vli_mmod_fast
                0x00018120      0x1cc bin/uECC.o
 .text.vli_modInv.part.0
                0x000182ec      0x654 bin/uECC.o
 .text.XYcZ_add
                0x00018940      0x140 bin/uECC.o
 .text.XYcZ_addC
                0x00018a80      0x224 bin/uECC.o
 .text.EccPoint_double_jacobian.part.0
                0x00018ca4      0x310 bin/uECC.o
 .text.EccPoint_mult.constprop.0
                0x00018fb4      0x310 bin/uECC.o
 .text.EccPoint_compute_public_key
                0x000192c4      0x11c bin/uECC.o
 .text.uECC_set_rng
                0x000193e0        0xc bin/uECC.o
                0x000193e0                uECC_set_rng
 .text.uECC_make_key
                0x000193ec      0x20c bin/uECC.o
                0x000193ec                uECC_make_key
 .text.uECC_shared_secret
                0x000195f8      0x200 bin/uECC.o
                0x000195f8                uECC_shared_secret
 .text.uECC_valid_public_key
                0x000197f8      0x264 bin/uECC.o
                0x000197f8                uECC_valid_public_key
 .text.secEccRng
                0x00019a5c        0xc bin/sec_ecc.o
 .text.SecEccGenKey
                0x00019a68       0x34 bin/sec_ecc.o
                0x00019a68                SecEccGenKey
 .text.SecEccGenSharedSecret
                0x00019a9c       0x58 bin/sec_ecc.o
                0x00019a9c                SecEccGenSharedSecret
 .text.SecEccInit
                0x00019af4        0xc bin/sec_ecc.o
                0x00019af4                SecEccInit
 .text.WsfAssert
                0x00019b00       0x14 bin/wsf_assert.o
                0x00019b00                WsfAssert
 .text.WsfBufInit
                0x00019b14       0xd8 bin/wsf_buf.o
                0x00019b14                WsfBufInit
 .text.WsfBufAlloc
                0x00019bec       0x60 bin/wsf_buf.o
                0x00019bec                WsfBufAlloc
 .text.WsfBufFree
                0x00019c4c       0x4c bin/wsf_buf.o
                0x00019c4c                WsfBufFree
 .text.WsfMsgDataAlloc
                0x00019c98       0x14 bin/wsf_msg.o
                0x00019c98                WsfMsgDataAlloc
 .text.WsfMsgAlloc
                0x00019cac       0x10 bin/wsf_msg.o
                0x00019cac                WsfMsgAlloc
 .text.WsfMsgFree
                0x00019cbc        0x8 bin/wsf_msg.o
                0x00019cbc                WsfMsgFree
 .text.WsfMsgSend
                0x00019cc4       0x24 bin/wsf_msg.o
                0x00019cc4                WsfMsgSend
 .text.WsfMsgEnq
                0x00019ce8        0xc bin/wsf_msg.o
                0x00019ce8                WsfMsgEnq
 .text.WsfMsgDeq
                0x00019cf4       0x14 bin/wsf_msg.o
                0x00019cf4                WsfMsgDeq
 .text.WsfCsEnter
                0x00019d08       0x14 bin/wsf_os.o
                0x00019d08                WsfCsEnter
 .text.WsfCsExit
                0x00019d1c       0x14 bin/wsf_os.o
                0x00019d1c                WsfCsExit
 .text.WsfTaskLock
                0x00019d30       0x14 bin/wsf_os.o
                0x00019d30                WsfTaskLock
 .text.WsfTaskUnlock
                0x00019d44       0x14 bin/wsf_os.o
                0x00019d44                WsfTaskUnlock
 .text.WsfSetEvent
                0x00019d58       0xac bin/wsf_os.o
                0x00019d58                WsfSetEvent
 .text.WsfTaskSetReady
                0x00019e04       0x90 bin/wsf_os.o
                0x00019e04                WsfTaskSetReady
 .text.WsfTaskMsgQueue
                0x00019e94        0x8 bin/wsf_os.o
                0x00019e94                WsfTaskMsgQueue
 .text.WsfOsSetNextHandler
                0x00019e9c       0x18 bin/wsf_os.o
                0x00019e9c                WsfOsSetNextHandler
 .text.WsfOsInit
                0x00019eb4       0x24 bin/wsf_os.o
                0x00019eb4                WsfOsInit
 .text.wsfOsDispatcher
                0x00019ed8      0x114 bin/wsf_os.o
                0x00019ed8                wsfOsDispatcher
 .text.WsfQueueEnq
                0x00019fec       0x2c bin/wsf_queue.o
                0x00019fec                WsfQueueEnq
 .text.WsfQueueDeq
                0x0001a018       0x24 bin/wsf_queue.o
                0x0001a018                WsfQueueDeq
 .text.WsfQueueInsert
                0x0001a03c       0x5c bin/wsf_queue.o
                0x0001a03c                WsfQueueInsert
 .text.WsfQueueRemove
                0x0001a098       0x30 bin/wsf_queue.o
                0x0001a098                WsfQueueRemove
 .text.WsfQueueCount
                0x0001a0c8       0x2c bin/wsf_queue.o
                0x0001a0c8                WsfQueueCount
 .text.WsfQueueEmpty
                0x0001a0f4       0x18 bin/wsf_queue.o
                0x0001a0f4                WsfQueueEmpty
 .text.WsfTimer_handler
                0x0001a10c        0x8 bin/wsf_timer.o
 .text.WsfTimerInit
                0x0001a114       0x4c bin/wsf_timer.o
                0x0001a114                WsfTimerInit
 .text.WsfTimerStartSec
                0x0001a160       0x84 bin/wsf_timer.o
                0x0001a160                WsfTimerStartSec
 .text.WsfTimerStartMs
                0x0001a1e4       0x88 bin/wsf_timer.o
                0x0001a1e4                WsfTimerStartMs
 .text.WsfTimerStop
                0x0001a26c       0x44 bin/wsf_timer.o
                0x0001a26c                WsfTimerStop
 .text.WsfTimerServiceExpired
                0x0001a2b0       0x30 bin/wsf_timer.o
                0x0001a2b0                WsfTimerServiceExpired
 .text.WsfTimerUpdateTicks
                0x0001a2e0       0xcc bin/wsf_timer.o
                0x0001a2e0                WsfTimerUpdateTicks
 .text.WsfTrace
                0x0001a3ac       0x40 bin/wsf_trace.o
                0x0001a3ac                WsfTrace
 .text.smprActSendSecurityReq
                0x0001a3ec       0x28 bin/smpr_act.o
                0x0001a3ec                smprActSendSecurityReq
 .text.smprActProcPairReq
                0x0001a414       0x84 bin/smpr_act.o
                0x0001a414                smprActProcPairReq
 .text.smprActSendPairRsp
                0x0001a498       0xa4 bin/smpr_act.o
                0x0001a498                smprActSendPairRsp
 .text.smprActProcPairCnf
                0x0001a53c       0x2c bin/smpr_act.o
                0x0001a53c                smprActProcPairCnf
 .text.smprActProcPairCnfCalc1
                0x0001a568       0x44 bin/smpr_act.o
                0x0001a568                smprActProcPairCnfCalc1
 .text.smprActCnfVerify
                0x0001a5ac       0x64 bin/smpr_act.o
                0x0001a5ac                smprActCnfVerify
 .text.smprActSendPairRandom
                0x0001a610       0x68 bin/smpr_act.o
                0x0001a610                smprActSendPairRandom
 .text.smprActSetupKeyDist
                0x0001a678       0xb0 bin/smpr_act.o
                0x0001a678                smprActSetupKeyDist
 .text.smprActSendKey
                0x0001a728       0x78 bin/smpr_act.o
                0x0001a728                smprActSendKey
 .text.smprActRcvKey
                0x0001a7a0       0x2c bin/smpr_act.o
                0x0001a7a0                smprActRcvKey
 .text.smprScActStoreLescPin
                0x0001a7cc       0x58 bin/smpr_sc_act.o
                0x0001a7cc                smprScActStoreLescPin
 .text.smprScActSendPubKey
                0x0001a824       0x18 bin/smpr_sc_act.o
                0x0001a824                smprScActSendPubKey
 .text.smprScActJwncSetup
                0x0001a83c       0x54 bin/smpr_sc_act.o
                0x0001a83c                smprScActJwncSetup
 .text.smprScActJwncSendCnf
                0x0001a890       0x24 bin/smpr_sc_act.o
                0x0001a890                smprScActJwncSendCnf
 .text.smprScActJwncCalcG2
                0x0001a8b4       0x20 bin/smpr_sc_act.o
                0x0001a8b4                smprScActJwncCalcG2
 .text.smprScActJwncDisplay
                0x0001a8d4       0x24 bin/smpr_sc_act.o
                0x0001a8d4                smprScActJwncDisplay
 .text.smprScActPkStoreCnf
                0x0001a8f8       0x10 bin/smpr_sc_act.o
                0x0001a8f8                smprScActPkStoreCnf
 .text.smprScActPkStoreCnfAndCalcCb
                0x0001a908       0x68 bin/smpr_sc_act.o
                0x0001a908                smprScActPkStoreCnfAndCalcCb
 .text.smprScActPkStorePinAndCalcCb
                0x0001a970       0xa0 bin/smpr_sc_act.o
                0x0001a970                smprScActPkStorePinAndCalcCb
 .text.smprScActPkCalcCb
                0x0001aa10       0x58 bin/smpr_sc_act.o
                0x0001aa10                smprScActPkCalcCb
 .text.smprScActPkSendCnf
                0x0001aa68       0x24 bin/smpr_sc_act.o
                0x0001aa68                smprScActPkSendCnf
 .text.smprScActPkCalcCa
                0x0001aa8c       0x40 bin/smpr_sc_act.o
                0x0001aa8c                smprScActPkCalcCa
 .text.smprScActPkSendRand
                0x0001aacc       0x88 bin/smpr_sc_act.o
                0x0001aacc                smprScActPkSendRand
 .text.smprScActOobSetup
                0x0001ab54        0x8 bin/smpr_sc_act.o
                0x0001ab54                smprScActOobSetup
 .text.smprScActOobCalcCa
                0x0001ab5c       0x7c bin/smpr_sc_act.o
                0x0001ab5c                smprScActOobCalcCa
 .text.smprScActOobSendRand
                0x0001abd8       0x70 bin/smpr_sc_act.o
                0x0001abd8                smprScActOobSendRand
 .text.smprScActStoreDhCheck
                0x0001ac48       0x18 bin/smpr_sc_act.o
                0x0001ac48                smprScActStoreDhCheck
 .text.smprScActWaitDhCheck
                0x0001ac60       0x1c bin/smpr_sc_act.o
                0x0001ac60                smprScActWaitDhCheck
 .text.smprScActCalcDHKey
                0x0001ac7c       0x38 bin/smpr_sc_act.o
                0x0001ac7c                smprScActCalcDHKey
 .text.smprScActDHKeyCheckSend
                0x0001acb4       0xa8 bin/smpr_sc_act.o
                0x0001acb4                smprScActDHKeyCheckSend
 .text.SmprScInit
                0x0001ad5c       0x14 bin/smpr_sc_sm.o
                0x0001ad5c                SmprScInit
 .text.SmprInit
                0x0001ad70       0x24 bin/smpr_sm.o
                0x0001ad70                SmprInit
 .text.smpStartRspTimer
                0x0001ad94        0xc bin/smp_act.o
                0x0001ad94                smpStartRspTimer
 .text.smpActNone
                0x0001ada0        0x4 bin/smp_act.o
                0x0001ada0                smpActNone
 .text.smpActCleanup
                0x0001ada4       0x3c bin/smp_act.o
                0x0001ada4                smpActCleanup
 .text.smpSendPairingFailed
                0x0001ade0       0x24 bin/smp_act.o
                0x0001ade0                smpSendPairingFailed
 .text.smpActPairingFailed
                0x0001ae04       0x54 bin/smp_act.o
                0x0001ae04                smpActPairingFailed
 .text.smpActPairingCancel
                0x0001ae58       0x6c bin/smp_act.o
                0x0001ae58                smpActPairingCancel
 .text.smpActStorePin
                0x0001aec4       0x2c bin/smp_act.o
                0x0001aec4                smpActStorePin
 .text.smpActPairCnfCalc1
                0x0001aef0       0x44 bin/smp_act.o
                0x0001aef0                smpActPairCnfCalc1
 .text.smpActPairCnfCalc2
                0x0001af34        0x8 bin/smp_act.o
                0x0001af34                smpActPairCnfCalc2
 .text.smpActSendPairCnf
                0x0001af3c       0x5c bin/smp_act.o
                0x0001af3c                smpActSendPairCnf
 .text.smpActPairCnfVerCalc1
                0x0001af98       0x30 bin/smp_act.o
                0x0001af98                smpActPairCnfVerCalc1
 .text.smpActPairCnfVerCalc2
                0x0001afc8        0x8 bin/smp_act.o
                0x0001afc8                smpActPairCnfVerCalc2
 .text.smpSendKey
                0x0001afd0      0x1bc bin/smp_act.o
                0x0001afd0                smpSendKey
 .text.smpProcRcvKey
                0x0001b18c       0xe8 bin/smp_act.o
                0x0001b18c                smpProcRcvKey
 .text.smpActMaxAttempts
                0x0001b274       0x84 bin/smp_act.o
                0x0001b274                smpActMaxAttempts
 .text.smpActAttemptRcvd
                0x0001b2f8        0x8 bin/smp_act.o
                0x0001b2f8                smpActAttemptRcvd
 .text.smpActNotifyDmAttemptsFailure
                0x0001b300        0xc bin/smp_act.o
                0x0001b300                smpActNotifyDmAttemptsFailure
 .text.smpActNotifyDmRspToFailure
                0x0001b30c        0xc bin/smp_act.o
                0x0001b30c                smpActNotifyDmRspToFailure
 .text.smpActCheckAttempts
                0x0001b318       0x6c bin/smp_act.o
                0x0001b318                smpActCheckAttempts
 .text.smpActPairingCmpl
                0x0001b384       0x64 bin/smp_act.o
                0x0001b384                smpActPairingCmpl
 .text.smpSmExecute
                0x0001b3e8       0x74 bin/smp_act.o
                0x0001b3e8                smpSmExecute
 .text.smpProcPairing
                0x0001b45c      0x11c bin/smp_act.o
                0x0001b45c                smpProcPairing
 .text.smpAuthReq
                0x0001b578       0x54 bin/smp_act.o
                0x0001b578                smpAuthReq
 .text.smpDbGetRecord
                0x0001b5cc       0xd0 bin/smp_db.o
 .text.SmpDbInit
                0x0001b69c       0x3c bin/smp_db.o
                0x0001b69c                SmpDbInit
 .text.SmpDbGetPairingDisabledTime
                0x0001b6d8       0x24 bin/smp_db.o
                0x0001b6d8                SmpDbGetPairingDisabledTime
 .text.SmpDbSetFailureCount
                0x0001b6fc       0x30 bin/smp_db.o
                0x0001b6fc                SmpDbSetFailureCount
 .text.SmpDbGetFailureCount
                0x0001b72c       0x20 bin/smp_db.o
                0x0001b72c                SmpDbGetFailureCount
 .text.SmpDbMaxAttemptReached
                0x0001b74c       0x70 bin/smp_db.o
                0x0001b74c                SmpDbMaxAttemptReached
 .text.SmpDbPairingFailed
                0x0001b7bc       0x28 bin/smp_db.o
                0x0001b7bc                SmpDbPairingFailed
 .text.SmpDbService
                0x0001b7e4      0x1e4 bin/smp_db.o
                0x0001b7e4                SmpDbService
 .text.smpL2cDataCback
                0x0001b9c8       0xa0 bin/smp_main.o
 .text.smpDmConnCback
                0x0001ba68      0x118 bin/smp_main.o
 .text.smpL2cCtrlCback
                0x0001bb80       0x6c bin/smp_main.o
 .text.smpCcbByConnId
                0x0001bbec       0x14 bin/smp_main.o
                0x0001bbec                smpCcbByConnId
 .text.smpCalcC1Part1
                0x0001bc00      0x148 bin/smp_main.o
                0x0001bc00                smpCalcC1Part1
 .text.smpCalcC1Part2
                0x0001bd48      0x1dc bin/smp_main.o
                0x0001bd48                smpCalcC1Part2
 .text.smpCalcS1
                0x0001bf24       0x54 bin/smp_main.o
                0x0001bf24                smpCalcS1
 .text.smpGenerateLtk
                0x0001bf78       0x60 bin/smp_main.o
                0x0001bf78                smpGenerateLtk
 .text.smpSendPkt
                0x0001bfd8       0x40 bin/smp_main.o
                0x0001bfd8                smpSendPkt
 .text.smpMsgAlloc
                0x0001c018        0x8 bin/smp_main.o
                0x0001c018                smpMsgAlloc
 .text.SmpDmMsgSend
                0x0001c020       0x10 bin/smp_main.o
                0x0001c020                SmpDmMsgSend
 .text.SmpDmEncryptInd
                0x0001c030       0x30 bin/smp_main.o
                0x0001c030                SmpDmEncryptInd
 .text.smpGetScSecLevel
                0x0001c060       0x24 bin/smp_main.o
                0x0001c060                smpGetScSecLevel
 .text.SmpDmGetStk
                0x0001c084       0x84 bin/smp_main.o
                0x0001c084                SmpDmGetStk
 .text.SmpHandlerInit
                0x0001c108       0x64 bin/smp_main.o
                0x0001c108                SmpHandlerInit
 .text.SmpHandler
                0x0001c16c       0xa0 bin/smp_main.o
                0x0001c16c                SmpHandler
 .text.smpScCatInitiatorBdAddr
                0x0001c20c       0x70 bin/smp_sc_act.o
 .text.smpScCatResponderBdAddr
                0x0001c27c       0x70 bin/smp_sc_act.o
 .text.smpScProcPairing
                0x0001c2ec      0x2e0 bin/smp_sc_act.o
                0x0001c2ec                smpScProcPairing
 .text.smpScAuthReq
                0x0001c5cc       0x60 bin/smp_sc_act.o
                0x0001c5cc                smpScAuthReq
 .text.smpScActCleanup
                0x0001c62c       0x14 bin/smp_sc_act.o
                0x0001c62c                smpScActCleanup
 .text.smpScActPairingFailed
                0x0001c640       0x1c bin/smp_sc_act.o
                0x0001c640                smpScActPairingFailed
 .text.smpScActPairingCancel
                0x0001c65c       0x28 bin/smp_sc_act.o
                0x0001c65c                smpScActPairingCancel
 .text.smpScActAuthSelect
                0x0001c684       0x80 bin/smp_sc_act.o
                0x0001c684                smpScActAuthSelect
 .text.smpScActPkSetup
                0x0001c704       0x34 bin/smp_sc_act.o
                0x0001c704                smpScActPkSetup
 .text.smpScActJwncCalcF4
                0x0001c738       0x9c bin/smp_sc_act.o
                0x0001c738                smpScActJwncCalcF4
 .text.smpScActJwncCalcG2
                0x0001c7d4       0x64 bin/smp_sc_act.o
                0x0001c7d4                smpScActJwncCalcG2
 .text.smpScActJwncDisplay
                0x0001c838       0x58 bin/smp_sc_act.o
                0x0001c838                smpScActJwncDisplay
 .text.smpScActPkKeypress
                0x0001c890       0x48 bin/smp_sc_act.o
                0x0001c890                smpScActPkKeypress
 .text.smpScActPkSendKeypress
                0x0001c8d8       0x40 bin/smp_sc_act.o
                0x0001c8d8                smpScActPkSendKeypress
 .text.smpScActCalcSharedSecret
                0x0001c918       0x9c bin/smp_sc_act.o
                0x0001c918                smpScActCalcSharedSecret
 .text.smpScActCalcF5TKey
                0x0001c9b4       0xa4 bin/smp_sc_act.o
                0x0001c9b4                smpScActCalcF5TKey
 .text.smpScActCalcF5MacKey
                0x0001ca58       0x84 bin/smp_sc_act.o
                0x0001ca58                smpScActCalcF5MacKey
 .text.smpScActCalcF5Ltk
                0x0001cadc       0x7c bin/smp_sc_act.o
                0x0001cadc                smpScActCalcF5Ltk
 .text.smpScActDHKeyCalcF6Ea
                0x0001cb58       0x84 bin/smp_sc_act.o
                0x0001cb58                smpScActDHKeyCalcF6Ea
 .text.smpScActDHKeyCalcF6Eb
                0x0001cbdc       0x84 bin/smp_sc_act.o
                0x0001cbdc                smpScActDHKeyCalcF6Eb
 .text.SmpScAllocScratchBuffers
                0x0001cc60       0x80 bin/smp_sc_main.o
                0x0001cc60                SmpScAllocScratchBuffers
 .text.SmpScFreeScratchBuffers
                0x0001cce0       0x50 bin/smp_sc_main.o
                0x0001cce0                SmpScFreeScratchBuffers
 .text.SmpScCmac
                0x0001cd30       0x44 bin/smp_sc_main.o
                0x0001cd30                SmpScCmac
 .text.SmpScAlloc
                0x0001cd74       0x24 bin/smp_sc_main.o
                0x0001cd74                SmpScAlloc
 .text.SmpScCalcF4
                0x0001cd98       0xb0 bin/smp_sc_main.o
                0x0001cd98                SmpScCalcF4
 .text.SmpScInit
                0x0001ce48       0x3c bin/smp_sc_main.o
                0x0001ce48                SmpScInit
 .text.SmpScCat
                0x0001ce84       0x10 bin/smp_sc_main.o
                0x0001ce84                SmpScCat
 .text.SmpScCat128
                0x0001ce94       0x10 bin/smp_sc_main.o
                0x0001ce94                SmpScCat128
 .text.smpScSendPubKey
                0x0001cea4       0x60 bin/smp_sc_main.o
                0x0001cea4                smpScSendPubKey
 .text.smpScSendDHKeyCheck
                0x0001cf04       0x50 bin/smp_sc_main.o
                0x0001cf04                smpScSendDHKeyCheck
 .text.smpScSendRand
                0x0001cf54       0x50 bin/smp_sc_main.o
                0x0001cf54                smpScSendRand
 .text.smpScSendPairCnf
                0x0001cfa4       0x50 bin/smp_sc_main.o
                0x0001cfa4                smpScSendPairCnf
 .text.smpGetPkBit
                0x0001cff4       0x24 bin/smp_sc_main.o
                0x0001cff4                smpGetPkBit
 .text.SmpScGetCancelMsgWithReattempt
                0x0001d018       0x4c bin/smp_sc_main.o
                0x0001d018                SmpScGetCancelMsgWithReattempt
 .text.smpScFailWithReattempt
                0x0001d064       0x60 bin/smp_sc_main.o
                0x0001d064                smpScFailWithReattempt
 .text.smpLogByteArray
                0x0001d0c4       0xd8 bin/smp_sc_main.o
                0x0001d0c4                smpLogByteArray
 .text.pvPortMalloc
                0x0001d19c       0xbc bin/heap_2.o
                0x0001d19c                pvPortMalloc
 .text.vPortFree
                0x0001d258       0x40 bin/heap_2.o
                0x0001d258                vPortFree
 .text.am_util_delay_ms
                0x0001d298       0x28 bin/am_util_delay.o
                0x0001d298                am_util_delay_ms
 .text.am_util_delay_us
                0x0001d2c0       0x28 bin/am_util_delay.o
                0x0001d2c0                am_util_delay_us
 .text.HardFault_Handler
                0x0001d2e8       0x1c bin/am_util_faultisr.o
                0x0001d2e8                HardFault_Handler
 .text.getStackedReg
                0x0001d304        0x8 bin/am_util_faultisr.o
                0x0001d304                getStackedReg
 .text.am_util_faultisr_collect_data
                0x0001d30c       0xc4 bin/am_util_faultisr.o
                0x0001d30c                am_util_faultisr_collect_data
 .text.divu64_10
                0x0001d3d0       0xb8 bin/am_util_stdio.o
 .text.uint64_to_str
                0x0001d488      0x104 bin/am_util_stdio.o
 .text.am_util_stdio_printf_init
                0x0001d58c        0xc bin/am_util_stdio.o
                0x0001d58c                am_util_stdio_printf_init
 .text.am_util_stdio_vsprintf
                0x0001d598      0x8f8 bin/am_util_stdio.o
                0x0001d598                am_util_stdio_vsprintf
 .text.am_util_stdio_printf
                0x0001de90       0x34 bin/am_util_stdio.o
                0x0001de90                am_util_stdio_printf
 .text.xEventGroupCreate
                0x0001dec4       0x1c bin/event_groups.o
                0x0001dec4                xEventGroupCreate
 .text.xEventGroupWaitBits
                0x0001dee0       0xcc bin/event_groups.o
                0x0001dee0                xEventGroupWaitBits
 .text.xEventGroupSetBits
                0x0001dfac       0x74 bin/event_groups.o
                0x0001dfac                xEventGroupSetBits
 .text.vEventGroupSetBitsCallback
                0x0001e020       0x70 bin/event_groups.o
                0x0001e020                vEventGroupSetBitsCallback
 .text.vListInitialise
                0x0001e090       0x18 bin/list.o
                0x0001e090                vListInitialise
 .text.vListInitialiseItem
                0x0001e0a8        0x8 bin/list.o
                0x0001e0a8                vListInitialiseItem
 .text.vListInsertEnd
                0x0001e0b0       0x20 bin/list.o
                0x0001e0b0                vListInsertEnd
 .text.vListInsert
                0x0001e0d0       0x30 bin/list.o
                0x0001e0d0                vListInsert
 .text.uxListRemove
                0x0001e100       0x28 bin/list.o
                0x0001e100                uxListRemove
 .text.xQueueGenericCreate
                0x0001e128       0x78 bin/queue.o
                0x0001e128                xQueueGenericCreate
 .text.xQueueGenericSend
                0x0001e1a0      0x324 bin/queue.o
                0x0001e1a0                xQueueGenericSend
 .text.xQueueGenericSendFromISR
                0x0001e4c4      0x11c bin/queue.o
                0x0001e4c4                xQueueGenericSendFromISR
 .text.xQueueReceive
                0x0001e5e0      0x2d4 bin/queue.o
                0x0001e5e0                xQueueReceive
 .text.vQueueWaitForMessageRestricted
                0x0001e8b4       0xc8 bin/queue.o
                0x0001e8b4                vQueueWaitForMessageRestricted
 .text.vTaskSwitchContext.part.0
                0x0001e97c       0xc0 bin/tasks.o
 .text.xTaskCreate
                0x0001ea3c      0x260 bin/tasks.o
                0x0001ea3c                xTaskCreate
 .text.vTaskSuspend
                0x0001ec9c       0xe0 bin/tasks.o
                0x0001ec9c                vTaskSuspend
 .text.vTaskStartScheduler
                0x0001ed7c      0x1cc bin/tasks.o
                0x0001ed7c                vTaskStartScheduler
 .text.vTaskSuspendAll
                0x0001ef48       0x10 bin/tasks.o
                0x0001ef48                vTaskSuspendAll
 .text.xTaskGetTickCount
                0x0001ef58        0xc bin/tasks.o
                0x0001ef58                xTaskGetTickCount
 .text.vTaskStepTick
                0x0001ef64       0x20 bin/tasks.o
                0x0001ef64                vTaskStepTick
 .text.xTaskIncrementTick
                0x0001ef84      0x134 bin/tasks.o
                0x0001ef84                xTaskIncrementTick
 .text.xTaskResumeAll.part.0
                0x0001f0b8      0x120 bin/tasks.o
 .text.xTaskResumeAll
                0x0001f1d8       0x10 bin/tasks.o
                0x0001f1d8                xTaskResumeAll
 .text.vTaskDelayUntil
                0x0001f1e8       0xb0 bin/tasks.o
                0x0001f1e8                vTaskDelayUntil
 .text.prvIdleTask
                0x0001f298       0xcc bin/tasks.o
 .text.vTaskSwitchContext
                0x0001f364       0x1c bin/tasks.o
                0x0001f364                vTaskSwitchContext
 .text.vTaskPlaceOnEventList
                0x0001f380       0x78 bin/tasks.o
                0x0001f380                vTaskPlaceOnEventList
 .text.vTaskPlaceOnUnorderedEventList
                0x0001f3f8       0x8c bin/tasks.o
                0x0001f3f8                vTaskPlaceOnUnorderedEventList
 .text.vTaskPlaceOnEventListRestricted
                0x0001f484       0x84 bin/tasks.o
                0x0001f484                vTaskPlaceOnEventListRestricted
 .text.xTaskRemoveFromEventList
                0x0001f508       0xa8 bin/tasks.o
                0x0001f508                xTaskRemoveFromEventList
 .text.vTaskRemoveFromUnorderedEventList
                0x0001f5b0       0x68 bin/tasks.o
                0x0001f5b0                vTaskRemoveFromUnorderedEventList
 .text.vTaskInternalSetTimeOutState
                0x0001f618       0x18 bin/tasks.o
                0x0001f618                vTaskInternalSetTimeOutState
 .text.xTaskCheckForTimeOut
                0x0001f630       0x70 bin/tasks.o
                0x0001f630                xTaskCheckForTimeOut
 .text.vTaskMissedYield
                0x0001f6a0        0xc bin/tasks.o
                0x0001f6a0                vTaskMissedYield
 .text.eTaskConfirmSleepModeStatus
                0x0001f6ac       0x38 bin/tasks.o
                0x0001f6ac                eTaskConfirmSleepModeStatus
 .text.xTaskGetSchedulerState
                0x0001f6e4       0x20 bin/tasks.o
                0x0001f6e4                xTaskGetSchedulerState
 .text.uxTaskResetEventItemValue
                0x0001f704       0x18 bin/tasks.o
                0x0001f704                uxTaskResetEventItemValue
 .text.prvSwitchTimerLists
                0x0001f71c       0x88 bin/timers.o
 .text.prvTimerTask
                0x0001f7a4      0x228 bin/timers.o
 .text.xTimerCreateTimerTask
                0x0001f9cc       0x7c bin/timers.o
                0x0001f9cc                xTimerCreateTimerTask
 .text.xTimerCreate
                0x0001fa48       0x90 bin/timers.o
                0x0001fa48                xTimerCreate
 .text.xTimerGenericCommand
                0x0001fad8       0x5c bin/timers.o
                0x0001fad8                xTimerGenericCommand
 .text.xTimerPendFunctionCallFromISR
                0x0001fb34       0x28 bin/timers.o
                0x0001fb34                xTimerPendFunctionCallFromISR
 .text.SvcCoreAddGroup
                0x0001fb5c       0x1c bin/svc_core.o
                0x0001fb5c                SvcCoreAddGroup
 .text.SvcCoreGattCbackRegister
                0x0001fb78        0xc bin/svc_core.o
                0x0001fb78                SvcCoreGattCbackRegister
 .text.SvcCoreGapCentAddrResUpdate
                0x0001fb84        0xc bin/svc_core.o
                0x0001fb84                SvcCoreGapCentAddrResUpdate
 .text.SvcDisAddGroup
                0x0001fb90        0xc bin/svc_dis.o
                0x0001fb90                SvcDisAddGroup
 .text.am_devices_button_array_init
                0x0001fb9c       0x38 bin/am_devices_button.o
                0x0001fb9c                am_devices_button_array_init
 .text.am_devices_button_array_tick
                0x0001fbd4       0x7c bin/am_devices_button.o
                0x0001fbd4                am_devices_button_array_tick
 .text.appDiscStart
                0x0001fc50       0xd4 bin/app_disc.o